###############################################################################
#
# IAR ELF Linker V2.10.4.157 for STM8                     05/Dec/2017  16:52:43
# Copyright 2010-2015 IAR Systems AB.
#
#    Output file  =  
#        C:\Users\xs\Desktop\stm8_uart_oled--newKey\Debug\Exe\demo.out
#    Map file     =  
#        C:\Users\xs\Desktop\stm8_uart_oled--newKey\Debug\List\demo.map
#    Command line =  
#        C:\Users\xs\Desktop\stm8_uart_oled--newKey\Debug\Obj\beep.o
#        C:\Users\xs\Desktop\stm8_uart_oled--newKey\Debug\Obj\key.o
#        C:\Users\xs\Desktop\stm8_uart_oled--newKey\Debug\Obj\LCD_ZK.o
#        C:\Users\xs\Desktop\stm8_uart_oled--newKey\Debug\Obj\main.o
#        C:\Users\xs\Desktop\stm8_uart_oled--newKey\BSP\mini-printf.a
#        C:\Users\xs\Desktop\stm8_uart_oled--newKey\Debug\Obj\queue.o
#        C:\Users\xs\Desktop\stm8_uart_oled--newKey\Debug\Obj\stm8l15x_adc.o
#        C:\Users\xs\Desktop\stm8_uart_oled--newKey\Debug\Obj\stm8l15x_aes.o
#        C:\Users\xs\Desktop\stm8_uart_oled--newKey\Debug\Obj\stm8l15x_beep.o
#        C:\Users\xs\Desktop\stm8_uart_oled--newKey\Debug\Obj\stm8l15x_clk.o
#        C:\Users\xs\Desktop\stm8_uart_oled--newKey\Debug\Obj\stm8l15x_comp.o
#        C:\Users\xs\Desktop\stm8_uart_oled--newKey\Debug\Obj\stm8l15x_dac.o
#        C:\Users\xs\Desktop\stm8_uart_oled--newKey\Debug\Obj\stm8l15x_dma.o
#        C:\Users\xs\Desktop\stm8_uart_oled--newKey\Debug\Obj\stm8l15x_exti.o
#        C:\Users\xs\Desktop\stm8_uart_oled--newKey\Debug\Obj\stm8l15x_flash.o
#        C:\Users\xs\Desktop\stm8_uart_oled--newKey\Debug\Obj\stm8l15x_gpio.o
#        C:\Users\xs\Desktop\stm8_uart_oled--newKey\Debug\Obj\stm8l15x_i2c.o
#        C:\Users\xs\Desktop\stm8_uart_oled--newKey\Debug\Obj\stm8l15x_irtim.o
#        C:\Users\xs\Desktop\stm8_uart_oled--newKey\Debug\Obj\stm8l15x_it.o
#        C:\Users\xs\Desktop\stm8_uart_oled--newKey\Debug\Obj\stm8l15x_itc.o
#        C:\Users\xs\Desktop\stm8_uart_oled--newKey\Debug\Obj\stm8l15x_iwdg.o
#        C:\Users\xs\Desktop\stm8_uart_oled--newKey\Debug\Obj\stm8l15x_lcd.o
#        C:\Users\xs\Desktop\stm8_uart_oled--newKey\Debug\Obj\stm8l15x_pwr.o
#        C:\Users\xs\Desktop\stm8_uart_oled--newKey\Debug\Obj\stm8l15x_rst.o
#        C:\Users\xs\Desktop\stm8_uart_oled--newKey\Debug\Obj\stm8l15x_rtc.o
#        C:\Users\xs\Desktop\stm8_uart_oled--newKey\Debug\Obj\stm8l15x_spi.o
#        C:\Users\xs\Desktop\stm8_uart_oled--newKey\Debug\Obj\stm8l15x_syscfg.o
#        C:\Users\xs\Desktop\stm8_uart_oled--newKey\Debug\Obj\stm8l15x_tim1.o
#        C:\Users\xs\Desktop\stm8_uart_oled--newKey\Debug\Obj\stm8l15x_tim2.o
#        C:\Users\xs\Desktop\stm8_uart_oled--newKey\Debug\Obj\stm8l15x_tim3.o
#        C:\Users\xs\Desktop\stm8_uart_oled--newKey\Debug\Obj\stm8l15x_tim4.o
#        C:\Users\xs\Desktop\stm8_uart_oled--newKey\Debug\Obj\stm8l15x_tim5.o
#        C:\Users\xs\Desktop\stm8_uart_oled--newKey\Debug\Obj\stm8l15x_usart.o
#        C:\Users\xs\Desktop\stm8_uart_oled--newKey\Debug\Obj\stm8l15x_wfe.o
#        C:\Users\xs\Desktop\stm8_uart_oled--newKey\Debug\Obj\stm8l15x_wwdg.o
#        C:\Users\xs\Desktop\stm8_uart_oled--newKey\Debug\Obj\sysclk.o
#        C:\Users\xs\Desktop\stm8_uart_oled--newKey\Debug\Obj\timer.o
#        C:\Users\xs\Desktop\stm8_uart_oled--newKey\Debug\Obj\uart.o -o
#        C:\Users\xs\Desktop\stm8_uart_oled--newKey\Debug\Exe\demo.out --map
#        C:\Users\xs\Desktop\stm8_uart_oled--newKey\Debug\List\demo.map
#        --config D:\IAR\stm8\config\lnkstm8l152k4.icf --config_def
#        _CSTACK_SIZE=0x100 --config_def _HEAP_SIZE=0x258 --entry
#        __iar_program_start --debug_lib
#
###############################################################################

*******************************************************************************
*** RUNTIME MODEL ATTRIBUTES
***

__Heap_Handler             = Basic
__SystemLibrary            = DLib
__code_model               = medium_or_large
__core                     = stm8
__data_model               = medium
__dlib_file_descriptor     = 0
__dlib_full_locale_support = 0
__rt_version               = 4


*******************************************************************************
*** PLACEMENT SUMMARY
***

"A1":  place at start of [0x000000-0x0000ff] { rw section .vregs };
"A2":  place at end of [0x000000-0x0007ff] { block CSTACK };
"P2":  place in [from 0x000000 to 0x0007ff] {
          block HEAP, rw section __DLIB_PERTHREAD, rw section .far.bss,
          rw section .far.data, rw section .far.noinit,
          rw section .far_func.textrw, rw section .huge.bss,
          rw section .huge.data, rw section .huge.noinit,
          rw section .huge_func.textrw, rw section .iar.dynexit,
          rw section .near.bss, rw section .near.data, rw section .near.noinit,
          rw section .near_func.textrw };
"A3":  place at start of [0x008000-0x00bfff] { block INTVEC };
"P3":  place in [from 0x008000 to 0x00bfff] {
          ro section __DLIB_PERTHREAD_init, ro section .far.data_init,
          ro section .far_func.textrw_init, ro section .huge.data_init,
          ro section .huge_func.textrw_init, ro section .iar.init_table,
          ro section .init_array, ro section .near.data_init,
          ro section .near.rodata, ro section .near_func.text,
          ro section .near_func.textrw_init, ro section .tiny.data_init,
          ro section .tiny.rodata_init };
"P4":  place in [from 0x008000 to 0x00bfff] {
          ro section .far.rodata, ro section .far_func.text };

  Section            Kind      Address    Size  Object
  -------            ----      -------    ----  ------
"A1":                                     0x10
  .vregs             uninit   0x000000    0x10  vregs.o [4]
                            - 0x000010    0x10

"P2":                                    0x516
  P2 s0                       0x000010     0x3  <Init block>
    .near.data       inited   0x000010     0x3  main.o [1]
  .near.bss          zero     0x000013   0x130  main.o [1]
  .near.bss          zero     0x000143   0x130  main.o [1]
  .near.bss          zero     0x000273    0x40  stm8l15x_it.o [1]
  .near.bss          zero     0x0002b3     0x4  LCD_ZK.o [1]
  .near.bss          zero     0x0002b7     0x4  xxmemxmalloc.o [4]
  .near.bss          zero     0x0002bb     0x3  mini-printf.o [5]
  .near.bss          zero     0x0002be     0x2  stm8l15x_it.o [1]
  .near.bss          zero     0x0002c0     0x2  stm8l15x_it.o [1]
  .near.bss          zero     0x0002c2     0x2  xgetmemchunk.o [4]
  .near.bss          zero     0x0002c4     0x1  key.o [1]
  .near.bss          zero     0x0002c5     0x1  key.o [1]
  .near.bss          zero     0x0002c6     0x1  main.o [1]
  .near.bss          zero     0x0002c7     0x1  main.o [1]
  .near.bss          zero     0x0002c8     0x1  main.o [1]
  .near.bss          zero     0x0002c9     0x1  main.o [1]
  .near.bss          zero     0x0002ca     0x1  main.o [1]
  .near.bss          zero     0x0002cb     0x1  main.o [1]
  .near.bss          zero     0x0002cc     0x1  main.o [1]
  .near.bss          zero     0x0002cd     0x1  uart.o [1]
  HEAP                        0x0002ce   0x258  <Block>
    HEAP             uninit   0x0002ce   0x258  <Block tail>
                            - 0x000526   0x516

"A2":                                    0x100
  CSTACK                      0x000700   0x100  <Block>
    CSTACK           uninit   0x000700   0x100  <Block tail>
                            - 0x000800   0x100

Absolute sections:                         0x1
  .near.noinit       uninit   0x005000     0x1  beep.o [1]
                            - 0x005001     0x1

"A3":                                     0x80
  INTVEC                      0x008000    0x80  <Block>
    .intvec          const    0x008000    0x80  interrupt.o [4]
                            - 0x008080    0x80

"P3":                                    0x4cd
  .near.rodata       const    0x008080   0x400  LCD_ZK.o [1]
  .iar.init_table    const    0x008480    0x14  - Linker created -
  .near.rodata       const    0x008494    0x14  main.o [1]
  .near.rodata       const    0x0084a8    0x11  main.o [1]
  .near.rodata       const    0x0084b9    0x11  main.o [1]
  .near.rodata       const    0x0084ca    0x10  main.o [1]
  .near.rodata       const    0x0084da    0x10  main.o [1]
  .near.rodata       const    0x0084ea    0x10  main.o [1]
  .near.rodata       const    0x0084fa     0xf  main.o [1]
  .near.rodata       const    0x008509     0xe  main.o [1]
  .near.rodata       const    0x008517     0xd  main.o [1]
  .near.rodata       const    0x008524     0xc  main.o [1]
  .near.rodata       const    0x008530     0xa  main.o [1]
  .near.rodata       const    0x00853a     0x8  main.o [1]
  .near.rodata       const    0x008542     0x5  stm8l15x_clk.o [1]
  .near.rodata       const    0x008547     0x3  main.o [1]
  Initializer bytes  const    0x00854a     0x3  <for P2 s0>
                            - 0x00854d   0x4cd

"P4":                                   0x246f
  .far_func.text     ro code  0x00854d   0x4e6  main.o [1]
  .far_func.text     ro code  0x008a33   0x341  LCD_ZK.o [1]
  .far_func.text     ro code  0x008d74   0x1a6  mini-printf.o [5]
  .far_func.text     ro code  0x008f1a   0x17c  uart.o [1]
  .far_func.text     ro code  0x009096   0x128  long.o [4]
  .far_func.text     ro code  0x0091be   0x11a  LCD_ZK.o [1]
  .far_func.text     ro code  0x0092d8   0x117  vreg_util.o [4]
  .far_func.text     ro code  0x0093ef   0x103  mini-printf.o [5]
  .far_func.text     ro code  0x0094f2    0xe6  LCD_ZK.o [1]
  .far_func.text     ro code  0x0095d8    0xe4  stm8l15x_usart.o [1]
  .far_func.text     ro code  0x0096bc    0xd4  xxmemxfree.o [4]
  .far_func.text     ro code  0x009790    0xae  stm8l15x_gpio.o [1]
  .far_func.text     ro code  0x00983e    0xab  stm8l15x_usart.o [1]
  .far_func.text     ro code  0x0098e9    0xa9  stm8l15x_it.o [1]
  .far_func.text     ro code  0x009992    0x97  xxmemxmalloc.o [4]
  .far_func.text     ro code  0x009a29    0x96  stm8l15x_usart.o [1]
  .far_func.text     ro code  0x009abf    0x8f  stm8l15x_clk.o [1]
  .far_func.text     ro code  0x009b4e    0x8e  mini-printf.o [5]
  .far_func.text     ro code  0x009bdc    0x8d  main.o [1]
  .far_func.text     ro code  0x009c69    0x8a  stm8l15x_it.o [1]
  .far_func.text     ro code  0x009cf3    0x84  uart.o [1]
  .far_func.text     ro code  0x009d77    0x7e  stm8l15x_clk.o [1]
  .far_func.text     ro code  0x009df5    0x77  LCD_ZK.o [1]
  .far_func.text     ro code  0x009e6c    0x70  LCD_ZK.o [1]
  .far_func.text     ro code  0x009edc    0x70  xxmemxmalloc.o [4]
  .far_func.text     ro code  0x009f4c    0x65  LCD_ZK.o [1]
  .far_func.text     ro code  0x009fb1    0x63  key.o [1]
  .far_func.text     ro code  0x00a014    0x60  LCD_ZK.o [1]
  .far_func.text     ro code  0x00a074    0x5a  LCD_ZK.o [1]
  .far_func.text     ro code  0x00a0ce    0x5a  queue.o [1]
  .far_func.text     ro code  0x00a128    0x56  LCD_ZK.o [1]
  .far_func.text     ro code  0x00a17e    0x51  LCD_ZK.o [1]
  .far_func.text     ro code  0x00a1cf    0x50  queue.o [1]
  .far_func.text     ro code  0x00a21f    0x4f  queue.o [1]
  .far_func.text     ro code  0x00a26e    0x4e  key.o [1]
  .far_func.text     ro code  0x00a2bc    0x4c  LCD_ZK.o [1]
  .far_func.text     ro code  0x00a308    0x4b  stm8l15x_adc.o [1]
  .far_func.text     ro code  0x00a353    0x48  main.o [1]
  .far_func.text     ro code  0x00a39b    0x48  mini-printf.o [5]
  .far_func.text     ro code  0x00a3e3    0x45  uart.o [1]
  .far_func.text     ro code  0x00a428    0x40  queue.o [1]
  .far_func.text     ro code  0x00a468    0x37  LCD_ZK.o [1]
  .far_func.text     ro code  0x00a49f    0x34  beep.o [1]
  .far_func.text     ro code  0x00a4d3    0x34  key.o [1]
  .far_func.text     ro code  0x00a507    0x31  stm8l15x_it.o [1]
  .far_func.text     ro code  0x00a538    0x2f  stm8l15x_pwr.o [1]
  .far_func.text     ro code  0x00a567    0x2d  stm8l15x_tim2.o [1]
  .far_func.text     ro code  0x00a594    0x2b  stm8l15x_adc.o [1]
  .far_func.text     ro code  0x00a5bf    0x2b  sysclk.o [1]
  .far_func.text     ro code  0x00a5ea    0x2a  stm8l15x_tim2.o [1]
  .far_func.text     ro code  0x00a614    0x29  timer.o [1]
  .far_func.text     ro code  0x00a63d    0x28  init_small.o [4]
  .far_func.text     ro code  0x00a665    0x27  stm8l15x_pwr.o [1]
  .far_func.text     ro code  0x00a68c    0x26  short.o [4]
  .far_func.text     ro code  0x00a6b2    0x25  stm8l15x_adc.o [1]
  .far_func.text     ro code  0x00a6d7    0x24  main.o [1]
  .far_func.text     ro code  0x00a6fb    0x24  long_util.o [4]
  .far_func.text     ro code  0x00a71f    0x21  queue.o [1]
  .far_func.text     ro code  0x00a740    0x21  stm8l15x_usart.o [1]
  .far_func.text     ro code  0x00a761    0x20  stm8l15x_usart.o [1]
  .far_func.text     ro code  0x00a781    0x1e  queue.o [1]
  .far_func.text     ro code  0x00a79f    0x1e  init.o [4]
  .far_func.text     ro code  0x00a7bd    0x1e  init_small.o [4]
  .far_func.text     ro code  0x00a7db    0x1d  stm8l15x_it.o [1]
  .far_func.text     ro code  0x00a7f8    0x1d  uart.o [1]
  .far_func.text     ro code  0x00a815    0x1c  far_util.o [4]
  .far_func.text     ro code  0x00a831    0x1b  queue.o [1]
  .far_func.text     ro code  0x00a84c    0x19  xgetmemchunk.o [4]
  .far_func.text     ro code  0x00a865    0x17  cstartup.o [4]
  .far_func.text     ro code  0x00a87c    0x16  __dbg_xxexit.o [3]
  .far_func.text     ro code  0x00a892    0x15  stm8l15x_adc.o [1]
  .far_func.text     ro code  0x00a8a7    0x15  memset.o [4]
  .far_func.text     ro code  0x00a8bc    0x13  LCD_ZK.o [1]
  .far_func.text     ro code  0x00a8cf    0x13  queue.o [1]
  .far_func.text     ro code  0x00a8e2    0x11  mini-printf.o [5]
  .far_func.text     ro code  0x00a8f3     0xd  key.o [1]
  .far_func.text     ro code  0x00a900     0xd  stm8l15x_adc.o [1]
  .far_func.text     ro code  0x00a90d     0xd  stm8l15x_adc.o [1]
  .far_func.text     ro code  0x00a91a     0xd  move.o [4]
  .far_func.text     ro code  0x00a927     0xa  stm8l15x_it.o [1]
  .far_func.text     ro code  0x00a931     0x9  beep.o [1]
  .far_func.text     ro code  0x00a93a     0x9  uart.o [1]
  .far_func.text     ro code  0x00a943     0x8  xxmemxmalloc.o [4]
  .far_func.text     ro code  0x00a94b     0x7  mini-printf.o [5]
  .far_func.text     ro code  0x00a952     0x6  key.o [1]
  .far_func.text     ro code  0x00a958     0x6  stm8l15x_adc.o [1]
  .far_func.text     ro code  0x00a95e     0x6  cexit.o [4]
  .far_func.text     ro code  0x00a964     0x5  stm8l15x_adc.o [1]
  .far_func.text     ro code  0x00a969     0x5  stm8l15x_pwr.o [1]
  .far_func.text     ro code  0x00a96e     0x5  stm8l15x_tim2.o [1]
  .far_func.text     ro code  0x00a973     0x5  stm8l15x_tim3.o [1]
  .far_func.text     ro code  0x00a978     0x5  sysclk.o [1]
  .far_func.text     ro code  0x00a97d     0x4  stm8l15x_clk.o [1]
  .far_func.text     ro code  0x00a981     0x4  stm8l15x_gpio.o [1]
  .far_func.text     ro code  0x00a985     0x4  stm8l15x_it.o [1]
  .far_func.text     ro code  0x00a989     0x4  interrupt.o [4]
  .far_func.text     ro code  0x00a98d     0x4  exit.o [4]
  .far_func.text     ro code  0x00a991     0x3  stm8l15x_gpio.o [1]
  .far_func.text     ro code  0x00a994     0x3  stm8l15x_gpio.o [1]
  .far_func.text     ro code  0x00a997     0x3  stm8l15x_gpio.o [1]
  .far_func.text     ro code  0x00a99a     0x3  stm8l15x_usart.o [1]
  .far_func.text     ro code  0x00a99d     0x3  low_level_init.o [4]
  .far_func.text     ro code  0x00a9a0     0x3  unhandled_exception.o [4]
  .far_func.text     ro code  0x00a9a3     0x1  stm8l15x_it.o [1]
  .far_func.text     ro code  0x00a9a4     0x1  stm8l15x_it.o [1]
  .far_func.text     ro code  0x00a9a5     0x1  stm8l15x_it.o [1]
  .far_func.text     ro code  0x00a9a6     0x1  stm8l15x_it.o [1]
  .far_func.text     ro code  0x00a9a7     0x1  stm8l15x_it.o [1]
  .far_func.text     ro code  0x00a9a8     0x1  stm8l15x_it.o [1]
  .far_func.text     ro code  0x00a9a9     0x1  stm8l15x_it.o [1]
  .far_func.text     ro code  0x00a9aa     0x1  stm8l15x_it.o [1]
  .far_func.text     ro code  0x00a9ab     0x1  stm8l15x_it.o [1]
  .far_func.text     ro code  0x00a9ac     0x1  stm8l15x_it.o [1]
  .far_func.text     ro code  0x00a9ad     0x1  stm8l15x_it.o [1]
  .far_func.text     ro code  0x00a9ae     0x1  stm8l15x_it.o [1]
  .far_func.text     ro code  0x00a9af     0x1  stm8l15x_it.o [1]
  .far_func.text     ro code  0x00a9b0     0x1  stm8l15x_it.o [1]
  .far_func.text     ro code  0x00a9b1     0x1  stm8l15x_it.o [1]
  .far_func.text     ro code  0x00a9b2     0x1  stm8l15x_it.o [1]
  .far_func.text     ro code  0x00a9b3     0x1  stm8l15x_it.o [1]
  .far_func.text     ro code  0x00a9b4     0x1  stm8l15x_it.o [1]
  .far_func.text     ro code  0x00a9b5     0x1  stm8l15x_it.o [1]
  .far_func.text     ro code  0x00a9b6     0x1  stm8l15x_it.o [1]
  .far_func.text     ro code  0x00a9b7     0x1  stm8l15x_it.o [1]
  .far_func.text     ro code  0x00a9b8     0x1  stm8l15x_it.o [1]
  .far_func.text     ro code  0x00a9b9     0x1  stm8l15x_it.o [1]
  .far_func.text     ro code  0x00a9ba     0x1  stm8l15x_it.o [1]
  .far_func.text     ro code  0x00a9bb     0x1  __dbg_break.o [3]
                            - 0x00a9bc  0x246f


*******************************************************************************
*** INIT TABLE
***

          Address   Size
          -------   ----
Zero (__iar_zero_init2)
    1 destination range, total size 0x2bb:
          0x000013  0x2bb

Copy (__iar_copy_init2)
    1 source range, total size 0x3:
          0x00854a    0x3
    1 destination range, total size 0x3:
          0x000010    0x3



*******************************************************************************
*** MODULE SUMMARY
***

    Module                 ro code  ro data  rw data  rw data
                                                       (abs)
    ------                 -------  -------  -------  -------
C:\Users\xs\Desktop\stm8_uart_oled--newKey\Debug\Obj: [1]
    LCD_ZK.o                 2 180    1 024        4
    beep.o                      61                          1
    key.o                      248                 2
    main.o                   1 503      180      618
    queue.o                    422
    stm8l15x_adc.o             213
    stm8l15x_clk.o             273        5
    stm8l15x_gpio.o            187
    stm8l15x_it.o              423                68
    stm8l15x_pwr.o              91
    stm8l15x_tim2.o             92
    stm8l15x_tim3.o              5
    stm8l15x_usart.o           617
    sysclk.o                    48
    timer.o                     41
    uart.o                     619                 1
    ---------------------------------------------------------
    Total:                   7 023    1 209      693        1

command line: [2]
    ---------------------------------------------------------
    Total:

dbgstm8mmd.a: [3]
    __dbg_break.o                1
    __dbg_xxexit.o              22
    ---------------------------------------------------------
    Total:                      23

dlstm8mmn.a: [4]
    cexit.o                      6
    cstartup.o                  23
    exit.o                       4
    far_util.o                  28
    init.o                      30
    init_small.o                70
    interrupt.o                  4      128
    long.o                     296
    long_util.o                 36
    low_level_init.o             3
    memset.o                    21
    move.o                      13
    short.o                     38
    unhandled_exception.o        3
    vreg_util.o                279
    vregs.o                                       16
    xgetmemchunk.o              25                 2
    xxmemxfree.o               212
    xxmemxmalloc.o             271                 4
    ---------------------------------------------------------
    Total:                   1 362      128       22

mini-printf.a: [5]
    mini-printf.o              919                 3
    ---------------------------------------------------------
    Total:                     919                 3

    Linker created                       20      856
-------------------------------------------------------------
    Grand Total:             9 327    1 357    1 574        1


*******************************************************************************
*** ENTRY LIST
***

Entry                    Address   Size  Type      Object
-----                    -------   ----  ----      ------
.iar.init_table$$Base   0x008480          --   Gb  - Linker created -
.iar.init_table$$Limit  0x008494          --   Gb  - Linker created -
?add32_l0_l0_0x         0x009096         Code  Gb  long.o [4]
?b0                     0x000000         Data  Gb  vregs.o [4]
?b1                     0x000001         Data  Gb  vregs.o [4]
?b10                    0x00000a         Data  Gb  vregs.o [4]
?b11                    0x00000b         Data  Gb  vregs.o [4]
?b12                    0x00000c         Data  Gb  vregs.o [4]
?b13                    0x00000d         Data  Gb  vregs.o [4]
?b14                    0x00000e         Data  Gb  vregs.o [4]
?b15                    0x00000f         Data  Gb  vregs.o [4]
?b2                     0x000002         Data  Gb  vregs.o [4]
?b3                     0x000003         Data  Gb  vregs.o [4]
?b4                     0x000004         Data  Gb  vregs.o [4]
?b5                     0x000005         Data  Gb  vregs.o [4]
?b6                     0x000006         Data  Gb  vregs.o [4]
?b7                     0x000007         Data  Gb  vregs.o [4]
?b8                     0x000008         Data  Gb  vregs.o [4]
?b9                     0x000009         Data  Gb  vregs.o [4]
?e0                     0x000001         Data  Gb  vregs.o [4]
?e1                     0x000005         Data  Gb  vregs.o [4]
?e2                     0x000009         Data  Gb  vregs.o [4]
?e3                     0x00000d         Data  Gb  vregs.o [4]
?epilogue_l2            0x009384         Code  Gb  vreg_util.o [4]
?epilogue_l2_l3         0x009380         Code  Gb  vreg_util.o [4]
?epilogue_l2_w6         0x009389         Code  Gb  vreg_util.o [4]
?epilogue_w4            0x009392         Code  Gb  vreg_util.o [4]
?l0                     0x000000         Data  Gb  vregs.o [4]
?l1                     0x000004         Data  Gb  vregs.o [4]
?l2                     0x000008         Data  Gb  vregs.o [4]
?l3                     0x00000c         Data  Gb  vregs.o [4]
?load24_0x_e0           0x00a823         Code  Gb  far_util.o [4]
?load24_e1_0x           0x00a815         Code  Gb  far_util.o [4]
?load32_0x_l0           0x00a711         Code  Gb  long_util.o [4]
?load32_l0_0x           0x00a6fb         Code  Gb  long_util.o [4]
?load32_xsp_l0          0x00a707         Code  Gb  long_util.o [4]
?mov_e0_e2              0x0093cb         Code  Gb  vreg_util.o [4]
?mov_e1_e3              0x0093d8         Code  Gb  vreg_util.o [4]
?mov_e3_e0              0x0093e5         Code  Gb  vreg_util.o [4]
?mov_l0_l2              0x0093c8         Code  Gb  vreg_util.o [4]
?mov_l1_l3              0x0093d5         Code  Gb  vreg_util.o [4]
?mov_l3_l0              0x0093e2         Code  Gb  vreg_util.o [4]
?mov_w0_w2              0x009397         Code  Gb  vreg_util.o [4]
?mov_w0_w7              0x00939e         Code  Gb  vreg_util.o [4]
?mov_w1_w0              0x0093a5         Code  Gb  vreg_util.o [4]
?mov_w1_w5              0x0093ce         Code  Gb  vreg_util.o [4]
?mov_w3_w7              0x0093db         Code  Gb  vreg_util.o [4]
?mov_w4_w1              0x0093ac         Code  Gb  vreg_util.o [4]
?mov_w5_w0              0x0093b3         Code  Gb  vreg_util.o [4]
?mov_w6_w0              0x0093ba         Code  Gb  vreg_util.o [4]
?mov_w7_w1              0x0093e8         Code  Gb  vreg_util.o [4]
?mov_w7_w2              0x0093c1         Code  Gb  vreg_util.o [4]
?move1616_v_x_y_a       0x00a91a         Code  Gb  move.o [4]
?mul16_x_x_w0           0x00a68c         Code  Gb  short.o [4]
?mul32_l0_l0_0x         0x0090ae         Code  Gb  long.o [4]
?mul32_l0_l0_l1         0x0090b7         Code  Gb  long.o [4]
?pop_l0                 0x009348         Code  Gb  vreg_util.o [4]
?pop_l1                 0x009353         Code  Gb  vreg_util.o [4]
?pop_l2                 0x00935e         Code  Gb  vreg_util.o [4]
?pop_l3                 0x009369         Code  Gb  vreg_util.o [4]
?pop_w4                 0x0092f9         Code  Gb  vreg_util.o [4]
?pop_w6                 0x009300         Code  Gb  vreg_util.o [4]
?push_l0                0x009313         Code  Gb  vreg_util.o [4]
?push_l1                0x009318         Code  Gb  vreg_util.o [4]
?push_l2                0x00931d         Code  Gb  vreg_util.o [4]
?push_l3                0x009322         Code  Gb  vreg_util.o [4]
?push_w4                0x0092d8         Code  Gb  vreg_util.o [4]
?push_w6                0x0092dd         Code  Gb  vreg_util.o [4]
?sext32_l0_x            0x0091b3         Code  Gb  long.o [4]
?sll16_x_x_a            0x00a6aa         Code  Gb  short.o [4]
?srl32_0x_0x_a          0x0091a5         Code  Gb  long.o [4]
?srl32_l0_l0_a          0x0091a2         Code  Gb  long.o [4]
?udiv32_l0_l0_l1        0x009135         Code  Gb  long.o [4]
?umod32_l1_l0_l1        0x009135         Code  Gb  long.o [4]
?w0                     0x000000         Data  Gb  vregs.o [4]
?w1                     0x000002         Data  Gb  vregs.o [4]
?w2                     0x000004         Data  Gb  vregs.o [4]
?w3                     0x000006         Data  Gb  vregs.o [4]
?w4                     0x000008         Data  Gb  vregs.o [4]
?w5                     0x00000a         Data  Gb  vregs.o [4]
?w6                     0x00000c         Data  Gb  vregs.o [4]
?w7                     0x00000e         Data  Gb  vregs.o [4]
ADC1_COMP_IRQHandler    0x00a9b2    0x1  Code  Gb  stm8l15x_it.o [1]
ADCConver_Init          0x00a353   0x48  Code  Gb  main.o [1]
ADC_ChannelCmd          0x00a308   0x4b  Code  Gb  stm8l15x_adc.o [1]
ADC_ClearFlag           0x00a958    0x6  Code  Gb  stm8l15x_adc.o [1]
ADC_Cmd                 0x00a900    0xd  Code  Gb  stm8l15x_adc.o [1]
ADC_GetConversionValue  0x00a594   0x2b  Code  Gb  stm8l15x_adc.o [1]
ADC_GetFlagStatus       0x00a892   0x15  Code  Gb  stm8l15x_adc.o [1]
ADC_Init                0x00a6b2   0x25  Code  Gb  stm8l15x_adc.o [1]
ADC_SoftwareStartConv   0x00a964    0x5  Code  Gb  stm8l15x_adc.o [1]
ADC_VrefintCmd          0x00a90d    0xd  Code  Gb  stm8l15x_adc.o [1]
AppState                0x0002c9    0x1  Data  Gb  main.o [1]
BeepInit                0x00a8f3    0xd  Code  Gb  key.o [1]
CLK_GetClockFreq        0x009d77   0x7e  Code  Gb  stm8l15x_clk.o [1]
CLK_PeripheralClockConfig
                        0x009abf   0x8f  Code  Gb  stm8l15x_clk.o [1]
CLK_SYSCLKDivConfig     0x00a97d    0x4  Code  Gb  stm8l15x_clk.o [1]
CSTACK$$Base            0x000700          --   Gb  - Linker created -
CSTACK$$Limit           0x000800          --   Gb  - Linker created -
CheckPower              0x009bdc   0x8d  Code  Gb  main.o [1]
CreateQueue             0x00a71f   0x21  Code  Gb  queue.o [1]
DMA1_CHANNEL0_1_IRQHandler
                        0x00a9a5    0x1  Code  Gb  stm8l15x_it.o [1]
DMA1_CHANNEL2_3_IRQHandler
                        0x00a9a6    0x1  Code  Gb  stm8l15x_it.o [1]
DeQueue                 0x00a0ce   0x5a  Code  Gb  queue.o [1]
EXTI0_IRQHandler        0x00a9a9    0x1  Code  Gb  stm8l15x_it.o [1]
EXTI1_IRQHandler        0x00a9aa    0x1  Code  Gb  stm8l15x_it.o [1]
EXTI2_IRQHandler        0x00a9ab    0x1  Code  Gb  stm8l15x_it.o [1]
EXTI3_IRQHandler        0x00a9ac    0x1  Code  Gb  stm8l15x_it.o [1]
EXTI4_IRQHandler        0x00a9ad    0x1  Code  Gb  stm8l15x_it.o [1]
EXTI5_IRQHandler        0x00a9ae    0x1  Code  Gb  stm8l15x_it.o [1]
EXTI6_IRQHandler        0x00a9af    0x1  Code  Gb  stm8l15x_it.o [1]
EXTI7_IRQHandler        0x00a9b0    0x1  Code  Gb  stm8l15x_it.o [1]
EXTIB_IRQHandler        0x00a9a7    0x1  Code  Gb  stm8l15x_it.o [1]
EXTID_IRQHandler        0x00a9a8    0x1  Code  Gb  stm8l15x_it.o [1]
EXTIE_F_PVD_IRQHandler  0x00a507   0x31  Code  Gb  stm8l15x_it.o [1]
EnQueue                 0x00a21f   0x4f  Code  Gb  queue.o [1]
FLASH_IRQHandler        0x00a9a4    0x1  Code  Gb  stm8l15x_it.o [1]
GBZK_GPIO_Config        0x00a2bc   0x4c  Code  Gb  LCD_ZK.o [1]
GPIO_Config             0x00a26e   0x4e  Code  Gb  key.o [1]
GPIO_Init               0x009790   0xae  Code  Gb  stm8l15x_gpio.o [1]
GPIO_ReadInputDataBit   0x00a997    0x3  Code  Gb  stm8l15x_gpio.o [1]
GPIO_ResetBits          0x00a981    0x4  Code  Gb  stm8l15x_gpio.o [1]
GPIO_SetBits            0x00a991    0x3  Code  Gb  stm8l15x_gpio.o [1]
GPIO_ToggleBits         0x00a994    0x3  Code  Gb  stm8l15x_gpio.o [1]
HEAP$$Base              0x0002ce          --   Gb  - Linker created -
HEAP$$Limit             0x000526          --   Gb  - Linker created -
HelpMsg                 0x000010    0x3  Data  Gb  main.o [1]
I2C1_IRQHandler         0x00a9ba    0x1  Code  Gb  stm8l15x_it.o [1]
INTVEC$$Base            0x008000          --   Gb  - Linker created -
INTVEC$$Limit           0x008080          --   Gb  - Linker created -
IsEmpty                 0x00a8cf   0x13  Code  Gb  queue.o [1]
IsFull                  0x00a831   0x1b  Code  Gb  queue.o [1]
KeyRead                 0x00a952    0x6  Code  Gb  key.o [1]
LCD_IRQHandler          0x00a9b1    0x1  Code  Gb  stm8l15x_it.o [1]
LEDInit                 0x00a4d3   0x34  Code  Gb  key.o [1]
LedF5                   0x0002ca    0x1  Data  Gb  main.o [1]
MyUart_Init             0x009cf3   0x84  Code  Gb  uart.o [1]
OLED_Display_Off        0x0091be   0x15  Code  Gb  LCD_ZK.o [1]
OLED_Display_On         0x0091d3   0x15  Code  Gb  LCD_ZK.o [1]
PWR_GetFlagStatus       0x00a538   0x2f  Code  Gb  stm8l15x_pwr.o [1]
PWR_PVDClearFlag        0x00a969    0x5  Code  Gb  stm8l15x_pwr.o [1]
PWR_PVDGetITStatus      0x00a665   0x27  Code  Gb  stm8l15x_pwr.o [1]
Q                       0x000013  0x130  Data  Gb  main.o [1]
Q_old                   0x000143  0x130  Data  Gb  main.o [1]
RTC_IRQHandler          0x00a985    0x4  Code  Gb  stm8l15x_it.o [1]
ReadBattery             0x00a6d7   0x24  Code  Gb  main.o [1]
Region$$Table$$Base     0x008480          --   Gb  - Linker created -
Region$$Table$$Limit    0x008494          --   Gb  - Linker created -
SPI1_IRQHandler         0x00a9b8    0x1  Code  Gb  stm8l15x_it.o [1]
SWITCH_CSS_BREAK_DAC_IRQHandler
                        0x00a927    0xa  Code  Gb  stm8l15x_it.o [1]
SYSDivFactor            0x008542    0x5  Data  Gb  stm8l15x_clk.o [1]
TIM1_CAP_IRQHandler     0x00a9b6    0x1  Code  Gb  stm8l15x_it.o [1]
TIM1_UPD_OVF_TRG_COM_IRQHandler
                        0x00a9b5    0x1  Code  Gb  stm8l15x_it.o [1]
TIM2_ARRPreloadConfig   0x00a567    0xd  Code  Gb  stm8l15x_tim2.o [1]
TIM2_CAP_IRQHandler     0x00a9b3    0x1  Code  Gb  stm8l15x_it.o [1]
TIM2_ClearITPendingBit  0x00a96e    0x5  Code  Gb  stm8l15x_tim2.o [1]
TIM2_Cmd                0x00a587    0xd  Code  Gb  stm8l15x_tim2.o [1]
TIM2_Conut              0x0002c0    0x2  Data  Gb  stm8l15x_it.o [1]
TIM2_ITConfig           0x00a574   0x13  Code  Gb  stm8l15x_tim2.o [1]
TIM2_Init               0x00a614   0x29  Code  Gb  timer.o [1]
TIM2_TimeBaseInit       0x00a5ea   0x2a  Code  Gb  stm8l15x_tim2.o [1]
TIM2_UPD_OVF_TRG_BRK_IRQHandler
                        0x009c69   0x8a  Code  Gb  stm8l15x_it.o [1]
TIM3_CAP_IRQHandler     0x00a9b4    0x1  Code  Gb  stm8l15x_it.o [1]
TIM3_ClearITPendingBit  0x00a973    0x5  Code  Gb  stm8l15x_tim3.o [1]
TIM3_UPD_OVF_TRG_BRK_IRQHandler
                        0x00a7db   0x1d  Code  Gb  stm8l15x_it.o [1]
TIM4_UPD_OVF_TRG_IRQHandler
                        0x00a9b7    0x1  Code  Gb  stm8l15x_it.o [1]
TRAP_IRQHandler         0x00a9a3    0x1  Code  Gb  stm8l15x_it.o [1]
USART1_RX_IRQHandler    0x0098e9   0xa9  Code  Gb  stm8l15x_it.o [1]
USART1_TX_IRQHandler    0x00a9b9    0x1  Code  Gb  stm8l15x_it.o [1]
USART_ClearITPendingBit
                        0x00a761   0x20  Code  Gb  stm8l15x_usart.o [1]
USART_Cmd               0x00a740   0x21  Code  Gb  stm8l15x_usart.o [1]
USART_GetITStatus       0x00983e   0xab  Code  Gb  stm8l15x_usart.o [1]
USART_ITConfig          0x009a29   0x96  Code  Gb  stm8l15x_usart.o [1]
USART_Init              0x0095d8   0xe4  Code  Gb  stm8l15x_usart.o [1]
USART_RX_BUF            0x000273   0x40  Data  Gb  stm8l15x_it.o [1]
USART_RX_STA            0x0002be    0x2  Data  Gb  stm8l15x_it.o [1]
USART_ReceiveData8      0x00a99a    0x3  Code  Gb  stm8l15x_usart.o [1]
UartScan                0x008f1a  0x17c  Code  Gb  uart.o [1]
UartSendByte            0x00a93a    0x9  Code  Gb  uart.o [1]
_A_PA_ODR               0x005000    0x1  Data  Gb  beep.o [1]
__DebugBreak            0x00a9bb    0x1  Code  Gb  __dbg_break.o [3]
__exit                  0x00a87c   0x16  Code  Gb  __dbg_xxexit.o [3]
__iar_copy_init2        0x00a63d         Code  Gb  init_small.o [4]
__iar_data_init2        0x00a79f   0x1e  Code  Gb  init.o [4]
__iar_program_start     0x00a865         Code  Gb  cstartup.o [4]
__iar_unhandled_exception
                        0x00a9a0         Code  Gb  unhandled_exception.o [4]
__iar_zero_init2        0x00a7bd         Code  Gb  init_small.o [4]
__intvec                0x008000         Data  Gb  interrupt.o [4]
__low_level_init        0x00a99d    0x3  Code  Gb  low_level_init.o [4]
__near_Aldata           0x0002b7    0x4  Data  Gb  xxmemxmalloc.o [4]
__near_GetMemChunk      0x00a84c   0x19  Code  Gb  xgetmemchunk.o [4]
__near_findmem          0x009edc   0x70  Code  Lc  xxmemxmalloc.o [4]
_exit                   0x00a95e         Code  Gb  cexit.o [4]
_interrupt_1            0x00a9a3         Code  Gb  stm8l15x_it.o [1]
_interrupt_10           0x00a9a9         Code  Gb  stm8l15x_it.o [1]
_interrupt_11           0x00a9aa         Code  Gb  stm8l15x_it.o [1]
_interrupt_12           0x00a9ab         Code  Gb  stm8l15x_it.o [1]
_interrupt_13           0x00a9ac         Code  Gb  stm8l15x_it.o [1]
_interrupt_14           0x00a9ad         Code  Gb  stm8l15x_it.o [1]
_interrupt_15           0x00a9ae         Code  Gb  stm8l15x_it.o [1]
_interrupt_16           0x00a9af         Code  Gb  stm8l15x_it.o [1]
_interrupt_17           0x00a9b0         Code  Gb  stm8l15x_it.o [1]
_interrupt_18           0x00a9b1         Code  Gb  stm8l15x_it.o [1]
_interrupt_19           0x00a927         Code  Gb  stm8l15x_it.o [1]
_interrupt_20           0x00a9b2         Code  Gb  stm8l15x_it.o [1]
_interrupt_21           0x009c69         Code  Gb  stm8l15x_it.o [1]
_interrupt_22           0x00a9b3         Code  Gb  stm8l15x_it.o [1]
_interrupt_23           0x00a7db         Code  Gb  stm8l15x_it.o [1]
_interrupt_24           0x00a9b4         Code  Gb  stm8l15x_it.o [1]
_interrupt_25           0x00a9b5         Code  Gb  stm8l15x_it.o [1]
_interrupt_26           0x00a9b6         Code  Gb  stm8l15x_it.o [1]
_interrupt_27           0x00a9b7         Code  Gb  stm8l15x_it.o [1]
_interrupt_28           0x00a9b8         Code  Gb  stm8l15x_it.o [1]
_interrupt_29           0x00a9b9         Code  Gb  stm8l15x_it.o [1]
_interrupt_3            0x00a9a4         Code  Gb  stm8l15x_it.o [1]
_interrupt_30           0x0098e9         Code  Gb  stm8l15x_it.o [1]
_interrupt_31           0x00a9ba         Code  Gb  stm8l15x_it.o [1]
_interrupt_4            0x00a9a5         Code  Gb  stm8l15x_it.o [1]
_interrupt_5            0x00a9a6         Code  Gb  stm8l15x_it.o [1]
_interrupt_6            0x00a985         Code  Gb  stm8l15x_it.o [1]
_interrupt_7            0x00a507         Code  Gb  stm8l15x_it.o [1]
_interrupt_8            0x00a9a7         Code  Gb  stm8l15x_it.o [1]
_interrupt_9            0x00a9a8         Code  Gb  stm8l15x_it.o [1]
_putc                   0x00a39b   0x48  Code  Lc  mini-printf.o [5]
_puts                   0x009b4e   0x8e  Code  Lc  mini-printf.o [5]
beep                    0x0002cb    0x1  Data  Gb  main.o [1]
beep_delay              0x00a931    0x9  Code  Gb  beep.o [1]
bmp1                    0x008080  0x400  Data  Gb  LCD_ZK.o [1]
clear_screen            0x00a014   0x60  Code  Gb  LCD_ZK.o [1]
delay                   0x00a8bc   0x13  Code  Gb  LCD_ZK.o [1]
delayms                 0x00a5bf   0x2b  Code  Gb  sysclk.o [1]
delayus                 0x00a978    0x5  Code  Gb  sysclk.o [1]
display_128x64          0x00a074   0x5a  Code  Gb  LCD_ZK.o [1]
display_GB2312_string   0x008a33  0x341  Code  Gb  LCD_ZK.o [1]
display_graphic_16x16   0x009e6c   0x70  Code  Gb  LCD_ZK.o [1]
display_graphic_8x16    0x009f4c   0x65  Code  Gb  LCD_ZK.o [1]
exit                    0x00a98d    0x4  Code  Gb  exit.o [4]
fontaddr                0x0002b3    0x4  Data  Gb  LCD_ZK.o [1]
free                    0x0096bc   0xd4  Code  Gb  xxmemxfree.o [4]
gUartSendStr            0x0002bb    0x3  Data  Gb  mini-printf.o [5]
get_data_from_ROM       0x00a128   0x56  Code  Lc  LCD_ZK.o [1]
get_n_bytes_data_from_ROM
                        0x009df5   0x77  Code  Gb  LCD_ZK.o [1]
get_pack                0x00a428   0x40  Code  Gb  queue.o [1]
initial_lcd             0x0094f2   0xe6  Code  Gb  LCD_ZK.o [1]
keyPassValue            0x0002cc    0x1  Data  Gb  main.o [1]
keyScan                 0x009fb1   0x63  Code  Gb  key.o [1]
lcd_address             0x00a468   0x37  Code  Gb  LCD_ZK.o [1]
led_on                  0x0002c8    0x1  Data  Gb  main.o [1]
main                    0x00854d  0x4e6  Code  Gb  main.o [1]
malloc                  0x009992   0x97  Code  Gb  xxmemxmalloc.o [4]
memset                  0x00a8a7   0x15  Code  Gb  memset.o [4]
mini_itoa               0x0093ef  0x103  Code  Lc  mini-printf.o [5]
mini_sprint             0x008d74    0xe  Code  Gb  mini-printf.o [5]
mini_strlen             0x00a8e2   0x11  Code  Lc  mini-printf.o [5]
mini_vsnprintf          0x008d82  0x198  Code  Gb  mini-printf.o [5]
num                     0x0002cd    0x1  Data  Gb  uart.o [1]
num_l                   0x0002c7    0x1  Data  Gb  main.o [1]
num_r                   0x0002c6    0x1  Data  Gb  main.o [1]
print_init_module       0x00a94b    0x7  Code  Gb  mini-printf.o [5]
send_command_to_ROM     0x00a17e   0x51  Code  Gb  LCD_ZK.o [1]
set_pack                0x00a1cf   0x50  Code  Gb  queue.o [1]
size_queue              0x00a781   0x1e  Code  Gb  queue.o [1]
sound2                  0x00a49f   0x34  Code  Gb  beep.o [1]
transfer_command_lcd    0x009260   0x78  Code  Gb  LCD_ZK.o [1]
transfer_data_lcd       0x0091e8   0x78  Code  Gb  LCD_ZK.o [1]
uart_txarr              0x00a3e3   0x45  Code  Gb  uart.o [1]
uart_txstring           0x00a7f8   0x1d  Code  Gb  uart.o [1]


[1] = C:\Users\xs\Desktop\stm8_uart_oled--newKey\Debug\Obj
[2] = command line
[3] = dbgstm8mmd.a
[4] = dlstm8mmn.a
[5] = mini-printf.a

  9 327 bytes of readonly  code memory
  1 357 bytes of readonly  data memory
  1 574 bytes of readwrite data memory (+ 1 absolute)

Errors: none
Warnings: none
