###############################################################################
#
# IAR ELF Linker V2.10.4.157 for STM8                     07/Jan/2019  13:26:53
# Copyright 2010-2015 IAR Systems AB.
#
#    Output file  =  
#        C:\Users\xs\Desktop\stm8_uart_oled--newKey\Debug\Exe\demo.out
#    Map file     =  
#        C:\Users\xs\Desktop\stm8_uart_oled--newKey\Debug\List\demo.map
#    Command line =  
#        C:\Users\xs\Desktop\stm8_uart_oled--newKey\Debug\Obj\beep.o
#        C:\Users\xs\Desktop\stm8_uart_oled--newKey\Debug\Obj\key.o
#        C:\Users\xs\Desktop\stm8_uart_oled--newKey\Debug\Obj\LCD_ZK.o
#        C:\Users\xs\Desktop\stm8_uart_oled--newKey\Debug\Obj\low_power.o
#        C:\Users\xs\Desktop\stm8_uart_oled--newKey\Debug\Obj\main.o
#        C:\Users\xs\Desktop\stm8_uart_oled--newKey\Debug\Obj\mini-printf.o
#        C:\Users\xs\Desktop\stm8_uart_oled--newKey\Debug\Obj\queue.o
#        C:\Users\xs\Desktop\stm8_uart_oled--newKey\Debug\Obj\stm8l15x_adc.o
#        C:\Users\xs\Desktop\stm8_uart_oled--newKey\Debug\Obj\stm8l15x_aes.o
#        C:\Users\xs\Desktop\stm8_uart_oled--newKey\Debug\Obj\stm8l15x_beep.o
#        C:\Users\xs\Desktop\stm8_uart_oled--newKey\Debug\Obj\stm8l15x_clk.o
#        C:\Users\xs\Desktop\stm8_uart_oled--newKey\Debug\Obj\stm8l15x_comp.o
#        C:\Users\xs\Desktop\stm8_uart_oled--newKey\Debug\Obj\stm8l15x_dac.o
#        C:\Users\xs\Desktop\stm8_uart_oled--newKey\Debug\Obj\stm8l15x_dma.o
#        C:\Users\xs\Desktop\stm8_uart_oled--newKey\Debug\Obj\stm8l15x_exti.o
#        C:\Users\xs\Desktop\stm8_uart_oled--newKey\Debug\Obj\stm8l15x_flash.o
#        C:\Users\xs\Desktop\stm8_uart_oled--newKey\Debug\Obj\stm8l15x_gpio.o
#        C:\Users\xs\Desktop\stm8_uart_oled--newKey\Debug\Obj\stm8l15x_i2c.o
#        C:\Users\xs\Desktop\stm8_uart_oled--newKey\Debug\Obj\stm8l15x_irtim.o
#        C:\Users\xs\Desktop\stm8_uart_oled--newKey\Debug\Obj\stm8l15x_it.o
#        C:\Users\xs\Desktop\stm8_uart_oled--newKey\Debug\Obj\stm8l15x_itc.o
#        C:\Users\xs\Desktop\stm8_uart_oled--newKey\Debug\Obj\stm8l15x_iwdg.o
#        C:\Users\xs\Desktop\stm8_uart_oled--newKey\Debug\Obj\stm8l15x_lcd.o
#        C:\Users\xs\Desktop\stm8_uart_oled--newKey\Debug\Obj\stm8l15x_pwr.o
#        C:\Users\xs\Desktop\stm8_uart_oled--newKey\Debug\Obj\stm8l15x_rst.o
#        C:\Users\xs\Desktop\stm8_uart_oled--newKey\Debug\Obj\stm8l15x_rtc.o
#        C:\Users\xs\Desktop\stm8_uart_oled--newKey\Debug\Obj\stm8l15x_spi.o
#        C:\Users\xs\Desktop\stm8_uart_oled--newKey\Debug\Obj\stm8l15x_syscfg.o
#        C:\Users\xs\Desktop\stm8_uart_oled--newKey\Debug\Obj\stm8l15x_tim1.o
#        C:\Users\xs\Desktop\stm8_uart_oled--newKey\Debug\Obj\stm8l15x_tim2.o
#        C:\Users\xs\Desktop\stm8_uart_oled--newKey\Debug\Obj\stm8l15x_tim3.o
#        C:\Users\xs\Desktop\stm8_uart_oled--newKey\Debug\Obj\stm8l15x_tim4.o
#        C:\Users\xs\Desktop\stm8_uart_oled--newKey\Debug\Obj\stm8l15x_tim5.o
#        C:\Users\xs\Desktop\stm8_uart_oled--newKey\Debug\Obj\stm8l15x_usart.o
#        C:\Users\xs\Desktop\stm8_uart_oled--newKey\Debug\Obj\stm8l15x_wfe.o
#        C:\Users\xs\Desktop\stm8_uart_oled--newKey\Debug\Obj\stm8l15x_wwdg.o
#        C:\Users\xs\Desktop\stm8_uart_oled--newKey\Debug\Obj\sysclk.o
#        C:\Users\xs\Desktop\stm8_uart_oled--newKey\Debug\Obj\timer.o
#        C:\Users\xs\Desktop\stm8_uart_oled--newKey\Debug\Obj\uart.o -o
#        C:\Users\xs\Desktop\stm8_uart_oled--newKey\Debug\Exe\demo.out --map
#        C:\Users\xs\Desktop\stm8_uart_oled--newKey\Debug\List\demo.map
#        --config C:\Users\xs\Desktop\stm8_uart_oled--newKey\lnkstm8l152k6.icf
#        --config_def _CSTACK_SIZE=0x120 --config_def _HEAP_SIZE=0x258 --entry
#        __iar_program_start --debug_lib
#
###############################################################################

*******************************************************************************
*** RUNTIME MODEL ATTRIBUTES
***

__Heap_Handler             = Basic
__SystemLibrary            = DLib
__code_model               = medium_or_large
__core                     = stm8
__data_model               = medium
__dlib_file_descriptor     = 0
__dlib_full_locale_support = 0
__rt_version               = 4


*******************************************************************************
*** PLACEMENT SUMMARY
***

"A1":  place at start of [0x000000-0x0000ff] { rw section .vregs };
"A2":  place at end of [0x000000-0x0007ff] { block CSTACK };
"P2":  place in [from 0x000000 to 0x0007ff] {
          block HEAP, rw section __DLIB_PERTHREAD, rw section .far.bss,
          rw section .far.data, rw section .far.noinit,
          rw section .far_func.textrw, rw section .huge.bss,
          rw section .huge.data, rw section .huge.noinit,
          rw section .huge_func.textrw, rw section .iar.dynexit,
          rw section .near.bss, rw section .near.data, rw section .near.noinit,
          rw section .near_func.textrw };
"A3":  place at start of [0x00a000-0x00ffff] { block INTVEC };
"P3":  place in [from 0x00a000 to 0x00ffff] {
          ro section __DLIB_PERTHREAD_init, ro section .far.data_init,
          ro section .far_func.textrw_init, ro section .huge.data_init,
          ro section .huge_func.textrw_init, ro section .iar.init_table,
          ro section .init_array, ro section .near.data_init,
          ro section .near.rodata, ro section .near_func.text,
          ro section .near_func.textrw_init, ro section .tiny.data_init,
          ro section .tiny.rodata_init };
"P4":  place in [from 0x00a000 to 0x00ffff] {
          ro section .far.rodata, ro section .far_func.text };

  Section            Kind      Address    Size  Object
  -------            ----      -------    ----  ------
"A1":                                     0x10
  .vregs             uninit   0x000000    0x10  vregs.o [4]
                            - 0x000010    0x10

"P2":                                    0x53f
  P2 s0                       0x000010     0xa  <Init block>
    .near.data       inited   0x000010     0x4  main.o [1]
    .near.data       inited   0x000014     0x3  main.o [1]
    .near.data       inited   0x000017     0x2  main.o [1]
    .near.data       inited   0x000019     0x1  main.o [1]
  .near.bss          zero     0x00001a   0x13c  main.o [1]
  .near.bss          zero     0x000156   0x13c  main.o [1]
  .near.bss          zero     0x000292    0x40  stm8l15x_it.o [1]
  .near.bss          zero     0x0002d2     0x4  LCD_ZK.o [1]
  .near.bss          zero     0x0002d6     0x4  xxmemxmalloc.o [4]
  .near.bss          zero     0x0002da     0x3  mini-printf.o [1]
  .near.bss          zero     0x0002dd     0x2  key.o [1]
  .near.bss          zero     0x0002df     0x2  key.o [1]
  .near.bss          zero     0x0002e1     0x2  main.o [1]
  .near.bss          zero     0x0002e3     0x2  stm8l15x_it.o [1]
  .near.bss          zero     0x0002e5     0x2  stm8l15x_it.o [1]
  .near.bss          zero     0x0002e7     0x2  stm8l15x_it.o [1]
  .near.bss          zero     0x0002e9     0x2  xgetmemchunk.o [4]
  .near.bss          zero     0x0002eb     0x1  key.o [1]
  .near.bss          zero     0x0002ec     0x1  key.o [1]
  .near.bss          zero     0x0002ed     0x1  main.o [1]
  .near.bss          zero     0x0002ee     0x1  main.o [1]
  .near.bss          zero     0x0002ef     0x1  main.o [1]
  .near.bss          zero     0x0002f0     0x1  main.o [1]
  .near.bss          zero     0x0002f1     0x1  main.o [1]
  .near.bss          zero     0x0002f2     0x1  main.o [1]
  .near.bss          zero     0x0002f3     0x1  main.o [1]
  .near.bss          zero     0x0002f4     0x1  main.o [1]
  .near.bss          zero     0x0002f5     0x1  stm8l15x_it.o [1]
  .near.bss          zero     0x0002f6     0x1  uart.o [1]
  HEAP                        0x0002f7   0x258  <Block>
    HEAP             uninit   0x0002f7   0x258  <Block tail>
                            - 0x00054f   0x53f

"A2":                                    0x120
  CSTACK                      0x0006e0   0x120  <Block>
    CSTACK           uninit   0x0006e0   0x120  <Block tail>
                            - 0x000800   0x120

Absolute sections:                         0x1
  .near.noinit       uninit   0x005000     0x1  beep.o [1]
                            - 0x005001     0x1

"A3":                                     0x80
  INTVEC                      0x00a000    0x80  <Block>
    .intvec          const    0x00a000    0x80  interrupt.o [4]
                            - 0x00a080    0x80

"P3":                                    0x144
  .near.rodata       const    0x00a080    0x31  main.o [1]
  .iar.init_table    const    0x00a0b1    0x14  - Linker created -
  .near.rodata       const    0x00a0c5    0x14  main.o [1]
  .near.rodata       const    0x00a0d9    0x11  main.o [1]
  .near.rodata       const    0x00a0ea    0x11  main.o [1]
  .near.rodata       const    0x00a0fb    0x10  main.o [1]
  .near.rodata       const    0x00a10b    0x10  main.o [1]
  .near.rodata       const    0x00a11b    0x10  main.o [1]
  .near.rodata       const    0x00a12b     0xf  main.o [1]
  .near.rodata       const    0x00a13a     0xe  main.o [1]
  .near.rodata       const    0x00a148     0xd  main.o [1]
  .near.rodata       const    0x00a155     0xd  main.o [1]
  .near.rodata       const    0x00a162     0xd  main.o [1]
  .near.rodata       const    0x00a16f     0xc  main.o [1]
  .near.rodata       const    0x00a17b     0xc  uart.o [1]
  .near.rodata       const    0x00a187     0xa  main.o [1]
  .near.rodata       const    0x00a191     0x9  main.o [1]
  .near.rodata       const    0x00a19a     0x9  uart.o [1]
  .near.rodata       const    0x00a1a3     0x8  main.o [1]
  .near.rodata       const    0x00a1ab     0x7  uart.o [1]
  .near.rodata       const    0x00a1b2     0x5  stm8l15x_clk.o [1]
  .near.rodata       const    0x00a1b7     0x3  uart.o [1]
  Initializer bytes  const    0x00a1ba     0xa  <for P2 s0>
                            - 0x00a1c4   0x144

"P4":                                   0x29c3
  .far_func.text     ro code  0x00a1c4   0x674  main.o [1]
  .far_func.text     ro code  0x00a838   0x341  LCD_ZK.o [1]
  .far_func.text     ro code  0x00ab79   0x203  uart.o [1]
  .far_func.text     ro code  0x00ad7c   0x1a6  mini-printf.o [1]
  .far_func.text     ro code  0x00af22   0x128  long.o [4]
  .far_func.text     ro code  0x00b04a   0x11a  LCD_ZK.o [1]
  .far_func.text     ro code  0x00b164   0x117  vreg_util.o [4]
  .far_func.text     ro code  0x00b27b   0x110  stm8l15x_exti.o [1]
  .far_func.text     ro code  0x00b38b   0x103  mini-printf.o [1]
  .far_func.text     ro code  0x00b48e    0xe6  LCD_ZK.o [1]
  .far_func.text     ro code  0x00b574    0xe4  stm8l15x_usart.o [1]
  .far_func.text     ro code  0x00b658    0xd4  xxmemxfree.o [4]
  .far_func.text     ro code  0x00b72c    0xae  stm8l15x_gpio.o [1]
  .far_func.text     ro code  0x00b7da    0xab  stm8l15x_usart.o [1]
  .far_func.text     ro code  0x00b885    0x9e  low_power.o [1]
  .far_func.text     ro code  0x00b923    0x9e  stm8l15x_it.o [1]
  .far_func.text     ro code  0x00b9c1    0x97  xxmemxmalloc.o [4]
  .far_func.text     ro code  0x00ba58    0x96  stm8l15x_usart.o [1]
  .far_func.text     ro code  0x00baee    0x8f  stm8l15x_clk.o [1]
  .far_func.text     ro code  0x00bb7d    0x8e  mini-printf.o [1]
  .far_func.text     ro code  0x00bc0b    0x8a  stm8l15x_it.o [1]
  .far_func.text     ro code  0x00bc95    0x83  uart.o [1]
  .far_func.text     ro code  0x00bd18    0x7e  stm8l15x_clk.o [1]
  .far_func.text     ro code  0x00bd96    0x78  queue.o [1]
  .far_func.text     ro code  0x00be0e    0x77  LCD_ZK.o [1]
  .far_func.text     ro code  0x00be85    0x70  LCD_ZK.o [1]
  .far_func.text     ro code  0x00bef5    0x70  xxmemxmalloc.o [4]
  .far_func.text     ro code  0x00bf65    0x65  LCD_ZK.o [1]
  .far_func.text     ro code  0x00bfca    0x63  key.o [1]
  .far_func.text     ro code  0x00c02d    0x60  key.o [1]
  .far_func.text     ro code  0x00c08d    0x60  LCD_ZK.o [1]
  .far_func.text     ro code  0x00c0ed    0x5a  queue.o [1]
  .far_func.text     ro code  0x00c147    0x59  key.o [1]
  .far_func.text     ro code  0x00c1a0    0x56  LCD_ZK.o [1]
  .far_func.text     ro code  0x00c1f6    0x53  stm8l15x_it.o [1]
  .far_func.text     ro code  0x00c249    0x51  LCD_ZK.o [1]
  .far_func.text     ro code  0x00c29a    0x4f  queue.o [1]
  .far_func.text     ro code  0x00c2e9    0x4c  LCD_ZK.o [1]
  .far_func.text     ro code  0x00c335    0x49  low_power.o [1]
  .far_func.text     ro code  0x00c37e    0x49  stm8l15x_it.o [1]
  .far_func.text     ro code  0x00c3c7    0x48  mini-printf.o [1]
  .far_func.text     ro code  0x00c40f    0x46  queue.o [1]
  .far_func.text     ro code  0x00c455    0x45  uart.o [1]
  .far_func.text     ro code  0x00c49a    0x43  stm8l15x_it.o [1]
  .far_func.text     ro code  0x00c4dd    0x41  stm8l15x_clk.o [1]
  .far_func.text     ro code  0x00c51e    0x3e  stm8l15x_usart.o [1]
  .far_func.text     ro code  0x00c55c    0x3c  stm8l15x_tim3.o [1]
  .far_func.text     ro code  0x00c598    0x38  stm8l15x_it.o [1]
  .far_func.text     ro code  0x00c5d0    0x37  LCD_ZK.o [1]
  .far_func.text     ro code  0x00c607    0x34  beep.o [1]
  .far_func.text     ro code  0x00c63b    0x34  key.o [1]
  .far_func.text     ro code  0x00c66f    0x31  stm8l15x_it.o [1]
  .far_func.text     ro code  0x00c6a0    0x30  timer.o [1]
  .far_func.text     ro code  0x00c6d0    0x2f  stm8l15x_pwr.o [1]
  .far_func.text     ro code  0x00c6ff    0x2d  stm8l15x_tim2.o [1]
  .far_func.text     ro code  0x00c72c    0x2b  sysclk.o [1]
  .far_func.text     ro code  0x00c757    0x2a  stm8l15x_tim2.o [1]
  .far_func.text     ro code  0x00c781    0x2a  stm8l15x_tim3.o [1]
  .far_func.text     ro code  0x00c7ab    0x2a  far_util.o [4]
  .far_func.text     ro code  0x00c7d5    0x29  timer.o [1]
  .far_func.text     ro code  0x00c7fe    0x28  init_small.o [4]
  .far_func.text     ro code  0x00c826    0x27  stm8l15x_pwr.o [1]
  .far_func.text     ro code  0x00c84d    0x26  short.o [4]
  .far_func.text     ro code  0x00c873    0x24  long_util.o [4]
  .far_func.text     ro code  0x00c897    0x21  queue.o [1]
  .far_func.text     ro code  0x00c8b8    0x21  stm8l15x_exti.o [1]
  .far_func.text     ro code  0x00c8d9    0x21  stm8l15x_usart.o [1]
  .far_func.text     ro code  0x00c8fa    0x20  stm8l15x_usart.o [1]
  .far_func.text     ro code  0x00c91a    0x1e  queue.o [1]
  .far_func.text     ro code  0x00c938    0x1e  init.o [4]
  .far_func.text     ro code  0x00c956    0x1e  init_small.o [4]
  .far_func.text     ro code  0x00c974    0x1d  uart.o [1]
  .far_func.text     ro code  0x00c991    0x1c  stm8l15x_exti.o [1]
  .far_func.text     ro code  0x00c9ad    0x1b  queue.o [1]
  .far_func.text     ro code  0x00c9c8    0x19  stm8l15x_flash.o [1]
  .far_func.text     ro code  0x00c9e1    0x19  xgetmemchunk.o [4]
  .far_func.text     ro code  0x00c9fa    0x17  cstartup.o [4]
  .far_func.text     ro code  0x00ca11    0x16  __dbg_xxexit.o [3]
  .far_func.text     ro code  0x00ca27    0x15  memset.o [4]
  .far_func.text     ro code  0x00ca3c    0x13  LCD_ZK.o [1]
  .far_func.text     ro code  0x00ca4f    0x13  queue.o [1]
  .far_func.text     ro code  0x00ca62    0x13  stm8l15x_clk.o [1]
  .far_func.text     ro code  0x00ca75    0x11  mini-printf.o [1]
  .far_func.text     ro code  0x00ca86     0xd  key.o [1]
  .far_func.text     ro code  0x00ca93     0xd  stm8l15x_clk.o [1]
  .far_func.text     ro code  0x00caa0     0xd  stm8l15x_clk.o [1]
  .far_func.text     ro code  0x00caad     0xd  stm8l15x_clk.o [1]
  .far_func.text     ro code  0x00caba     0xd  stm8l15x_pwr.o [1]
  .far_func.text     ro code  0x00cac7     0xd  stm8l15x_pwr.o [1]
  .far_func.text     ro code  0x00cad4     0xd  move.o [4]
  .far_func.text     ro code  0x00cae1     0xb  stm8l15x_gpio.o [1]
  .far_func.text     ro code  0x00caec     0xa  stm8l15x_it.o [1]
  .far_func.text     ro code  0x00caf6     0x9  beep.o [1]
  .far_func.text     ro code  0x00caff     0x9  uart.o [1]
  .far_func.text     ro code  0x00cb08     0x8  low_power.o [1]
  .far_func.text     ro code  0x00cb10     0x8  xxmemxmalloc.o [4]
  .far_func.text     ro code  0x00cb18     0x7  mini-printf.o [1]
  .far_func.text     ro code  0x00cb1f     0x6  key.o [1]
  .far_func.text     ro code  0x00cb25     0x6  cexit.o [4]
  .far_func.text     ro code  0x00cb2b     0x5  stm8l15x_flash.o [1]
  .far_func.text     ro code  0x00cb30     0x5  stm8l15x_pwr.o [1]
  .far_func.text     ro code  0x00cb35     0x5  stm8l15x_tim2.o [1]
  .far_func.text     ro code  0x00cb3a     0x5  stm8l15x_tim3.o [1]
  .far_func.text     ro code  0x00cb3f     0x5  sysclk.o [1]
  .far_func.text     ro code  0x00cb44     0x4  stm8l15x_clk.o [1]
  .far_func.text     ro code  0x00cb48     0x4  stm8l15x_clk.o [1]
  .far_func.text     ro code  0x00cb4c     0x4  stm8l15x_clk.o [1]
  .far_func.text     ro code  0x00cb50     0x4  stm8l15x_gpio.o [1]
  .far_func.text     ro code  0x00cb54     0x4  stm8l15x_it.o [1]
  .far_func.text     ro code  0x00cb58     0x4  interrupt.o [4]
  .far_func.text     ro code  0x00cb5c     0x4  exit.o [4]
  .far_func.text     ro code  0x00cb60     0x3  stm8l15x_gpio.o [1]
  .far_func.text     ro code  0x00cb63     0x3  stm8l15x_gpio.o [1]
  .far_func.text     ro code  0x00cb66     0x3  stm8l15x_usart.o [1]
  .far_func.text     ro code  0x00cb69     0x3  low_level_init.o [4]
  .far_func.text     ro code  0x00cb6c     0x3  unhandled_exception.o [4]
  .far_func.text     ro code  0x00cb6f     0x1  main.o [1]
  .far_func.text     ro code  0x00cb70     0x1  main.o [1]
  .far_func.text     ro code  0x00cb71     0x1  stm8l15x_it.o [1]
  .far_func.text     ro code  0x00cb72     0x1  stm8l15x_it.o [1]
  .far_func.text     ro code  0x00cb73     0x1  stm8l15x_it.o [1]
  .far_func.text     ro code  0x00cb74     0x1  stm8l15x_it.o [1]
  .far_func.text     ro code  0x00cb75     0x1  stm8l15x_it.o [1]
  .far_func.text     ro code  0x00cb76     0x1  stm8l15x_it.o [1]
  .far_func.text     ro code  0x00cb77     0x1  stm8l15x_it.o [1]
  .far_func.text     ro code  0x00cb78     0x1  stm8l15x_it.o [1]
  .far_func.text     ro code  0x00cb79     0x1  stm8l15x_it.o [1]
  .far_func.text     ro code  0x00cb7a     0x1  stm8l15x_it.o [1]
  .far_func.text     ro code  0x00cb7b     0x1  stm8l15x_it.o [1]
  .far_func.text     ro code  0x00cb7c     0x1  stm8l15x_it.o [1]
  .far_func.text     ro code  0x00cb7d     0x1  stm8l15x_it.o [1]
  .far_func.text     ro code  0x00cb7e     0x1  stm8l15x_it.o [1]
  .far_func.text     ro code  0x00cb7f     0x1  stm8l15x_it.o [1]
  .far_func.text     ro code  0x00cb80     0x1  stm8l15x_it.o [1]
  .far_func.text     ro code  0x00cb81     0x1  stm8l15x_it.o [1]
  .far_func.text     ro code  0x00cb82     0x1  stm8l15x_it.o [1]
  .far_func.text     ro code  0x00cb83     0x1  stm8l15x_it.o [1]
  .far_func.text     ro code  0x00cb84     0x1  stm8l15x_it.o [1]
  .far_func.text     ro code  0x00cb85     0x1  stm8l15x_it.o [1]
  .far_func.text     ro code  0x00cb86     0x1  __dbg_break.o [3]
                            - 0x00cb87  0x29c3


*******************************************************************************
*** INIT TABLE
***

          Address   Size
          -------   ----
Zero (__iar_zero_init2)
    1 destination range, total size 0x2dd:
          0x00001a  0x2dd

Copy (__iar_copy_init2)
    1 source range, total size 0xa:
          0x00a1ba    0xa
    1 destination range, total size 0xa:
          0x000010    0xa



*******************************************************************************
*** MODULE SUMMARY
***

    Module                 ro code  ro data  rw data  rw data
                                                       (abs)
    ------                 -------  -------  -------  -------
C:\Users\xs\Desktop\stm8_uart_oled--newKey\Debug\Obj: [1]
    LCD_ZK.o                 2 090                 4
    beep.o                      61                          1
    key.o                      355                 6
    low_power.o                239
    main.o                   1 654      268      652
    mini-printf.o              919                 3
    queue.o                    468
    stm8l15x_clk.o             404        5
    stm8l15x_exti.o            333
    stm8l15x_flash.o            30
    stm8l15x_gpio.o            195
    stm8l15x_it.o              659                71
    stm8l15x_pwr.o             117
    stm8l15x_tim2.o             92
    stm8l15x_tim3.o            107
    stm8l15x_usart.o           679
    sysclk.o                    48
    timer.o                     89
    uart.o                     753       31        1
    ---------------------------------------------------------
    Total:                   9 292      304      737        1

command line: [2]
    ---------------------------------------------------------
    Total:

dbgstm8mmd.a: [3]
    __dbg_break.o                1
    __dbg_xxexit.o              22
    ---------------------------------------------------------
    Total:                      23

dlstm8mmn.a: [4]
    cexit.o                      6
    cstartup.o                  23
    exit.o                       4
    far_util.o                  42
    init.o                      30
    init_small.o                70
    interrupt.o                  4      128
    long.o                     296
    long_util.o                 36
    low_level_init.o             3
    memset.o                    21
    move.o                      13
    short.o                     38
    unhandled_exception.o        3
    vreg_util.o                279
    vregs.o                                       16
    xgetmemchunk.o              25                 2
    xxmemxfree.o               212
    xxmemxmalloc.o             271                 4
    ---------------------------------------------------------
    Total:                   1 376      128       22

    Linker created                       20      888
-------------------------------------------------------------
    Grand Total:            10 691      452    1 647        1


*******************************************************************************
*** ENTRY LIST
***

Entry                    Address   Size  Type      Object
-----                    -------   ----  ----      ------
.iar.init_table$$Base   0x00a0b1          --   Gb  - Linker created -
.iar.init_table$$Limit  0x00a0c5          --   Gb  - Linker created -
?add32_l0_l0_0x         0x00af22         Code  Gb  long.o [4]
?b0                     0x000000         Data  Gb  vregs.o [4]
?b1                     0x000001         Data  Gb  vregs.o [4]
?b10                    0x00000a         Data  Gb  vregs.o [4]
?b11                    0x00000b         Data  Gb  vregs.o [4]
?b12                    0x00000c         Data  Gb  vregs.o [4]
?b13                    0x00000d         Data  Gb  vregs.o [4]
?b14                    0x00000e         Data  Gb  vregs.o [4]
?b15                    0x00000f         Data  Gb  vregs.o [4]
?b2                     0x000002         Data  Gb  vregs.o [4]
?b3                     0x000003         Data  Gb  vregs.o [4]
?b4                     0x000004         Data  Gb  vregs.o [4]
?b5                     0x000005         Data  Gb  vregs.o [4]
?b6                     0x000006         Data  Gb  vregs.o [4]
?b7                     0x000007         Data  Gb  vregs.o [4]
?b8                     0x000008         Data  Gb  vregs.o [4]
?b9                     0x000009         Data  Gb  vregs.o [4]
?e0                     0x000001         Data  Gb  vregs.o [4]
?e1                     0x000005         Data  Gb  vregs.o [4]
?e2                     0x000009         Data  Gb  vregs.o [4]
?e3                     0x00000d         Data  Gb  vregs.o [4]
?epilogue_l2            0x00b210         Code  Gb  vreg_util.o [4]
?epilogue_l2_l3         0x00b20c         Code  Gb  vreg_util.o [4]
?epilogue_l2_w6         0x00b215         Code  Gb  vreg_util.o [4]
?epilogue_w4            0x00b21e         Code  Gb  vreg_util.o [4]
?l0                     0x000000         Data  Gb  vregs.o [4]
?l1                     0x000004         Data  Gb  vregs.o [4]
?l2                     0x000008         Data  Gb  vregs.o [4]
?l3                     0x00000c         Data  Gb  vregs.o [4]
?load24_0x_e0           0x00c7c7         Code  Gb  far_util.o [4]
?load24_e0_0x           0x00c7ab         Code  Gb  far_util.o [4]
?load24_e1_0x           0x00c7b9         Code  Gb  far_util.o [4]
?load32_0x_l0           0x00c889         Code  Gb  long_util.o [4]
?load32_l0_0x           0x00c873         Code  Gb  long_util.o [4]
?load32_xsp_l0          0x00c87f         Code  Gb  long_util.o [4]
?mov_e0_e2              0x00b257         Code  Gb  vreg_util.o [4]
?mov_e1_e3              0x00b264         Code  Gb  vreg_util.o [4]
?mov_e3_e0              0x00b271         Code  Gb  vreg_util.o [4]
?mov_l0_l2              0x00b254         Code  Gb  vreg_util.o [4]
?mov_l1_l3              0x00b261         Code  Gb  vreg_util.o [4]
?mov_l3_l0              0x00b26e         Code  Gb  vreg_util.o [4]
?mov_w0_w2              0x00b223         Code  Gb  vreg_util.o [4]
?mov_w0_w7              0x00b22a         Code  Gb  vreg_util.o [4]
?mov_w1_w0              0x00b231         Code  Gb  vreg_util.o [4]
?mov_w1_w5              0x00b25a         Code  Gb  vreg_util.o [4]
?mov_w3_w7              0x00b267         Code  Gb  vreg_util.o [4]
?mov_w4_w1              0x00b238         Code  Gb  vreg_util.o [4]
?mov_w5_w0              0x00b23f         Code  Gb  vreg_util.o [4]
?mov_w6_w0              0x00b246         Code  Gb  vreg_util.o [4]
?mov_w7_w1              0x00b274         Code  Gb  vreg_util.o [4]
?mov_w7_w2              0x00b24d         Code  Gb  vreg_util.o [4]
?move1616_v_x_y_a       0x00cad4         Code  Gb  move.o [4]
?mul16_x_x_w0           0x00c84d         Code  Gb  short.o [4]
?mul32_l0_l0_0x         0x00af3a         Code  Gb  long.o [4]
?mul32_l0_l0_l1         0x00af43         Code  Gb  long.o [4]
?pop_l0                 0x00b1d4         Code  Gb  vreg_util.o [4]
?pop_l1                 0x00b1df         Code  Gb  vreg_util.o [4]
?pop_l2                 0x00b1ea         Code  Gb  vreg_util.o [4]
?pop_l3                 0x00b1f5         Code  Gb  vreg_util.o [4]
?pop_w4                 0x00b185         Code  Gb  vreg_util.o [4]
?pop_w6                 0x00b18c         Code  Gb  vreg_util.o [4]
?push_l0                0x00b19f         Code  Gb  vreg_util.o [4]
?push_l1                0x00b1a4         Code  Gb  vreg_util.o [4]
?push_l2                0x00b1a9         Code  Gb  vreg_util.o [4]
?push_l3                0x00b1ae         Code  Gb  vreg_util.o [4]
?push_w4                0x00b164         Code  Gb  vreg_util.o [4]
?push_w6                0x00b169         Code  Gb  vreg_util.o [4]
?sext32_l0_x            0x00b03f         Code  Gb  long.o [4]
?sll16_x_x_a            0x00c86b         Code  Gb  short.o [4]
?srl32_0x_0x_a          0x00b031         Code  Gb  long.o [4]
?srl32_l0_l0_a          0x00b02e         Code  Gb  long.o [4]
?udiv32_l0_l0_l1        0x00afc1         Code  Gb  long.o [4]
?umod32_l1_l0_l1        0x00afc1         Code  Gb  long.o [4]
?w0                     0x000000         Data  Gb  vregs.o [4]
?w1                     0x000002         Data  Gb  vregs.o [4]
?w2                     0x000004         Data  Gb  vregs.o [4]
?w3                     0x000006         Data  Gb  vregs.o [4]
?w4                     0x000008         Data  Gb  vregs.o [4]
?w5                     0x00000a         Data  Gb  vregs.o [4]
?w6                     0x00000c         Data  Gb  vregs.o [4]
?w7                     0x00000e         Data  Gb  vregs.o [4]
ADC1_COMP_IRQHandler    0x00cb7d    0x1  Code  Gb  stm8l15x_it.o [1]
AppState                0x0002f0    0x1  Data  Gb  main.o [1]
BeepInit                0x00ca86    0xd  Code  Gb  key.o [1]
CLK_DeInit              0x00c4dd   0x41  Code  Gb  stm8l15x_clk.o [1]
CLK_GetClockFreq        0x00bd18   0x7e  Code  Gb  stm8l15x_clk.o [1]
CLK_GetSYSCLKSource     0x00cb4c    0x4  Code  Gb  stm8l15x_clk.o [1]
CLK_HSICmd              0x00ca93    0xd  Code  Gb  stm8l15x_clk.o [1]
CLK_HaltConfig          0x00ca62   0x13  Code  Gb  stm8l15x_clk.o [1]
CLK_LSICmd              0x00caa0    0xd  Code  Gb  stm8l15x_clk.o [1]
CLK_PeripheralClockConfig
                        0x00baee   0x8f  Code  Gb  stm8l15x_clk.o [1]
CLK_SYSCLKDivConfig     0x00cb48    0x4  Code  Gb  stm8l15x_clk.o [1]
CLK_SYSCLKSourceConfig  0x00cb44    0x4  Code  Gb  stm8l15x_clk.o [1]
CLK_SYSCLKSourceSwitchCmd
                        0x00caad    0xd  Code  Gb  stm8l15x_clk.o [1]
CSTACK$$Base            0x0006e0          --   Gb  - Linker created -
CSTACK$$Limit           0x000800          --   Gb  - Linker created -
CreateQueue             0x00c897   0x21  Code  Gb  queue.o [1]
DMA1_CHANNEL0_1_IRQHandler
                        0x00cb73    0x1  Code  Gb  stm8l15x_it.o [1]
DMA1_CHANNEL2_3_IRQHandler
                        0x00cb74    0x1  Code  Gb  stm8l15x_it.o [1]
DeQueue                 0x00c0ed   0x5a  Code  Gb  queue.o [1]
EXTI0_IRQHandler        0x00cb77    0x1  Code  Gb  stm8l15x_it.o [1]
EXTI1_IRQHandler        0x00c49a   0x43  Code  Gb  stm8l15x_it.o [1]
EXTI2_IRQHandler        0x00c598   0x38  Code  Gb  stm8l15x_it.o [1]
EXTI3_IRQHandler        0x00cb78    0x1  Code  Gb  stm8l15x_it.o [1]
EXTI4_IRQHandler        0x00cb79    0x1  Code  Gb  stm8l15x_it.o [1]
EXTI5_IRQHandler        0x00cb7a    0x1  Code  Gb  stm8l15x_it.o [1]
EXTI6_IRQHandler        0x00c37e   0x49  Code  Gb  stm8l15x_it.o [1]
EXTI7_IRQHandler        0x00cb7b    0x1  Code  Gb  stm8l15x_it.o [1]
EXTIB_IRQHandler        0x00cb75    0x1  Code  Gb  stm8l15x_it.o [1]
EXTID_IRQHandler        0x00cb76    0x1  Code  Gb  stm8l15x_it.o [1]
EXTIE_F_PVD_IRQHandler  0x00c66f   0x31  Code  Gb  stm8l15x_it.o [1]
EXTI_ClearITPendingBit  0x00c8b8   0x21  Code  Gb  stm8l15x_exti.o [1]
EXTI_GetITStatus        0x00c991   0x1c  Code  Gb  stm8l15x_exti.o [1]
EXTI_SetPinSensitivity  0x00b27b  0x110  Code  Gb  stm8l15x_exti.o [1]
EnQueue                 0x00c29a   0x4f  Code  Gb  queue.o [1]
EnterHaltSleep          0x00cb08    0x8  Code  Gb  low_power.o [1]
ExitHaltSleep           0x00c335   0x49  Code  Gb  low_power.o [1]
FLASH_EraseByte         0x00cb2b    0x5  Code  Gb  stm8l15x_flash.o [1]
FLASH_IRQHandler        0x00cb72    0x1  Code  Gb  stm8l15x_it.o [1]
FLASH_Unlock            0x00c9c8   0x19  Code  Gb  stm8l15x_flash.o [1]
GBZK_GPIO_Config        0x00c2e9   0x4c  Code  Gb  LCD_ZK.o [1]
GPIO_Config             0x00c147   0x59  Code  Gb  key.o [1]
GPIO_Init               0x00b72c   0xae  Code  Gb  stm8l15x_gpio.o [1]
GPIO_LowPower_Config    0x00b885   0x9e  Code  Gb  low_power.o [1]
GPIO_ReadInputDataBit   0x00cae1    0xb  Code  Gb  stm8l15x_gpio.o [1]
GPIO_ResetBits          0x00cb50    0x4  Code  Gb  stm8l15x_gpio.o [1]
GPIO_SetBits            0x00cb60    0x3  Code  Gb  stm8l15x_gpio.o [1]
GPIO_ToggleBits         0x00cb63    0x3  Code  Gb  stm8l15x_gpio.o [1]
HEAP$$Base              0x0002f7          --   Gb  - Linker created -
HEAP$$Limit             0x00054f          --   Gb  - Linker created -
HelpMsg                 0x000017    0x2  Data  Gb  main.o [1]
I2C1_IRQHandler         0x00cb85    0x1  Code  Gb  stm8l15x_it.o [1]
INTVEC$$Base            0x00a000          --   Gb  - Linker created -
INTVEC$$Limit           0x00a080          --   Gb  - Linker created -
IWDG_init               0x00cb6f    0x1  Code  Gb  main.o [1]
IsEmpty                 0x00ca4f   0x13  Code  Gb  queue.o [1]
IsFull                  0x00c9ad   0x1b  Code  Gb  queue.o [1]
KeyRead                 0x00cb1f    0x6  Code  Gb  key.o [1]
KeyWake                 0x0002f5    0x1  Data  Gb  stm8l15x_it.o [1]
LCD_IRQHandler          0x00cb7c    0x1  Code  Gb  stm8l15x_it.o [1]
LEDInit                 0x00c63b   0x34  Code  Gb  key.o [1]
LedF5                   0x0002f1    0x1  Data  Gb  main.o [1]
MyUart_Init             0x00bc95   0x83  Code  Gb  uart.o [1]
OLED_Display_Off        0x00b04a   0x15  Code  Gb  LCD_ZK.o [1]
OLED_Display_On         0x00b05f   0x15  Code  Gb  LCD_ZK.o [1]
PWR_FastWakeUpCmd       0x00caba    0xd  Code  Gb  stm8l15x_pwr.o [1]
PWR_GetFlagStatus       0x00c6d0   0x2f  Code  Gb  stm8l15x_pwr.o [1]
PWR_PVDClearFlag        0x00cb30    0x5  Code  Gb  stm8l15x_pwr.o [1]
PWR_PVDGetITStatus      0x00c826   0x27  Code  Gb  stm8l15x_pwr.o [1]
PWR_UltraLowPowerCmd    0x00cac7    0xd  Code  Gb  stm8l15x_pwr.o [1]
PowerMsg                0x000010    0x4  Data  Gb  main.o [1]
PowerScan               0x00c02d   0x60  Code  Gb  key.o [1]
Power_charge            0x0002f4    0x1  Data  Gb  main.o [1]
Q                       0x00001a  0x13c  Data  Gb  main.o [1]
Q_old                   0x000156  0x13c  Data  Gb  main.o [1]
RTC_IRQHandler          0x00cb54    0x4  Code  Gb  stm8l15x_it.o [1]
ReadMsg                 0x000014    0x3  Data  Gb  main.o [1]
Region$$Table$$Base     0x00a0b1          --   Gb  - Linker created -
Region$$Table$$Limit    0x00a0c5          --   Gb  - Linker created -
RestMain                0x00a1b7    0x3  Data  Gb  uart.o [1]
SPI1_IRQHandler         0x00cb83    0x1  Code  Gb  stm8l15x_it.o [1]
SWITCH_CSS_BREAK_DAC_IRQHandler
                        0x00caec    0xa  Code  Gb  stm8l15x_it.o [1]
SYSDivFactor            0x00a1b2    0x5  Data  Gb  stm8l15x_clk.o [1]
TIM1_CAP_IRQHandler     0x00cb81    0x1  Code  Gb  stm8l15x_it.o [1]
TIM1_UPD_OVF_TRG_COM_IRQHandler
                        0x00cb80    0x1  Code  Gb  stm8l15x_it.o [1]
TIM2_ARRPreloadConfig   0x00c6ff    0xd  Code  Gb  stm8l15x_tim2.o [1]
TIM2_CAP_IRQHandler     0x00cb7e    0x1  Code  Gb  stm8l15x_it.o [1]
TIM2_ClearITPendingBit  0x00cb35    0x5  Code  Gb  stm8l15x_tim2.o [1]
TIM2_Cmd                0x00c71f    0xd  Code  Gb  stm8l15x_tim2.o [1]
TIM2_Conut              0x0002e5    0x2  Data  Gb  stm8l15x_it.o [1]
TIM2_ITConfig           0x00c70c   0x13  Code  Gb  stm8l15x_tim2.o [1]
TIM2_Init               0x00c7d5   0x29  Code  Gb  timer.o [1]
TIM2_TimeBaseInit       0x00c757   0x2a  Code  Gb  stm8l15x_tim2.o [1]
TIM2_UPD_OVF_TRG_BRK_IRQHandler
                        0x00bc0b   0x8a  Code  Gb  stm8l15x_it.o [1]
TIM3_ARRPreloadConfig   0x00c56b    0xd  Code  Gb  stm8l15x_tim3.o [1]
TIM3_CAP_IRQHandler     0x00cb7f    0x1  Code  Gb  stm8l15x_it.o [1]
TIM3_ClearITPendingBit  0x00cb3a    0x5  Code  Gb  stm8l15x_tim3.o [1]
TIM3_Cmd                0x00c58b    0xd  Code  Gb  stm8l15x_tim3.o [1]
TIM3_Conut              0x0002e7    0x2  Data  Gb  stm8l15x_it.o [1]
TIM3_ITConfig           0x00c578   0x13  Code  Gb  stm8l15x_tim3.o [1]
TIM3_Init               0x00c6a0   0x30  Code  Gb  timer.o [1]
TIM3_SetCounter         0x00c55c    0xf  Code  Gb  stm8l15x_tim3.o [1]
TIM3_TimeBaseInit       0x00c781   0x2a  Code  Gb  stm8l15x_tim3.o [1]
TIM3_UPD_OVF_TRG_BRK_IRQHandler
                        0x00c1f6   0x53  Code  Gb  stm8l15x_it.o [1]
TIM4_UPD_OVF_TRG_IRQHandler
                        0x00cb82    0x1  Code  Gb  stm8l15x_it.o [1]
TRAP_IRQHandler         0x00cb71    0x1  Code  Gb  stm8l15x_it.o [1]
USART1_RX_IRQHandler    0x00b923   0x9e  Code  Gb  stm8l15x_it.o [1]
USART1_TX_IRQHandler    0x00cb84    0x1  Code  Gb  stm8l15x_it.o [1]
USART_ClearITPendingBit
                        0x00c8fa   0x20  Code  Gb  stm8l15x_usart.o [1]
USART_Cmd               0x00c8d9   0x21  Code  Gb  stm8l15x_usart.o [1]
USART_DeInit            0x00c51e   0x3e  Code  Gb  stm8l15x_usart.o [1]
USART_GetITStatus       0x00b7da   0xab  Code  Gb  stm8l15x_usart.o [1]
USART_ITConfig          0x00ba58   0x96  Code  Gb  stm8l15x_usart.o [1]
USART_Init              0x00b574   0xe4  Code  Gb  stm8l15x_usart.o [1]
USART_RX_BUF            0x000292   0x40  Data  Gb  stm8l15x_it.o [1]
USART_RX_STA            0x0002e3    0x2  Data  Gb  stm8l15x_it.o [1]
USART_ReceiveData8      0x00cb66    0x3  Code  Gb  stm8l15x_usart.o [1]
UartScan                0x00ab79  0x203  Code  Gb  uart.o [1]
UartSendByte            0x00caff    0x9  Code  Gb  uart.o [1]
WatchDog_Feed           0x00cb70    0x1  Code  Gb  main.o [1]
_A_PA_ODR               0x005000    0x1  Data  Gb  beep.o [1]
__DebugBreak            0x00cb86    0x1  Code  Gb  __dbg_break.o [3]
__exit                  0x00ca11   0x16  Code  Gb  __dbg_xxexit.o [3]
__iar_copy_init2        0x00c7fe         Code  Gb  init_small.o [4]
__iar_data_init2        0x00c938   0x1e  Code  Gb  init.o [4]
__iar_program_start     0x00c9fa         Code  Gb  cstartup.o [4]
__iar_unhandled_exception
                        0x00cb6c         Code  Gb  unhandled_exception.o [4]
__iar_zero_init2        0x00c956         Code  Gb  init_small.o [4]
__intvec                0x00a000         Data  Gb  interrupt.o [4]
__low_level_init        0x00cb69    0x3  Code  Gb  low_level_init.o [4]
__near_Aldata           0x0002d6    0x4  Data  Gb  xxmemxmalloc.o [4]
__near_GetMemChunk      0x00c9e1   0x19  Code  Gb  xgetmemchunk.o [4]
__near_findmem          0x00bef5   0x70  Code  Lc  xxmemxmalloc.o [4]
_exit                   0x00cb25         Code  Gb  cexit.o [4]
_interrupt_1            0x00cb71         Code  Gb  stm8l15x_it.o [1]
_interrupt_10           0x00cb77         Code  Gb  stm8l15x_it.o [1]
_interrupt_11           0x00c49a         Code  Gb  stm8l15x_it.o [1]
_interrupt_12           0x00c598         Code  Gb  stm8l15x_it.o [1]
_interrupt_13           0x00cb78         Code  Gb  stm8l15x_it.o [1]
_interrupt_14           0x00cb79         Code  Gb  stm8l15x_it.o [1]
_interrupt_15           0x00cb7a         Code  Gb  stm8l15x_it.o [1]
_interrupt_16           0x00c37e         Code  Gb  stm8l15x_it.o [1]
_interrupt_17           0x00cb7b         Code  Gb  stm8l15x_it.o [1]
_interrupt_18           0x00cb7c         Code  Gb  stm8l15x_it.o [1]
_interrupt_19           0x00caec         Code  Gb  stm8l15x_it.o [1]
_interrupt_20           0x00cb7d         Code  Gb  stm8l15x_it.o [1]
_interrupt_21           0x00bc0b         Code  Gb  stm8l15x_it.o [1]
_interrupt_22           0x00cb7e         Code  Gb  stm8l15x_it.o [1]
_interrupt_23           0x00c1f6         Code  Gb  stm8l15x_it.o [1]
_interrupt_24           0x00cb7f         Code  Gb  stm8l15x_it.o [1]
_interrupt_25           0x00cb80         Code  Gb  stm8l15x_it.o [1]
_interrupt_26           0x00cb81         Code  Gb  stm8l15x_it.o [1]
_interrupt_27           0x00cb82         Code  Gb  stm8l15x_it.o [1]
_interrupt_28           0x00cb83         Code  Gb  stm8l15x_it.o [1]
_interrupt_29           0x00cb84         Code  Gb  stm8l15x_it.o [1]
_interrupt_3            0x00cb72         Code  Gb  stm8l15x_it.o [1]
_interrupt_30           0x00b923         Code  Gb  stm8l15x_it.o [1]
_interrupt_31           0x00cb85         Code  Gb  stm8l15x_it.o [1]
_interrupt_4            0x00cb73         Code  Gb  stm8l15x_it.o [1]
_interrupt_5            0x00cb74         Code  Gb  stm8l15x_it.o [1]
_interrupt_6            0x00cb54         Code  Gb  stm8l15x_it.o [1]
_interrupt_7            0x00c66f         Code  Gb  stm8l15x_it.o [1]
_interrupt_8            0x00cb75         Code  Gb  stm8l15x_it.o [1]
_interrupt_9            0x00cb76         Code  Gb  stm8l15x_it.o [1]
_putc                   0x00c3c7   0x48  Code  Lc  mini-printf.o [1]
_puts                   0x00bb7d   0x8e  Code  Lc  mini-printf.o [1]
beep                    0x0002f2    0x1  Data  Gb  main.o [1]
beep_delay              0x00caf6    0x9  Code  Gb  beep.o [1]
clear_screen            0x00c08d   0x60  Code  Gb  LCD_ZK.o [1]
delay                   0x00ca3c   0x13  Code  Gb  LCD_ZK.o [1]
delayms                 0x00c72c   0x2b  Code  Gb  sysclk.o [1]
delayus                 0x00cb3f    0x5  Code  Gb  sysclk.o [1]
display_GB2312_string   0x00a838  0x341  Code  Gb  LCD_ZK.o [1]
display_graphic_16x16   0x00be85   0x70  Code  Gb  LCD_ZK.o [1]
display_graphic_8x16    0x00bf65   0x65  Code  Gb  LCD_ZK.o [1]
exit                    0x00cb5c    0x4  Code  Gb  exit.o [4]
fontaddr                0x0002d2    0x4  Data  Gb  LCD_ZK.o [1]
free                    0x00b658   0xd4  Code  Gb  xxmemxfree.o [4]
gUartSendStr            0x0002da    0x3  Data  Gb  mini-printf.o [1]
get_data_from_ROM       0x00c1a0   0x56  Code  Lc  LCD_ZK.o [1]
get_n_bytes_data_from_ROM
                        0x00be0e   0x77  Code  Gb  LCD_ZK.o [1]
get_pack                0x00c40f   0x46  Code  Gb  queue.o [1]
initial_lcd             0x00b48e   0xe6  Code  Gb  LCD_ZK.o [1]
keyPassValue            0x0002f3    0x1  Data  Gb  main.o [1]
keyScan                 0x00bfca   0x63  Code  Gb  key.o [1]
lcd_address             0x00c5d0   0x37  Code  Gb  LCD_ZK.o [1]
led_on                  0x0002ef    0x1  Data  Gb  main.o [1]
main                    0x00a1c4  0x674  Code  Gb  main.o [1]
malloc                  0x00b9c1   0x97  Code  Gb  xxmemxmalloc.o [4]
memset                  0x00ca27   0x15  Code  Gb  memset.o [4]
mini_itoa               0x00b38b  0x103  Code  Lc  mini-printf.o [1]
mini_sprint             0x00ad7c    0xe  Code  Gb  mini-printf.o [1]
mini_strlen             0x00ca75   0x11  Code  Lc  mini-printf.o [1]
mini_vsnprintf          0x00ad8a  0x198  Code  Gb  mini-printf.o [1]
num                     0x0002f6    0x1  Data  Gb  uart.o [1]
num_l                   0x0002ee    0x1  Data  Gb  main.o [1]
num_r                   0x0002ed    0x1  Data  Gb  main.o [1]
print_init_module       0x00cb18    0x7  Code  Gb  mini-printf.o [1]
screen_off_cnt          0x0002e1    0x2  Data  Gb  main.o [1]
send_command_to_ROM     0x00c249   0x51  Code  Gb  LCD_ZK.o [1]
set_pack                0x00bd96   0x78  Code  Gb  queue.o [1]
size_queue              0x00c91a   0x1e  Code  Gb  queue.o [1]
sound2                  0x00c607   0x34  Code  Gb  beep.o [1]
tim_ack                 0x000019    0x1  Data  Gb  main.o [1]
transfer_command_lcd    0x00b0ec   0x78  Code  Gb  LCD_ZK.o [1]
transfer_data_lcd       0x00b074   0x78  Code  Gb  LCD_ZK.o [1]
uart_txarr              0x00c455   0x45  Code  Gb  uart.o [1]
uart_txstring           0x00c974   0x1d  Code  Gb  uart.o [1]


[1] = C:\Users\xs\Desktop\stm8_uart_oled--newKey\Debug\Obj
[2] = command line
[3] = dbgstm8mmd.a
[4] = dlstm8mmn.a

  10 691 bytes of readonly  code memory
     452 bytes of readonly  data memory
   1 647 bytes of readwrite data memory (+ 1 absolute)

Errors: none
Warnings: none
