###############################################################################
#
# IAR ELF Linker V2.10.4.157 for STM8                     05/Dec/2017  09:01:13
# Copyright 2010-2015 IAR Systems AB.
#
#    Output file  =  
#        C:\Users\xs\Desktop\stm8_uart_oled--newKey\Debug\Exe\demo.out
#    Map file     =  
#        C:\Users\xs\Desktop\stm8_uart_oled--newKey\Debug\List\demo.map
#    Command line =  
#        C:\Users\xs\Desktop\stm8_uart_oled--newKey\Debug\Obj\beep.o
#        C:\Users\xs\Desktop\stm8_uart_oled--newKey\Debug\Obj\key.o
#        C:\Users\xs\Desktop\stm8_uart_oled--newKey\Debug\Obj\LCD_ZK.o
#        C:\Users\xs\Desktop\stm8_uart_oled--newKey\Debug\Obj\main.o
#        C:\Users\xs\Desktop\stm8_uart_oled--newKey\BSP\mini-printf.a
#        C:\Users\xs\Desktop\stm8_uart_oled--newKey\Debug\Obj\queue.o
#        C:\Users\xs\Desktop\stm8_uart_oled--newKey\Debug\Obj\stm8l15x_adc.o
#        C:\Users\xs\Desktop\stm8_uart_oled--newKey\Debug\Obj\stm8l15x_aes.o
#        C:\Users\xs\Desktop\stm8_uart_oled--newKey\Debug\Obj\stm8l15x_beep.o
#        C:\Users\xs\Desktop\stm8_uart_oled--newKey\Debug\Obj\stm8l15x_clk.o
#        C:\Users\xs\Desktop\stm8_uart_oled--newKey\Debug\Obj\stm8l15x_comp.o
#        C:\Users\xs\Desktop\stm8_uart_oled--newKey\Debug\Obj\stm8l15x_dac.o
#        C:\Users\xs\Desktop\stm8_uart_oled--newKey\Debug\Obj\stm8l15x_dma.o
#        C:\Users\xs\Desktop\stm8_uart_oled--newKey\Debug\Obj\stm8l15x_exti.o
#        C:\Users\xs\Desktop\stm8_uart_oled--newKey\Debug\Obj\stm8l15x_flash.o
#        C:\Users\xs\Desktop\stm8_uart_oled--newKey\Debug\Obj\stm8l15x_gpio.o
#        C:\Users\xs\Desktop\stm8_uart_oled--newKey\Debug\Obj\stm8l15x_i2c.o
#        C:\Users\xs\Desktop\stm8_uart_oled--newKey\Debug\Obj\stm8l15x_irtim.o
#        C:\Users\xs\Desktop\stm8_uart_oled--newKey\Debug\Obj\stm8l15x_it.o
#        C:\Users\xs\Desktop\stm8_uart_oled--newKey\Debug\Obj\stm8l15x_itc.o
#        C:\Users\xs\Desktop\stm8_uart_oled--newKey\Debug\Obj\stm8l15x_iwdg.o
#        C:\Users\xs\Desktop\stm8_uart_oled--newKey\Debug\Obj\stm8l15x_lcd.o
#        C:\Users\xs\Desktop\stm8_uart_oled--newKey\Debug\Obj\stm8l15x_pwr.o
#        C:\Users\xs\Desktop\stm8_uart_oled--newKey\Debug\Obj\stm8l15x_rst.o
#        C:\Users\xs\Desktop\stm8_uart_oled--newKey\Debug\Obj\stm8l15x_rtc.o
#        C:\Users\xs\Desktop\stm8_uart_oled--newKey\Debug\Obj\stm8l15x_spi.o
#        C:\Users\xs\Desktop\stm8_uart_oled--newKey\Debug\Obj\stm8l15x_syscfg.o
#        C:\Users\xs\Desktop\stm8_uart_oled--newKey\Debug\Obj\stm8l15x_tim1.o
#        C:\Users\xs\Desktop\stm8_uart_oled--newKey\Debug\Obj\stm8l15x_tim2.o
#        C:\Users\xs\Desktop\stm8_uart_oled--newKey\Debug\Obj\stm8l15x_tim3.o
#        C:\Users\xs\Desktop\stm8_uart_oled--newKey\Debug\Obj\stm8l15x_tim4.o
#        C:\Users\xs\Desktop\stm8_uart_oled--newKey\Debug\Obj\stm8l15x_tim5.o
#        C:\Users\xs\Desktop\stm8_uart_oled--newKey\Debug\Obj\stm8l15x_usart.o
#        C:\Users\xs\Desktop\stm8_uart_oled--newKey\Debug\Obj\stm8l15x_wfe.o
#        C:\Users\xs\Desktop\stm8_uart_oled--newKey\Debug\Obj\stm8l15x_wwdg.o
#        C:\Users\xs\Desktop\stm8_uart_oled--newKey\Debug\Obj\sysclk.o
#        C:\Users\xs\Desktop\stm8_uart_oled--newKey\Debug\Obj\timer.o
#        C:\Users\xs\Desktop\stm8_uart_oled--newKey\Debug\Obj\uart.o -o
#        C:\Users\xs\Desktop\stm8_uart_oled--newKey\Debug\Exe\demo.out --map
#        C:\Users\xs\Desktop\stm8_uart_oled--newKey\Debug\List\demo.map
#        --config D:\IAR\stm8\config\lnkstm8l152k4.icf --config_def
#        _CSTACK_SIZE=0x400 --config_def _HEAP_SIZE=0x100 --entry
#        __iar_program_start --debug_lib
#
###############################################################################

*******************************************************************************
*** RUNTIME MODEL ATTRIBUTES
***

__Heap_Handler             = Basic
__SystemLibrary            = DLib
__code_model               = medium_or_large
__core                     = stm8
__data_model               = medium
__dlib_file_descriptor     = 0
__dlib_full_locale_support = 0
__rt_version               = 4


*******************************************************************************
*** PLACEMENT SUMMARY
***

"A1":  place at start of [0x000000-0x0000ff] { rw section .vregs };
"A2":  place at end of [0x000000-0x0007ff] { block CSTACK };
"P2":  place in [from 0x000000 to 0x0007ff] {
          block HEAP, rw section __DLIB_PERTHREAD, rw section .far.bss,
          rw section .far.data, rw section .far.noinit,
          rw section .far_func.textrw, rw section .huge.bss,
          rw section .huge.data, rw section .huge.noinit,
          rw section .huge_func.textrw, rw section .iar.dynexit,
          rw section .near.bss, rw section .near.data, rw section .near.noinit,
          rw section .near_func.textrw };
"A3":  place at start of [0x008000-0x00bfff] { block INTVEC };
"P3":  place in [from 0x008000 to 0x00bfff] {
          ro section __DLIB_PERTHREAD_init, ro section .far.data_init,
          ro section .far_func.textrw_init, ro section .huge.data_init,
          ro section .huge_func.textrw_init, ro section .iar.init_table,
          ro section .init_array, ro section .near.data_init,
          ro section .near.rodata, ro section .near_func.text,
          ro section .near_func.textrw_init, ro section .tiny.data_init,
          ro section .tiny.rodata_init };
"P4":  place in [from 0x008000 to 0x00bfff] {
          ro section .far.rodata, ro section .far_func.text };

  Section          Kind      Address    Size  Object
  -------          ----      -------    ----  ------
"A1":                                   0x10
  .vregs           uninit   0x000000    0x10  vregs.o [4]
                          - 0x000010    0x10

"P2":                                  0x3b7
  HEAP                      0x000010   0x100  <Block>
    HEAP           uninit   0x000010   0x100  <Block tail>
  .near.bss        zero     0x000110   0x130  main.o [1]
  .near.bss        zero     0x000240   0x130  main.o [1]
  .near.bss        zero     0x000370    0x40  stm8l15x_it.o [1]
  .near.bss        zero     0x0003b0     0x4  xxmemxmalloc.o [4]
  .near.bss        zero     0x0003b4     0x3  mini-printf.o [5]
  .near.bss        zero     0x0003b7     0x2  stm8l15x_it.o [1]
  .near.bss        zero     0x0003b9     0x2  stm8l15x_it.o [1]
  .near.bss        zero     0x0003bb     0x2  stm8l15x_it.o [1]
  .near.bss        zero     0x0003bd     0x2  xgetmemchunk.o [4]
  .near.bss        zero     0x0003bf     0x1  key.o [1]
  .near.bss        zero     0x0003c0     0x1  key.o [1]
  .near.bss        zero     0x0003c1     0x1  main.o [1]
  .near.bss        zero     0x0003c2     0x1  main.o [1]
  .near.bss        zero     0x0003c3     0x1  main.o [1]
  .near.bss        zero     0x0003c4     0x1  main.o [1]
  .near.bss        zero     0x0003c5     0x1  main.o [1]
  .near.bss        zero     0x0003c6     0x1  uart.o [1]
                          - 0x0003c7   0x3b7

"A2":                                  0x400
  CSTACK                    0x000400   0x400  <Block>
    CSTACK         uninit   0x000400   0x400  <Block tail>
                          - 0x000800   0x400

"A3":                                   0x80
  INTVEC                    0x008000    0x80  <Block>
    .intvec        const    0x008000    0x80  interrupt.o [4]
                          - 0x008080    0x80

"P3":                                  0x486
  .near.rodata     const    0x008080   0x400  LCD_ZK.o [1]
  .iar.init_table  const    0x008480    0x11  - Linker created -
  .near.rodata     const    0x008491    0x14  main.o [1]
  .near.rodata     const    0x0084a5    0x14  main.o [1]
  .near.rodata     const    0x0084b9     0xe  main.o [1]
  .near.rodata     const    0x0084c7     0xd  main.o [1]
  .near.rodata     const    0x0084d4     0xc  main.o [1]
  .near.rodata     const    0x0084e0     0x8  main.o [1]
  .near.rodata     const    0x0084e8     0x7  xprintflarge_nomb.o [4]
  .near.rodata     const    0x0084ef     0x5  stm8l15x_clk.o [1]
  .near.rodata     const    0x0084f4     0x4  xprintflarge_nomb.o [4]
  .near.rodata     const    0x0084f8     0x4  xprintflarge_nomb.o [4]
  .near.rodata     const    0x0084fc     0x4  xprintflarge_nomb.o [4]
  .near.rodata     const    0x008500     0x4  xprintflarge_nomb.o [4]
  .near.rodata     const    0x008504     0x2  xprintflarge_nomb.o [4]
                          - 0x008506   0x486

"P4":                                 0x2ae1
  .far_func.text   ro code  0x008506   0x4e7  xprintflarge_nomb.o [4]
  .far_func.text   ro code  0x0089ed   0x447  float.o [4]
  .far_func.text   ro code  0x008e34   0x3b5  xprintflarge_nomb.o [4]
  .far_func.text   ro code  0x0091e9   0x2ae  xprintflarge_nomb.o [4]
  .far_func.text   ro code  0x009497   0x22d  LCD_ZK.o [1]
  .far_func.text   ro code  0x0096c4   0x1df  vreg_util.o [4]
  .far_func.text   ro code  0x0098a3   0x1a6  mini-printf.o [5]
  .far_func.text   ro code  0x009a49   0x187  long.o [4]
  .far_func.text   ro code  0x009bd0   0x17f  xprintflarge_nomb.o [4]
  .far_func.text   ro code  0x009d4f   0x103  mini-printf.o [5]
  .far_func.text   ro code  0x009e52    0xd4  xxmemxfree.o [4]
  .far_func.text   ro code  0x009f26    0xb5  main.o [1]
  .far_func.text   ro code  0x009fdb    0x97  xxmemxmalloc.o [4]
  .far_func.text   ro code  0x00a072    0x91  stm8l15x_usart.o [1]
  .far_func.text   ro code  0x00a103    0x8e  mini-printf.o [5]
  .far_func.text   ro code  0x00a191    0x8c  stm8l15x_it.o [1]
  .far_func.text   ro code  0x00a21d    0x80  uart.o [1]
  .far_func.text   ro code  0x00a29d    0x74  uart.o [1]
  .far_func.text   ro code  0x00a311    0x70  xxmemxmalloc.o [4]
  .far_func.text   ro code  0x00a381    0x6b  stm8l15x_gpio.o [1]
  .far_func.text   ro code  0x00a3ec    0x67  stm8l15x_usart.o [1]
  .far_func.text   ro code  0x00a453    0x64  long_util.o [4]
  .far_func.text   ro code  0x00a4b7    0x5d  stm8l15x_clk.o [1]
  .far_func.text   ro code  0x00a514    0x5c  stm8l15x_usart.o [1]
  .far_func.text   ro code  0x00a570    0x5b  main.o [1]
  .far_func.text   ro code  0x00a5cb    0x59  key.o [1]
  .far_func.text   ro code  0x00a624    0x52  stm8l15x_it.o [1]
  .far_func.text   ro code  0x00a676    0x52  float_libsup.o [4]
  .far_func.text   ro code  0x00a6c8    0x51  xprintflarge_nomb.o [4]
  .far_func.text   ro code  0x00a719    0x4b  xprintflarge_nomb.o [4]
  .far_func.text   ro code  0x00a764    0x48  queue.o [1]
  .far_func.text   ro code  0x00a7ac    0x48  mini-printf.o [5]
  .far_func.text   ro code  0x00a7f4    0x45  sprintf.o [4]
  .far_func.text   ro code  0x00a839    0x3f  main.o [1]
  .far_func.text   ro code  0x00a878    0x3f  short.o [4]
  .far_func.text   ro code  0x00a8b7    0x3d  xprintflarge_nomb.o [4]
  .far_func.text   ro code  0x00a8f4    0x3b  xprintflarge_nomb.o [4]
  .far_func.text   ro code  0x00a92f    0x39  stm8l15x_clk.o [1]
  .far_func.text   ro code  0x00a968    0x38  queue.o [1]
  .far_func.text   ro code  0x00a9a0    0x37  LCD_ZK.o [1]
  .far_func.text   ro code  0x00a9d7    0x37  queue.o [1]
  .far_func.text   ro code  0x00aa0e    0x36  far_util.o [4]
  .far_func.text   ro code  0x00aa44    0x34  div.o [4]
  .far_func.text   ro code  0x00aa78    0x32  stm8l15x_it.o [1]
  .far_func.text   ro code  0x00aaaa    0x2e  xprintflarge_nomb.o [4]
  .far_func.text   ro code  0x00aad8    0x2c  dc_util.o [4]
  .far_func.text   ro code  0x00ab04    0x29  key.o [1]
  .far_func.text   ro code  0x00ab2d    0x27  stm8l15x_it.o [1]
  .far_func.text   ro code  0x00ab54    0x26  memcpy.o [4]
  .far_func.text   ro code  0x00ab7a    0x23  sysclk.o [1]
  .far_func.text   ro code  0x00ab9d    0x23  timer.o [1]
  .far_func.text   ro code  0x00abc0    0x20  stm8l15x_tim2.o [1]
  .far_func.text   ro code  0x00abe0    0x1f  stm8l15x_pwr.o [1]
  .far_func.text   ro code  0x00abff    0x1e  init.o [4]
  .far_func.text   ro code  0x00ac1d    0x1e  xprintflarge_nomb.o [4]
  .far_func.text   ro code  0x00ac3b    0x1e  init_small.o [4]
  .far_func.text   ro code  0x00ac59    0x1d  stm8l15x_adc.o [1]
  .far_func.text   ro code  0x00ac76    0x1c  stm8l15x_pwr.o [1]
  .far_func.text   ro code  0x00ac92    0x19  xgetmemchunk.o [4]
  .far_func.text   ro code  0x00acab    0x17  cstartup.o [4]
  .far_func.text   ro code  0x00acc2    0x16  queue.o [1]
  .far_func.text   ro code  0x00acd8    0x16  stm8l15x_adc.o [1]
  .far_func.text   ro code  0x00acee    0x16  __dbg_xxexit.o [3]
  .far_func.text   ro code  0x00ad04    0x15  stm8l15x_it.o [1]
  .far_func.text   ro code  0x00ad19    0x15  memset.o [4]
  .far_func.text   ro code  0x00ad2e    0x15  memchr.o [4]
  .far_func.text   ro code  0x00ad43    0x15  strchr.o [4]
  .far_func.text   ro code  0x00ad58    0x12  stm8l15x_adc.o [1]
  .far_func.text   ro code  0x00ad6a    0x12  strlen.o [4]
  .far_func.text   ro code  0x00ad7c    0x11  stm8l15x_tim2.o [1]
  .far_func.text   ro code  0x00ad8d    0x11  mini-printf.o [5]
  .far_func.text   ro code  0x00ad9e    0x10  stm8l15x_usart.o [1]
  .far_func.text   ro code  0x00adae    0x10  xprintflarge_nomb.o [4]
  .far_func.text   ro code  0x00adbe    0x10  xprintflarge_nomb.o [4]
  .far_func.text   ro code  0x00adce     0xf  stm8l15x_adc.o [1]
  .far_func.text   ro code  0x00addd     0xf  uart.o [1]
  .far_func.text   ro code  0x00adec     0xe  stm8l15x_tim2.o [1]
  .far_func.text   ro code  0x00adfa     0xe  uart.o [1]
  .far_func.text   ro code  0x00ae08     0xe  xsprout.o [4]
  .far_func.text   ro code  0x00ae16     0xd  main.o [1]
  .far_func.text   ro code  0x00ae23     0xd  queue.o [1]
  .far_func.text   ro code  0x00ae30     0xd  stm8l15x_adc.o [1]
  .far_func.text   ro code  0x00ae3d     0xd  stm8l15x_adc.o [1]
  .far_func.text   ro code  0x00ae4a     0xd  stm8l15x_tim2.o [1]
  .far_func.text   ro code  0x00ae57     0xd  stm8l15x_tim2.o [1]
  .far_func.text   ro code  0x00ae64     0xd  move.o [4]
  .far_func.text   ro code  0x00ae71     0xc  LCD_ZK.o [1]
  .far_func.text   ro code  0x00ae7d     0xc  main.o [1]
  .far_func.text   ro code  0x00ae89     0xc  stm8l15x_adc.o [1]
  .far_func.text   ro code  0x00ae95     0xc  stm8l15x_usart.o [1]
  .far_func.text   ro code  0x00aea1     0xc  xprintflarge_nomb.o [4]
  .far_func.text   ro code  0x00aead     0xb  LCD_ZK.o [1]
  .far_func.text   ro code  0x00aeb8     0xb  stm8l15x_usart.o [1]
  .far_func.text   ro code  0x00aec3     0xb  timer.o [1]
  .far_func.text   ro code  0x00aece     0xb  xprintflarge_nomb.o [4]
  .far_func.text   ro code  0x00aed9     0xb  xprintflarge_nomb.o [4]
  .far_func.text   ro code  0x00aee4     0xa  stm8l15x_it.o [1]
  .far_func.text   ro code  0x00aeee     0xa  xprintflarge_nomb.o [4]
  .far_func.text   ro code  0x00aef8     0x9  key.o [1]
  .far_func.text   ro code  0x00af01     0x9  LCD_ZK.o [1]
  .far_func.text   ro code  0x00af0a     0x9  LCD_ZK.o [1]
  .far_func.text   ro code  0x00af13     0x9  LCD_ZK.o [1]
  .far_func.text   ro code  0x00af1c     0x9  uart.o [1]
  .far_func.text   ro code  0x00af25     0x9  uart.o [1]
  .far_func.text   ro code  0x00af2e     0x9  uart.o [1]
  .far_func.text   ro code  0x00af37     0x9  uart.o [1]
  .far_func.text   ro code  0x00af40     0x9  xprintflarge_nomb.o [4]
  .far_func.text   ro code  0x00af49     0x9  xprintflarge_nomb.o [4]
  .far_func.text   ro code  0x00af52     0x8  key.o [1]
  .far_func.text   ro code  0x00af5a     0x8  main.o [1]
  .far_func.text   ro code  0x00af62     0x8  xxmemxmalloc.o [4]
  .far_func.text   ro code  0x00af6a     0x7  main.o [1]
  .far_func.text   ro code  0x00af71     0x7  stm8l15x_it.o [1]
  .far_func.text   ro code  0x00af78     0x7  mini-printf.o [5]
  .far_func.text   ro code  0x00af7f     0x7  xprintflarge_nomb.o [4]
  .far_func.text   ro code  0x00af86     0x6  stm8l15x_adc.o [1]
  .far_func.text   ro code  0x00af8c     0x6  cexit.o [4]
  .far_func.text   ro code  0x00af92     0x5  stm8l15x_adc.o [1]
  .far_func.text   ro code  0x00af97     0x5  stm8l15x_pwr.o [1]
  .far_func.text   ro code  0x00af9c     0x5  stm8l15x_tim2.o [1]
  .far_func.text   ro code  0x00afa1     0x5  stm8l15x_tim3.o [1]
  .far_func.text   ro code  0x00afa6     0x5  sysclk.o [1]
  .far_func.text   ro code  0x00afab     0x4  stm8l15x_clk.o [1]
  .far_func.text   ro code  0x00afaf     0x4  stm8l15x_gpio.o [1]
  .far_func.text   ro code  0x00afb3     0x4  stm8l15x_it.o [1]
  .far_func.text   ro code  0x00afb7     0x4  interrupt.o [4]
  .far_func.text   ro code  0x00afbb     0x4  exit.o [4]
  .far_func.text   ro code  0x00afbf     0x3  stm8l15x_gpio.o [1]
  .far_func.text   ro code  0x00afc2     0x3  stm8l15x_gpio.o [1]
  .far_func.text   ro code  0x00afc5     0x3  stm8l15x_usart.o [1]
  .far_func.text   ro code  0x00afc8     0x3  low_level_init.o [4]
  .far_func.text   ro code  0x00afcb     0x3  unhandled_exception.o [4]
  .far_func.text   ro code  0x00afce     0x1  stm8l15x_it.o [1]
  .far_func.text   ro code  0x00afcf     0x1  stm8l15x_it.o [1]
  .far_func.text   ro code  0x00afd0     0x1  stm8l15x_it.o [1]
  .far_func.text   ro code  0x00afd1     0x1  stm8l15x_it.o [1]
  .far_func.text   ro code  0x00afd2     0x1  stm8l15x_it.o [1]
  .far_func.text   ro code  0x00afd3     0x1  stm8l15x_it.o [1]
  .far_func.text   ro code  0x00afd4     0x1  stm8l15x_it.o [1]
  .far_func.text   ro code  0x00afd5     0x1  stm8l15x_it.o [1]
  .far_func.text   ro code  0x00afd6     0x1  stm8l15x_it.o [1]
  .far_func.text   ro code  0x00afd7     0x1  stm8l15x_it.o [1]
  .far_func.text   ro code  0x00afd8     0x1  stm8l15x_it.o [1]
  .far_func.text   ro code  0x00afd9     0x1  stm8l15x_it.o [1]
  .far_func.text   ro code  0x00afda     0x1  stm8l15x_it.o [1]
  .far_func.text   ro code  0x00afdb     0x1  stm8l15x_it.o [1]
  .far_func.text   ro code  0x00afdc     0x1  stm8l15x_it.o [1]
  .far_func.text   ro code  0x00afdd     0x1  stm8l15x_it.o [1]
  .far_func.text   ro code  0x00afde     0x1  stm8l15x_it.o [1]
  .far_func.text   ro code  0x00afdf     0x1  stm8l15x_it.o [1]
  .far_func.text   ro code  0x00afe0     0x1  stm8l15x_it.o [1]
  .far_func.text   ro code  0x00afe1     0x1  stm8l15x_it.o [1]
  .far_func.text   ro code  0x00afe2     0x1  stm8l15x_it.o [1]
  .far_func.text   ro code  0x00afe3     0x1  stm8l15x_it.o [1]
  .far_func.text   ro code  0x00afe4     0x1  stm8l15x_it.o [1]
  .far_func.text   ro code  0x00afe5     0x1  stm8l15x_it.o [1]
  .far_func.text   ro code  0x00afe6     0x1  __dbg_break.o [3]
                          - 0x00afe7  0x2ae1


*******************************************************************************
*** INIT TABLE
***

          Address   Size
          -------   ----
Zero (__iar_zero_init2)
    3 destination ranges, total size 0x2b7:
          0x000110  0x130
          0x000240  0x130
          0x000370   0x57



*******************************************************************************
*** MODULE SUMMARY
***

    Module                 ro code  ro data  rw data
    ------                 -------  -------  -------
C:\Users\xs\Desktop\stm8_uart_oled--newKey\Debug\Obj: [1]
    LCD_ZK.o                   662    1 024
    key.o                      147                 2
    main.o                     375       87      613
    queue.o                    218
    stm8l15x_adc.o             133
    stm8l15x_clk.o             154        5
    stm8l15x_gpio.o            117
    stm8l15x_it.o              377                70
    stm8l15x_pwr.o              64
    stm8l15x_tim2.o             94
    stm8l15x_tim3.o              5
    stm8l15x_usart.o           382
    sysclk.o                    40
    timer.o                     46
    uart.o                     309                 1
    ------------------------------------------------
    Total:                   3 123    1 116      686

command line: [2]
    ------------------------------------------------
    Total:

dbgstm8mmd.a: [3]
    __dbg_break.o                1
    __dbg_xxexit.o              22
    ------------------------------------------------
    Total:                      23

dlstm8mmn.a: [4]
    cexit.o                      6
    cstartup.o                  23
    dc_util.o                   44
    div.o                       52
    exit.o                       4
    far_util.o                  54
    float.o                  1 095
    float_libsup.o              82
    init.o                      30
    init_small.o                30
    interrupt.o                  4      128
    long.o                     391
    long_util.o                100
    low_level_init.o             3
    memchr.o                    21
    memcpy.o                    38
    memset.o                    21
    move.o                      13
    short.o                     63
    sprintf.o                   69
    strchr.o                    21
    strlen.o                    18
    unhandled_exception.o        3
    vreg_util.o                479
    vregs.o                                       16
    xgetmemchunk.o              25                 2
    xprintflarge_nomb.o      3 726       25
    xsprout.o                   14
    xxmemxfree.o               212
    xxmemxmalloc.o             271                 4
    ------------------------------------------------
    Total:                   6 912      153       22

mini-printf.a: [5]
    mini-printf.o              919                 3
    ------------------------------------------------
    Total:                     919                 3

    Linker created                       17    1 280
----------------------------------------------------
    Grand Total:            10 977    1 286    1 991


*******************************************************************************
*** ENTRY LIST
***

Entry                    Address   Size  Type      Object
-----                    -------   ----  ----      ------
.iar.init_table$$Base   0x008480          --   Gb  - Linker created -
.iar.init_table$$Limit  0x008491          --   Gb  - Linker created -
?and32_l0_l0_0x         0x009ba0         Code  Gb  long.o [4]
?and32_l0_l0_l1         0x009b9d         Code  Gb  long.o [4]
?b0                     0x000000         Data  Gb  vregs.o [4]
?b1                     0x000001         Data  Gb  vregs.o [4]
?b10                    0x00000a         Data  Gb  vregs.o [4]
?b11                    0x00000b         Data  Gb  vregs.o [4]
?b12                    0x00000c         Data  Gb  vregs.o [4]
?b13                    0x00000d         Data  Gb  vregs.o [4]
?b14                    0x00000e         Data  Gb  vregs.o [4]
?b15                    0x00000f         Data  Gb  vregs.o [4]
?b2                     0x000002         Data  Gb  vregs.o [4]
?b3                     0x000003         Data  Gb  vregs.o [4]
?b4                     0x000004         Data  Gb  vregs.o [4]
?b5                     0x000005         Data  Gb  vregs.o [4]
?b6                     0x000006         Data  Gb  vregs.o [4]
?b7                     0x000007         Data  Gb  vregs.o [4]
?b8                     0x000008         Data  Gb  vregs.o [4]
?b9                     0x000009         Data  Gb  vregs.o [4]
?dc32_l1                0x00aad8         Code  Gb  dc_util.o [4]
?e0                     0x000001         Data  Gb  vregs.o [4]
?e1                     0x000005         Data  Gb  vregs.o [4]
?e2                     0x000009         Data  Gb  vregs.o [4]
?e3                     0x00000d         Data  Gb  vregs.o [4]
?epilogue_l2            0x0097e1         Code  Gb  vreg_util.o [4]
?epilogue_l2_l3         0x0097dd         Code  Gb  vreg_util.o [4]
?epilogue_l2_w6         0x0097e6         Code  Gb  vreg_util.o [4]
?epilogue_w4            0x0097ef         Code  Gb  vreg_util.o [4]
?fadd32_l0_l0_l1        0x008a11         Code  Gb  float.o [4]
?fcastf32u16_l0_x       0x008c8b         Code  Gb  float.o [4]
?fcastf32u32_l0_l0      0x008cf9         Code  Gb  float.o [4]
?fcastu32f32_l0_l0      0x008ca9         Code  Gb  float.o [4]
?fcmplt32_c_l0_0x       0x008c35         Code  Gb  float.o [4]
?fcmplt32_c_l0_dc32     0x008c2e         Code  Gb  float.o [4]
?fcmplt32_c_l0_l1       0x008c32         Code  Gb  float.o [4]
?fdiv32_l0_l0_l1        0x008b80         Code  Gb  float.o [4]
?fmul32_l0_l0_dc32      0x008adf         Code  Gb  float.o [4]
?fmul32_l0_l0_l1        0x008ae5         Code  Gb  float.o [4]
?fsub32_l0_l0_l1        0x008a0b         Code  Gb  float.o [4]
?l0                     0x000000         Data  Gb  vregs.o [4]
?l1                     0x000004         Data  Gb  vregs.o [4]
?l2                     0x000008         Data  Gb  vregs.o [4]
?l3                     0x00000c         Data  Gb  vregs.o [4]
?load24_0x_e0           0x00aa36         Code  Gb  far_util.o [4]
?load24_e0_0x           0x00aa1a         Code  Gb  far_util.o [4]
?load24_e0_asp          0x00aa0e         Code  Gb  far_util.o [4]
?load24_e0_xsp          0x00aa10         Code  Gb  far_util.o [4]
?load24_e1_0x           0x00aa28         Code  Gb  far_util.o [4]
?load32_0x_l0           0x00a4a9         Code  Gb  long_util.o [4]
?load32_l0_0x           0x00a46d         Code  Gb  long_util.o [4]
?load32_l0_asp          0x00a461         Code  Gb  long_util.o [4]
?load32_l0_dbsp         0x00a453         Code  Gb  long_util.o [4]
?load32_l0_xsp          0x00a463         Code  Gb  long_util.o [4]
?load32_l2_0x           0x00a493         Code  Gb  long_util.o [4]
?load32_l2_asp          0x00a487         Code  Gb  long_util.o [4]
?load32_l2_dbsp         0x00a479         Code  Gb  long_util.o [4]
?load32_l2_xsp          0x00a489         Code  Gb  long_util.o [4]
?load32_xsp_l0          0x00a49f         Code  Gb  long_util.o [4]
?mov_e0_e1              0x00984b         Code  Gb  vreg_util.o [4]
?mov_e0_e2              0x009858         Code  Gb  vreg_util.o [4]
?mov_e1_e0              0x009865         Code  Gb  vreg_util.o [4]
?mov_e1_e2              0x009872         Code  Gb  vreg_util.o [4]
?mov_e1_e3              0x00987f         Code  Gb  vreg_util.o [4]
?mov_e2_e0              0x00988c         Code  Gb  vreg_util.o [4]
?mov_e3_e0              0x009899         Code  Gb  vreg_util.o [4]
?mov_l0_l1              0x009848         Code  Gb  vreg_util.o [4]
?mov_l0_l2              0x009855         Code  Gb  vreg_util.o [4]
?mov_l1_l0              0x009862         Code  Gb  vreg_util.o [4]
?mov_l1_l2              0x00986f         Code  Gb  vreg_util.o [4]
?mov_l1_l3              0x00987c         Code  Gb  vreg_util.o [4]
?mov_l2_l0              0x009889         Code  Gb  vreg_util.o [4]
?mov_l3_l0              0x009896         Code  Gb  vreg_util.o [4]
?mov_w0_w1              0x0097f4         Code  Gb  vreg_util.o [4]
?mov_w0_w2              0x0097fb         Code  Gb  vreg_util.o [4]
?mov_w0_w5              0x009802         Code  Gb  vreg_util.o [4]
?mov_w0_w7              0x009809         Code  Gb  vreg_util.o [4]
?mov_w1_w0              0x009810         Code  Gb  vreg_util.o [4]
?mov_w1_w3              0x00984e         Code  Gb  vreg_util.o [4]
?mov_w1_w5              0x00985b         Code  Gb  vreg_util.o [4]
?mov_w2_w0              0x009817         Code  Gb  vreg_util.o [4]
?mov_w2_w1              0x00981e         Code  Gb  vreg_util.o [4]
?mov_w3_w1              0x009868         Code  Gb  vreg_util.o [4]
?mov_w3_w5              0x009875         Code  Gb  vreg_util.o [4]
?mov_w3_w7              0x009882         Code  Gb  vreg_util.o [4]
?mov_w4_w1              0x009825         Code  Gb  vreg_util.o [4]
?mov_w4_w2              0x00982c         Code  Gb  vreg_util.o [4]
?mov_w5_w0              0x009833         Code  Gb  vreg_util.o [4]
?mov_w5_w1              0x00988f         Code  Gb  vreg_util.o [4]
?mov_w6_w0              0x00983a         Code  Gb  vreg_util.o [4]
?mov_w7_w1              0x00989c         Code  Gb  vreg_util.o [4]
?mov_w7_w2              0x009841         Code  Gb  vreg_util.o [4]
?move1616_v_x_y_a       0x00ae64         Code  Gb  move.o [4]
?mul16_x_x_w0           0x00a878         Code  Gb  short.o [4]
?mul32_l0_l0_l1         0x009a59         Code  Gb  long.o [4]
?neg32_l0_l0            0x009a49         Code  Gb  long.o [4]
?pop_e2                 0x009752         Code  Gb  vreg_util.o [4]
?pop_l0                 0x0097a5         Code  Gb  vreg_util.o [4]
?pop_l1                 0x0097b0         Code  Gb  vreg_util.o [4]
?pop_l2                 0x0097bb         Code  Gb  vreg_util.o [4]
?pop_l3                 0x0097c6         Code  Gb  vreg_util.o [4]
?pop_w4                 0x0096f9         Code  Gb  vreg_util.o [4]
?pop_w6                 0x009700         Code  Gb  vreg_util.o [4]
?pop_w7                 0x009707         Code  Gb  vreg_util.o [4]
?push_e0                0x00971a         Code  Gb  vreg_util.o [4]
?push_e2                0x009736         Code  Gb  vreg_util.o [4]
?push_l0                0x009770         Code  Gb  vreg_util.o [4]
?push_l1                0x009775         Code  Gb  vreg_util.o [4]
?push_l2                0x00977a         Code  Gb  vreg_util.o [4]
?push_l3                0x00977f         Code  Gb  vreg_util.o [4]
?push_w0                0x0096c4         Code  Gb  vreg_util.o [4]
?push_w1                0x0096c9         Code  Gb  vreg_util.o [4]
?push_w2                0x0096ce         Code  Gb  vreg_util.o [4]
?push_w4                0x0096d3         Code  Gb  vreg_util.o [4]
?push_w6                0x0096d8         Code  Gb  vreg_util.o [4]
?push_w7                0x0096dd         Code  Gb  vreg_util.o [4]
?sdiv16_x_x_y           0x00a896         Code  Gb  short.o [4]
?sdiv32_l0_l0_dl        0x009b4e         Code  Gb  long.o [4]
?sdiv32_l0_l0_l1        0x009b52         Code  Gb  long.o [4]
?sext32_l0_a            0x009bc3         Code  Gb  long.o [4]
?sext32_l0_x            0x009bb8         Code  Gb  long.o [4]
?sll16_x_x_a            0x00a8af         Code  Gb  short.o [4]
?smod32_l1_l0_l1        0x009b52         Code  Gb  long.o [4]
?udiv32_l0_l0_dl        0x009add         Code  Gb  long.o [4]
?udiv32_l0_l0_l1        0x009ae1         Code  Gb  long.o [4]
?umod32_l1_l0_dl        0x009ad7         Code  Gb  long.o [4]
?umod32_l1_l0_l1        0x009ae1         Code  Gb  long.o [4]
?w0                     0x000000         Data  Gb  vregs.o [4]
?w1                     0x000002         Data  Gb  vregs.o [4]
?w2                     0x000004         Data  Gb  vregs.o [4]
?w3                     0x000006         Data  Gb  vregs.o [4]
?w4                     0x000008         Data  Gb  vregs.o [4]
?w5                     0x00000a         Data  Gb  vregs.o [4]
?w6                     0x00000c         Data  Gb  vregs.o [4]
?w7                     0x00000e         Data  Gb  vregs.o [4]
ADC1_COMP_IRQHandler    0x00afdd    0x1  Code  Gb  stm8l15x_it.o [1]
ADCConver_Init          0x00a839   0x3f  Code  Gb  main.o [1]
ADC_ChannelCmd          0x00ad58   0x12  Code  Gb  stm8l15x_adc.o [1]
ADC_ClearFlag           0x00af86    0x6  Code  Gb  stm8l15x_adc.o [1]
ADC_Cmd                 0x00ae30    0xd  Code  Gb  stm8l15x_adc.o [1]
ADC_GetConversionValue  0x00ac59   0x1d  Code  Gb  stm8l15x_adc.o [1]
ADC_GetFlagStatus       0x00adce    0xf  Code  Gb  stm8l15x_adc.o [1]
ADC_Init                0x00acd8   0x16  Code  Gb  stm8l15x_adc.o [1]
ADC_SoftwareStartConv   0x00af92    0x5  Code  Gb  stm8l15x_adc.o [1]
ADC_VrefintCmd          0x00ae3d    0xd  Code  Gb  stm8l15x_adc.o [1]
AppState                0x0003c2    0x1  Data  Gb  main.o [1]
CLK_GetClockFreq        0x00a92f   0x39  Code  Gb  stm8l15x_clk.o [1]
CLK_PeripheralClockConfig
                        0x00a4b7   0x5d  Code  Gb  stm8l15x_clk.o [1]
CLK_SYSCLKDivConfig     0x00afab    0x4  Code  Gb  stm8l15x_clk.o [1]
CSTACK$$Base            0x000400          --   Gb  - Linker created -
CSTACK$$Limit           0x000800          --   Gb  - Linker created -
CheckPower              0x00a570   0x5b  Code  Gb  main.o [1]
CreateQueue             0x00acc2   0x16  Code  Gb  queue.o [1]
DMA1_CHANNEL0_1_IRQHandler
                        0x00afd0    0x1  Code  Gb  stm8l15x_it.o [1]
DMA1_CHANNEL2_3_IRQHandler
                        0x00afd1    0x1  Code  Gb  stm8l15x_it.o [1]
DeQueue                 0x00a9d7   0x37  Code  Gb  queue.o [1]
EXTI0_IRQHandler        0x00afd4    0x1  Code  Gb  stm8l15x_it.o [1]
EXTI1_IRQHandler        0x00afd5    0x1  Code  Gb  stm8l15x_it.o [1]
EXTI2_IRQHandler        0x00afd6    0x1  Code  Gb  stm8l15x_it.o [1]
EXTI3_IRQHandler        0x00afd7    0x1  Code  Gb  stm8l15x_it.o [1]
EXTI4_IRQHandler        0x00afd8    0x1  Code  Gb  stm8l15x_it.o [1]
EXTI5_IRQHandler        0x00afd9    0x1  Code  Gb  stm8l15x_it.o [1]
EXTI6_IRQHandler        0x00afda    0x1  Code  Gb  stm8l15x_it.o [1]
EXTI7_IRQHandler        0x00afdb    0x1  Code  Gb  stm8l15x_it.o [1]
EXTIB_IRQHandler        0x00afd2    0x1  Code  Gb  stm8l15x_it.o [1]
EXTID_IRQHandler        0x00afd3    0x1  Code  Gb  stm8l15x_it.o [1]
EXTIE_F_PVD_IRQHandler  0x00ab2d   0x27  Code  Gb  stm8l15x_it.o [1]
EnQueue                 0x00a968   0x38  Code  Gb  queue.o [1]
FLASH_IRQHandler        0x00afcf    0x1  Code  Gb  stm8l15x_it.o [1]
GBZK_GPIO_Config        0x00a9a0   0x37  Code  Gb  LCD_ZK.o [1]
GPIO_Init               0x00a381   0x6b  Code  Gb  stm8l15x_gpio.o [1]
GPIO_ResetBits          0x00afaf    0x4  Code  Gb  stm8l15x_gpio.o [1]
GPIO_SetBits            0x00afbf    0x3  Code  Gb  stm8l15x_gpio.o [1]
GPIO_ToggleBits         0x00afc2    0x3  Code  Gb  stm8l15x_gpio.o [1]
HEAP$$Base              0x000010          --   Gb  - Linker created -
HEAP$$Limit             0x000110          --   Gb  - Linker created -
I2C1_IRQHandler         0x00afe5    0x1  Code  Gb  stm8l15x_it.o [1]
INTVEC$$Base            0x008000          --   Gb  - Linker created -
INTVEC$$Limit           0x008080          --   Gb  - Linker created -
LCD_IRQHandler          0x00afdc    0x1  Code  Gb  stm8l15x_it.o [1]
LEDInit                 0x00af52    0x8  Code  Gb  key.o [1]
LedF5                   0x0003c3    0x1  Data  Gb  main.o [1]
LoadInt                 0x00a719   0x4b  Code  Lc  xprintflarge_nomb.o [4]
MyUart_Init             0x00a29d   0x74  Code  Gb  uart.o [1]
PWR_GetFlagStatus       0x00abe0   0x1f  Code  Gb  stm8l15x_pwr.o [1]
PWR_PVDClearFlag        0x00af97    0x5  Code  Gb  stm8l15x_pwr.o [1]
PWR_PVDGetITStatus      0x00ac76   0x1c  Code  Gb  stm8l15x_pwr.o [1]
Q                       0x000240  0x130  Data  Gb  main.o [1]
Q_old                   0x000110  0x130  Data  Gb  main.o [1]
RTC_IRQHandler          0x00afb3    0x4  Code  Gb  stm8l15x_it.o [1]
Region$$Table$$Base     0x008480          --   Gb  - Linker created -
Region$$Table$$Limit    0x008491          --   Gb  - Linker created -
SPI1_IRQHandler         0x00afe3    0x1  Code  Gb  stm8l15x_it.o [1]
SWITCH_CSS_BREAK_DAC_IRQHandler
                        0x00aee4    0xa  Code  Gb  stm8l15x_it.o [1]
SYSDivFactor            0x0084ef    0x5  Data  Gb  stm8l15x_clk.o [1]
TIM1_CAP_IRQHandler     0x00afe1    0x1  Code  Gb  stm8l15x_it.o [1]
TIM1_UPD_OVF_TRG_COM_IRQHandler
                        0x00afe0    0x1  Code  Gb  stm8l15x_it.o [1]
TIM2_ARRPreloadConfig   0x00ae57    0xd  Code  Gb  stm8l15x_tim2.o [1]
TIM2_CAP_IRQHandler     0x00afde    0x1  Code  Gb  stm8l15x_it.o [1]
TIM2_ClearITPendingBit  0x00af9c    0x5  Code  Gb  stm8l15x_tim2.o [1]
TIM2_Cmd                0x00ae4a    0xd  Code  Gb  stm8l15x_tim2.o [1]
TIM2_Conut              0x0003b9    0x2  Data  Gb  stm8l15x_it.o [1]
TIM2_ITConfig           0x00ad7c   0x11  Code  Gb  stm8l15x_tim2.o [1]
TIM2_Init               0x00ab9d   0x23  Code  Gb  timer.o [1]
TIM2_TimeBaseInit       0x00abc0   0x20  Code  Gb  stm8l15x_tim2.o [1]
TIM2_UPD_OVF_TRG_BRK_IRQHandler
                        0x00a624   0x52  Code  Gb  stm8l15x_it.o [1]
TIM3_CAP_IRQHandler     0x00afdf    0x1  Code  Gb  stm8l15x_it.o [1]
TIM3_ClearITPendingBit  0x00afa1    0x5  Code  Gb  stm8l15x_tim3.o [1]
TIM3_Conut              0x0003bb    0x2  Data  Gb  stm8l15x_it.o [1]
TIM3_UPD_OVF_TRG_BRK_IRQHandler
                        0x00aa78   0x32  Code  Gb  stm8l15x_it.o [1]
TIM4_UPD_OVF_TRG_IRQHandler
                        0x00afe2    0x1  Code  Gb  stm8l15x_it.o [1]
TRAP_IRQHandler         0x00afce    0x1  Code  Gb  stm8l15x_it.o [1]
USART1_RX_IRQHandler    0x00a191   0x8c  Code  Gb  stm8l15x_it.o [1]
USART1_TX_IRQHandler    0x00afe4    0x1  Code  Gb  stm8l15x_it.o [1]
USART_ClearITPendingBit
                        0x00ae95    0xc  Code  Gb  stm8l15x_usart.o [1]
USART_Cmd               0x00ad9e   0x10  Code  Gb  stm8l15x_usart.o [1]
USART_GetITStatus       0x00a3ec   0x67  Code  Gb  stm8l15x_usart.o [1]
USART_ITConfig          0x00a514   0x5c  Code  Gb  stm8l15x_usart.o [1]
USART_Init              0x00a072   0x91  Code  Gb  stm8l15x_usart.o [1]
USART_RX_BUF            0x000370   0x40  Data  Gb  stm8l15x_it.o [1]
USART_RX_STA            0x0003b7    0x2  Data  Gb  stm8l15x_it.o [1]
USART_ReceiveData8      0x00afc5    0x3  Code  Gb  stm8l15x_usart.o [1]
UartScan                0x00a21d   0x80  Code  Gb  uart.o [1]
_GenldLargeNoMb         0x008e34  0x3b5  Code  Lc  xprintflarge_nomb.o [4]
_LdtobLargeNoMb         0x0091e9  0x2ae  Code  Lc  xprintflarge_nomb.o [4]
_LitobLargeNoMb         0x009bd0  0x17f  Code  Lc  xprintflarge_nomb.o [4]
_PrintfLargeNoMb        0x008506  0x4e7  Code  Gb  xprintflarge_nomb.o [4]
_PutcharLargeNoMb       0x00aaaa   0x2e  Code  Lc  xprintflarge_nomb.o [4]
_PutcharsLargeNoMb      0x00a8f4   0x3b  Code  Lc  xprintflarge_nomb.o [4]
_SProut                 0x00ae08    0xe  Code  Gb  xsprout.o [4]
__DebugBreak            0x00afe6    0x1  Code  Gb  __dbg_break.o [3]
__exit                  0x00acee   0x16  Code  Gb  __dbg_xxexit.o [3]
__iar_Dunscale          0x00a676         Code  Gb  float_libsup.o [4]
__iar_Memchr            0x00ad2e   0x15  Code  Gb  memchr.o [4]
__iar_Strchr            0x00ad43   0x15  Code  Gb  strchr.o [4]
__iar_data_init2        0x00abff   0x1e  Code  Gb  init.o [4]
__iar_program_start     0x00acab         Code  Gb  cstartup.o [4]
__iar_unhandled_exception
                        0x00afcb         Code  Gb  unhandled_exception.o [4]
__iar_zero_init2        0x00ac3b         Code  Gb  init_small.o [4]
__intvec                0x008000         Data  Gb  interrupt.o [4]
__low_level_init        0x00afc8    0x3  Code  Gb  low_level_init.o [4]
__near_Aldata           0x0003b0    0x4  Data  Gb  xxmemxmalloc.o [4]
__near_GetMemChunk      0x00ac92   0x19  Code  Gb  xgetmemchunk.o [4]
__near_findmem          0x00a311   0x70  Code  Lc  xxmemxmalloc.o [4]
_exit                   0x00af8c         Code  Gb  cexit.o [4]
_interrupt_1            0x00afce         Code  Gb  stm8l15x_it.o [1]
_interrupt_10           0x00afd4         Code  Gb  stm8l15x_it.o [1]
_interrupt_11           0x00afd5         Code  Gb  stm8l15x_it.o [1]
_interrupt_12           0x00afd6         Code  Gb  stm8l15x_it.o [1]
_interrupt_13           0x00afd7         Code  Gb  stm8l15x_it.o [1]
_interrupt_14           0x00afd8         Code  Gb  stm8l15x_it.o [1]
_interrupt_15           0x00afd9         Code  Gb  stm8l15x_it.o [1]
_interrupt_16           0x00afda         Code  Gb  stm8l15x_it.o [1]
_interrupt_17           0x00afdb         Code  Gb  stm8l15x_it.o [1]
_interrupt_18           0x00afdc         Code  Gb  stm8l15x_it.o [1]
_interrupt_19           0x00aee4         Code  Gb  stm8l15x_it.o [1]
_interrupt_20           0x00afdd         Code  Gb  stm8l15x_it.o [1]
_interrupt_21           0x00a624         Code  Gb  stm8l15x_it.o [1]
_interrupt_22           0x00afde         Code  Gb  stm8l15x_it.o [1]
_interrupt_23           0x00aa78         Code  Gb  stm8l15x_it.o [1]
_interrupt_24           0x00afdf         Code  Gb  stm8l15x_it.o [1]
_interrupt_25           0x00afe0         Code  Gb  stm8l15x_it.o [1]
_interrupt_26           0x00afe1         Code  Gb  stm8l15x_it.o [1]
_interrupt_27           0x00afe2         Code  Gb  stm8l15x_it.o [1]
_interrupt_28           0x00afe3         Code  Gb  stm8l15x_it.o [1]
_interrupt_29           0x00afe4         Code  Gb  stm8l15x_it.o [1]
_interrupt_3            0x00afcf         Code  Gb  stm8l15x_it.o [1]
_interrupt_30           0x00a191         Code  Gb  stm8l15x_it.o [1]
_interrupt_31           0x00afe5         Code  Gb  stm8l15x_it.o [1]
_interrupt_4            0x00afd0         Code  Gb  stm8l15x_it.o [1]
_interrupt_5            0x00afd1         Code  Gb  stm8l15x_it.o [1]
_interrupt_6            0x00afb3         Code  Gb  stm8l15x_it.o [1]
_interrupt_7            0x00ab2d         Code  Gb  stm8l15x_it.o [1]
_interrupt_8            0x00afd2         Code  Gb  stm8l15x_it.o [1]
_interrupt_9            0x00afd3         Code  Gb  stm8l15x_it.o [1]
_putc                   0x00a7ac   0x48  Code  Lc  mini-printf.o [5]
_puts                   0x00a103   0x8e  Code  Lc  mini-printf.o [5]
beep                    0x0003c4    0x1  Data  Gb  main.o [1]
bmp1                    0x008080  0x400  Data  Gb  LCD_ZK.o [1]
clear_screen            0x009536   0x33  Code  Gb  LCD_ZK.o [1]
delayms                 0x00ab7a   0x23  Code  Gb  sysclk.o [1]
delayus                 0x00afa6    0x5  Code  Gb  sysclk.o [1]
display_128x64          0x0094b5   0x49  Code  Gb  LCD_ZK.o [1]
div                     0x00aa44   0x34  Code  Gb  div.o [4]
exit                    0x00afbb    0x4  Code  Gb  exit.o [4]
free                    0x009e52   0xd4  Code  Gb  xxmemxfree.o [4]
gUartSendStr            0x0003b4    0x3  Data  Gb  mini-printf.o [5]
initial_lcd             0x00957b   0xac  Code  Gb  LCD_ZK.o [1]
keyPassValue            0x0003c5    0x1  Data  Gb  main.o [1]
keyScan                 0x00a5cb   0x59  Code  Gb  key.o [1]
main                    0x009f26   0xb5  Code  Gb  main.o [1]
malloc                  0x009fdb   0x97  Code  Gb  xxmemxmalloc.o [4]
memcpy                  0x00ab54   0x26  Code  Gb  memcpy.o [4]
memset                  0x00ad19   0x15  Code  Gb  memset.o [4]
mini_itoa               0x009d4f  0x103  Code  Lc  mini-printf.o [5]
mini_sprint             0x0098a3    0xe  Code  Gb  mini-printf.o [5]
mini_strlen             0x00ad8d   0x11  Code  Lc  mini-printf.o [5]
mini_vsnprintf          0x0098b1  0x198  Code  Gb  mini-printf.o [5]
num                     0x0003c6    0x1  Data  Gb  uart.o [1]
num_r                   0x0003c1    0x1  Data  Gb  main.o [1]
pad                     0x00a8b7   0x3d  Code  Lc  xprintflarge_nomb.o [4]
print_init_module       0x00af78    0x7  Code  Gb  mini-printf.o [5]
scale                   0x00a6c8   0x51  Code  Lc  xprintflarge_nomb.o [4]
set_pack                0x00a764   0x48  Code  Gb  queue.o [1]
sprintf                 0x00a7f4   0x45  Code  Gb  sprintf.o [4]
strlen                  0x00ad6a   0x12  Code  Gb  strlen.o [4]
transfer_command_lcd    0x00968b   0x39  Code  Gb  LCD_ZK.o [1]
transfer_data_lcd       0x009649   0x39  Code  Gb  LCD_ZK.o [1]
uart_txstring           0x00addd    0xf  Code  Gb  uart.o [1]


[1] = C:\Users\xs\Desktop\stm8_uart_oled--newKey\Debug\Obj
[2] = command line
[3] = dbgstm8mmd.a
[4] = dlstm8mmn.a
[5] = mini-printf.a

  10 977 bytes of readonly  code memory
   1 286 bytes of readonly  data memory
   1 991 bytes of readwrite data memory

Errors: none
Warnings: none
