###############################################################################
#
# IAR ELF Linker V2.10.4.157 for STM8                     22/Nov/2018  14:55:36
# Copyright 2010-2015 IAR Systems AB.
#
#    Output file  =  
#        C:\Users\xs\Desktop\stm8_uart_oled--newKey\Debug\Exe\demo.out
#    Map file     =  
#        C:\Users\xs\Desktop\stm8_uart_oled--newKey\Debug\List\demo.map
#    Command line =  
#        C:\Users\xs\Desktop\stm8_uart_oled--newKey\Debug\Obj\beep.o
#        C:\Users\xs\Desktop\stm8_uart_oled--newKey\Debug\Obj\key.o
#        C:\Users\xs\Desktop\stm8_uart_oled--newKey\Debug\Obj\LCD_ZK.o
#        C:\Users\xs\Desktop\stm8_uart_oled--newKey\Debug\Obj\low_power.o
#        C:\Users\xs\Desktop\stm8_uart_oled--newKey\Debug\Obj\main.o
#        C:\Users\xs\Desktop\stm8_uart_oled--newKey\Debug\Obj\mini-printf.o
#        C:\Users\xs\Desktop\stm8_uart_oled--newKey\Debug\Obj\queue.o
#        C:\Users\xs\Desktop\stm8_uart_oled--newKey\Debug\Obj\stm8l15x_adc.o
#        C:\Users\xs\Desktop\stm8_uart_oled--newKey\Debug\Obj\stm8l15x_aes.o
#        C:\Users\xs\Desktop\stm8_uart_oled--newKey\Debug\Obj\stm8l15x_beep.o
#        C:\Users\xs\Desktop\stm8_uart_oled--newKey\Debug\Obj\stm8l15x_clk.o
#        C:\Users\xs\Desktop\stm8_uart_oled--newKey\Debug\Obj\stm8l15x_comp.o
#        C:\Users\xs\Desktop\stm8_uart_oled--newKey\Debug\Obj\stm8l15x_dac.o
#        C:\Users\xs\Desktop\stm8_uart_oled--newKey\Debug\Obj\stm8l15x_dma.o
#        C:\Users\xs\Desktop\stm8_uart_oled--newKey\Debug\Obj\stm8l15x_exti.o
#        C:\Users\xs\Desktop\stm8_uart_oled--newKey\Debug\Obj\stm8l15x_flash.o
#        C:\Users\xs\Desktop\stm8_uart_oled--newKey\Debug\Obj\stm8l15x_gpio.o
#        C:\Users\xs\Desktop\stm8_uart_oled--newKey\Debug\Obj\stm8l15x_i2c.o
#        C:\Users\xs\Desktop\stm8_uart_oled--newKey\Debug\Obj\stm8l15x_irtim.o
#        C:\Users\xs\Desktop\stm8_uart_oled--newKey\Debug\Obj\stm8l15x_it.o
#        C:\Users\xs\Desktop\stm8_uart_oled--newKey\Debug\Obj\stm8l15x_itc.o
#        C:\Users\xs\Desktop\stm8_uart_oled--newKey\Debug\Obj\stm8l15x_iwdg.o
#        C:\Users\xs\Desktop\stm8_uart_oled--newKey\Debug\Obj\stm8l15x_lcd.o
#        C:\Users\xs\Desktop\stm8_uart_oled--newKey\Debug\Obj\stm8l15x_pwr.o
#        C:\Users\xs\Desktop\stm8_uart_oled--newKey\Debug\Obj\stm8l15x_rst.o
#        C:\Users\xs\Desktop\stm8_uart_oled--newKey\Debug\Obj\stm8l15x_rtc.o
#        C:\Users\xs\Desktop\stm8_uart_oled--newKey\Debug\Obj\stm8l15x_spi.o
#        C:\Users\xs\Desktop\stm8_uart_oled--newKey\Debug\Obj\stm8l15x_syscfg.o
#        C:\Users\xs\Desktop\stm8_uart_oled--newKey\Debug\Obj\stm8l15x_tim1.o
#        C:\Users\xs\Desktop\stm8_uart_oled--newKey\Debug\Obj\stm8l15x_tim2.o
#        C:\Users\xs\Desktop\stm8_uart_oled--newKey\Debug\Obj\stm8l15x_tim3.o
#        C:\Users\xs\Desktop\stm8_uart_oled--newKey\Debug\Obj\stm8l15x_tim4.o
#        C:\Users\xs\Desktop\stm8_uart_oled--newKey\Debug\Obj\stm8l15x_tim5.o
#        C:\Users\xs\Desktop\stm8_uart_oled--newKey\Debug\Obj\stm8l15x_usart.o
#        C:\Users\xs\Desktop\stm8_uart_oled--newKey\Debug\Obj\stm8l15x_wfe.o
#        C:\Users\xs\Desktop\stm8_uart_oled--newKey\Debug\Obj\stm8l15x_wwdg.o
#        C:\Users\xs\Desktop\stm8_uart_oled--newKey\Debug\Obj\sysclk.o
#        C:\Users\xs\Desktop\stm8_uart_oled--newKey\Debug\Obj\timer.o
#        C:\Users\xs\Desktop\stm8_uart_oled--newKey\Debug\Obj\uart.o -o
#        C:\Users\xs\Desktop\stm8_uart_oled--newKey\Debug\Exe\demo.out --map
#        C:\Users\xs\Desktop\stm8_uart_oled--newKey\Debug\List\demo.map
#        --config C:\Users\xs\Desktop\stm8_uart_oled--newKey\lnkstm8l152k6.icf
#        --config_def _CSTACK_SIZE=0x120 --config_def _HEAP_SIZE=0x258 --entry
#        __iar_program_start --debug_lib
#
###############################################################################

*******************************************************************************
*** RUNTIME MODEL ATTRIBUTES
***

__Heap_Handler             = Basic
__SystemLibrary            = DLib
__code_model               = medium_or_large
__core                     = stm8
__data_model               = medium
__dlib_file_descriptor     = 0
__dlib_full_locale_support = 0
__rt_version               = 4


*******************************************************************************
*** PLACEMENT SUMMARY
***

"A1":  place at start of [0x000000-0x0000ff] { rw section .vregs };
"A2":  place at end of [0x000000-0x0007ff] { block CSTACK };
"P2":  place in [from 0x000000 to 0x0007ff] {
          block HEAP, rw section __DLIB_PERTHREAD, rw section .far.bss,
          rw section .far.data, rw section .far.noinit,
          rw section .far_func.textrw, rw section .huge.bss,
          rw section .huge.data, rw section .huge.noinit,
          rw section .huge_func.textrw, rw section .iar.dynexit,
          rw section .near.bss, rw section .near.data, rw section .near.noinit,
          rw section .near_func.textrw };
"A3":  place at start of [0x00a000-0x00ffff] { block INTVEC };
"P3":  place in [from 0x00a000 to 0x00ffff] {
          ro section __DLIB_PERTHREAD_init, ro section .far.data_init,
          ro section .far_func.textrw_init, ro section .huge.data_init,
          ro section .huge_func.textrw_init, ro section .iar.init_table,
          ro section .init_array, ro section .near.data_init,
          ro section .near.rodata, ro section .near_func.text,
          ro section .near_func.textrw_init, ro section .tiny.data_init,
          ro section .tiny.rodata_init };
"P4":  place in [from 0x00a000 to 0x00ffff] {
          ro section .far.rodata, ro section .far_func.text };

  Section            Kind      Address    Size  Object
  -------            ----      -------    ----  ------
"A1":                                     0x10
  .vregs             uninit   0x000000    0x10  vregs.o [4]
                            - 0x000010    0x10

"P2":                                    0x53e
  P2 s0                       0x000010     0x9  <Init block>
    .near.data       inited   0x000010     0x4  main.o [1]
    .near.data       inited   0x000014     0x3  main.o [1]
    .near.data       inited   0x000017     0x2  main.o [1]
  .near.bss          zero     0x000019   0x13c  main.o [1]
  .near.bss          zero     0x000155   0x13c  main.o [1]
  .near.bss          zero     0x000291    0x40  stm8l15x_it.o [1]
  .near.bss          zero     0x0002d1     0x4  LCD_ZK.o [1]
  .near.bss          zero     0x0002d5     0x4  xxmemxmalloc.o [4]
  .near.bss          zero     0x0002d9     0x3  mini-printf.o [1]
  .near.bss          zero     0x0002dc     0x2  key.o [1]
  .near.bss          zero     0x0002de     0x2  key.o [1]
  .near.bss          zero     0x0002e0     0x2  main.o [1]
  .near.bss          zero     0x0002e2     0x2  stm8l15x_it.o [1]
  .near.bss          zero     0x0002e4     0x2  stm8l15x_it.o [1]
  .near.bss          zero     0x0002e6     0x2  stm8l15x_it.o [1]
  .near.bss          zero     0x0002e8     0x2  xgetmemchunk.o [4]
  .near.bss          zero     0x0002ea     0x1  key.o [1]
  .near.bss          zero     0x0002eb     0x1  key.o [1]
  .near.bss          zero     0x0002ec     0x1  main.o [1]
  .near.bss          zero     0x0002ed     0x1  main.o [1]
  .near.bss          zero     0x0002ee     0x1  main.o [1]
  .near.bss          zero     0x0002ef     0x1  main.o [1]
  .near.bss          zero     0x0002f0     0x1  main.o [1]
  .near.bss          zero     0x0002f1     0x1  main.o [1]
  .near.bss          zero     0x0002f2     0x1  main.o [1]
  .near.bss          zero     0x0002f3     0x1  main.o [1]
  .near.bss          zero     0x0002f4     0x1  stm8l15x_it.o [1]
  .near.bss          zero     0x0002f5     0x1  uart.o [1]
  HEAP                        0x0002f6   0x258  <Block>
    HEAP             uninit   0x0002f6   0x258  <Block tail>
                            - 0x00054e   0x53e

"A2":                                    0x120
  CSTACK                      0x0006e0   0x120  <Block>
    CSTACK           uninit   0x0006e0   0x120  <Block tail>
                            - 0x000800   0x120

Absolute sections:                         0x1
  .near.noinit       uninit   0x005000     0x1  beep.o [1]
                            - 0x005001     0x1

"A3":                                     0x80
  INTVEC                      0x00a000    0x80  <Block>
    .intvec          const    0x00a000    0x80  interrupt.o [4]
                            - 0x00a080    0x80

"P3":                                    0x13d
  .near.rodata       const    0x00a080    0x31  main.o [1]
  .iar.init_table    const    0x00a0b1    0x14  - Linker created -
  .near.rodata       const    0x00a0c5    0x14  main.o [1]
  .near.rodata       const    0x00a0d9    0x11  main.o [1]
  .near.rodata       const    0x00a0ea    0x11  main.o [1]
  .near.rodata       const    0x00a0fb    0x10  main.o [1]
  .near.rodata       const    0x00a10b    0x10  main.o [1]
  .near.rodata       const    0x00a11b    0x10  main.o [1]
  .near.rodata       const    0x00a12b     0xf  main.o [1]
  .near.rodata       const    0x00a13a     0xe  main.o [1]
  .near.rodata       const    0x00a148     0xd  main.o [1]
  .near.rodata       const    0x00a155     0xd  main.o [1]
  .near.rodata       const    0x00a162     0xd  main.o [1]
  .near.rodata       const    0x00a16f     0xc  main.o [1]
  .near.rodata       const    0x00a17b     0xa  main.o [1]
  .near.rodata       const    0x00a185     0x9  main.o [1]
  .near.rodata       const    0x00a18e     0x9  uart.o [1]
  .near.rodata       const    0x00a197     0x8  main.o [1]
  .near.rodata       const    0x00a19f     0x7  uart.o [1]
  .near.rodata       const    0x00a1a6     0x6  uart.o [1]
  .near.rodata       const    0x00a1ac     0x5  stm8l15x_clk.o [1]
  .near.rodata       const    0x00a1b1     0x3  uart.o [1]
  Initializer bytes  const    0x00a1b4     0x9  <for P2 s0>
                            - 0x00a1bd   0x13d

"P4":                                   0x29a0
  .far_func.text     ro code  0x00a1bd   0x665  main.o [1]
  .far_func.text     ro code  0x00a822   0x341  LCD_ZK.o [1]
  .far_func.text     ro code  0x00ab63   0x1ef  uart.o [1]
  .far_func.text     ro code  0x00ad52   0x1a6  mini-printf.o [1]
  .far_func.text     ro code  0x00aef8   0x128  long.o [4]
  .far_func.text     ro code  0x00b020   0x11a  LCD_ZK.o [1]
  .far_func.text     ro code  0x00b13a   0x117  vreg_util.o [4]
  .far_func.text     ro code  0x00b251   0x110  stm8l15x_exti.o [1]
  .far_func.text     ro code  0x00b361   0x103  mini-printf.o [1]
  .far_func.text     ro code  0x00b464    0xe6  LCD_ZK.o [1]
  .far_func.text     ro code  0x00b54a    0xe4  stm8l15x_usart.o [1]
  .far_func.text     ro code  0x00b62e    0xd4  xxmemxfree.o [4]
  .far_func.text     ro code  0x00b702    0xae  stm8l15x_gpio.o [1]
  .far_func.text     ro code  0x00b7b0    0xab  stm8l15x_usart.o [1]
  .far_func.text     ro code  0x00b85b    0x9e  low_power.o [1]
  .far_func.text     ro code  0x00b8f9    0x9e  stm8l15x_it.o [1]
  .far_func.text     ro code  0x00b997    0x97  xxmemxmalloc.o [4]
  .far_func.text     ro code  0x00ba2e    0x96  stm8l15x_usart.o [1]
  .far_func.text     ro code  0x00bac4    0x8f  stm8l15x_clk.o [1]
  .far_func.text     ro code  0x00bb53    0x8e  mini-printf.o [1]
  .far_func.text     ro code  0x00bbe1    0x8a  stm8l15x_it.o [1]
  .far_func.text     ro code  0x00bc6b    0x83  uart.o [1]
  .far_func.text     ro code  0x00bcee    0x7e  stm8l15x_clk.o [1]
  .far_func.text     ro code  0x00bd6c    0x78  queue.o [1]
  .far_func.text     ro code  0x00bde4    0x77  LCD_ZK.o [1]
  .far_func.text     ro code  0x00be5b    0x70  LCD_ZK.o [1]
  .far_func.text     ro code  0x00becb    0x70  xxmemxmalloc.o [4]
  .far_func.text     ro code  0x00bf3b    0x65  LCD_ZK.o [1]
  .far_func.text     ro code  0x00bfa0    0x63  key.o [1]
  .far_func.text     ro code  0x00c003    0x60  key.o [1]
  .far_func.text     ro code  0x00c063    0x60  LCD_ZK.o [1]
  .far_func.text     ro code  0x00c0c3    0x5a  queue.o [1]
  .far_func.text     ro code  0x00c11d    0x59  key.o [1]
  .far_func.text     ro code  0x00c176    0x56  LCD_ZK.o [1]
  .far_func.text     ro code  0x00c1cc    0x53  stm8l15x_it.o [1]
  .far_func.text     ro code  0x00c21f    0x51  LCD_ZK.o [1]
  .far_func.text     ro code  0x00c270    0x4f  queue.o [1]
  .far_func.text     ro code  0x00c2bf    0x4c  LCD_ZK.o [1]
  .far_func.text     ro code  0x00c30b    0x49  low_power.o [1]
  .far_func.text     ro code  0x00c354    0x49  stm8l15x_it.o [1]
  .far_func.text     ro code  0x00c39d    0x48  mini-printf.o [1]
  .far_func.text     ro code  0x00c3e5    0x46  queue.o [1]
  .far_func.text     ro code  0x00c42b    0x45  uart.o [1]
  .far_func.text     ro code  0x00c470    0x43  stm8l15x_it.o [1]
  .far_func.text     ro code  0x00c4b3    0x41  stm8l15x_clk.o [1]
  .far_func.text     ro code  0x00c4f4    0x3e  stm8l15x_usart.o [1]
  .far_func.text     ro code  0x00c532    0x3c  stm8l15x_tim3.o [1]
  .far_func.text     ro code  0x00c56e    0x38  stm8l15x_it.o [1]
  .far_func.text     ro code  0x00c5a6    0x37  LCD_ZK.o [1]
  .far_func.text     ro code  0x00c5dd    0x34  beep.o [1]
  .far_func.text     ro code  0x00c611    0x34  key.o [1]
  .far_func.text     ro code  0x00c645    0x31  stm8l15x_it.o [1]
  .far_func.text     ro code  0x00c676    0x30  timer.o [1]
  .far_func.text     ro code  0x00c6a6    0x2f  stm8l15x_pwr.o [1]
  .far_func.text     ro code  0x00c6d5    0x2d  stm8l15x_tim2.o [1]
  .far_func.text     ro code  0x00c702    0x2b  sysclk.o [1]
  .far_func.text     ro code  0x00c72d    0x2a  stm8l15x_tim2.o [1]
  .far_func.text     ro code  0x00c757    0x2a  stm8l15x_tim3.o [1]
  .far_func.text     ro code  0x00c781    0x2a  far_util.o [4]
  .far_func.text     ro code  0x00c7ab    0x29  timer.o [1]
  .far_func.text     ro code  0x00c7d4    0x28  init_small.o [4]
  .far_func.text     ro code  0x00c7fc    0x27  stm8l15x_pwr.o [1]
  .far_func.text     ro code  0x00c823    0x26  short.o [4]
  .far_func.text     ro code  0x00c849    0x24  long_util.o [4]
  .far_func.text     ro code  0x00c86d    0x21  queue.o [1]
  .far_func.text     ro code  0x00c88e    0x21  stm8l15x_exti.o [1]
  .far_func.text     ro code  0x00c8af    0x21  stm8l15x_usart.o [1]
  .far_func.text     ro code  0x00c8d0    0x20  stm8l15x_usart.o [1]
  .far_func.text     ro code  0x00c8f0    0x1e  queue.o [1]
  .far_func.text     ro code  0x00c90e    0x1e  init.o [4]
  .far_func.text     ro code  0x00c92c    0x1e  init_small.o [4]
  .far_func.text     ro code  0x00c94a    0x1d  uart.o [1]
  .far_func.text     ro code  0x00c967    0x1c  stm8l15x_exti.o [1]
  .far_func.text     ro code  0x00c983    0x1b  queue.o [1]
  .far_func.text     ro code  0x00c99e    0x19  stm8l15x_flash.o [1]
  .far_func.text     ro code  0x00c9b7    0x19  xgetmemchunk.o [4]
  .far_func.text     ro code  0x00c9d0    0x17  cstartup.o [4]
  .far_func.text     ro code  0x00c9e7    0x16  __dbg_xxexit.o [3]
  .far_func.text     ro code  0x00c9fd    0x15  memset.o [4]
  .far_func.text     ro code  0x00ca12    0x13  LCD_ZK.o [1]
  .far_func.text     ro code  0x00ca25    0x13  queue.o [1]
  .far_func.text     ro code  0x00ca38    0x13  stm8l15x_clk.o [1]
  .far_func.text     ro code  0x00ca4b    0x11  mini-printf.o [1]
  .far_func.text     ro code  0x00ca5c     0xd  key.o [1]
  .far_func.text     ro code  0x00ca69     0xd  stm8l15x_clk.o [1]
  .far_func.text     ro code  0x00ca76     0xd  stm8l15x_clk.o [1]
  .far_func.text     ro code  0x00ca83     0xd  stm8l15x_clk.o [1]
  .far_func.text     ro code  0x00ca90     0xd  stm8l15x_pwr.o [1]
  .far_func.text     ro code  0x00ca9d     0xd  stm8l15x_pwr.o [1]
  .far_func.text     ro code  0x00caaa     0xd  move.o [4]
  .far_func.text     ro code  0x00cab7     0xb  stm8l15x_gpio.o [1]
  .far_func.text     ro code  0x00cac2     0xa  stm8l15x_it.o [1]
  .far_func.text     ro code  0x00cacc     0x9  beep.o [1]
  .far_func.text     ro code  0x00cad5     0x9  uart.o [1]
  .far_func.text     ro code  0x00cade     0x8  low_power.o [1]
  .far_func.text     ro code  0x00cae6     0x8  xxmemxmalloc.o [4]
  .far_func.text     ro code  0x00caee     0x7  mini-printf.o [1]
  .far_func.text     ro code  0x00caf5     0x6  key.o [1]
  .far_func.text     ro code  0x00cafb     0x6  cexit.o [4]
  .far_func.text     ro code  0x00cb01     0x5  stm8l15x_flash.o [1]
  .far_func.text     ro code  0x00cb06     0x5  stm8l15x_pwr.o [1]
  .far_func.text     ro code  0x00cb0b     0x5  stm8l15x_tim2.o [1]
  .far_func.text     ro code  0x00cb10     0x5  stm8l15x_tim3.o [1]
  .far_func.text     ro code  0x00cb15     0x5  sysclk.o [1]
  .far_func.text     ro code  0x00cb1a     0x4  stm8l15x_clk.o [1]
  .far_func.text     ro code  0x00cb1e     0x4  stm8l15x_clk.o [1]
  .far_func.text     ro code  0x00cb22     0x4  stm8l15x_clk.o [1]
  .far_func.text     ro code  0x00cb26     0x4  stm8l15x_gpio.o [1]
  .far_func.text     ro code  0x00cb2a     0x4  stm8l15x_it.o [1]
  .far_func.text     ro code  0x00cb2e     0x4  interrupt.o [4]
  .far_func.text     ro code  0x00cb32     0x4  exit.o [4]
  .far_func.text     ro code  0x00cb36     0x3  stm8l15x_gpio.o [1]
  .far_func.text     ro code  0x00cb39     0x3  stm8l15x_gpio.o [1]
  .far_func.text     ro code  0x00cb3c     0x3  stm8l15x_usart.o [1]
  .far_func.text     ro code  0x00cb3f     0x3  low_level_init.o [4]
  .far_func.text     ro code  0x00cb42     0x3  unhandled_exception.o [4]
  .far_func.text     ro code  0x00cb45     0x1  main.o [1]
  .far_func.text     ro code  0x00cb46     0x1  main.o [1]
  .far_func.text     ro code  0x00cb47     0x1  stm8l15x_it.o [1]
  .far_func.text     ro code  0x00cb48     0x1  stm8l15x_it.o [1]
  .far_func.text     ro code  0x00cb49     0x1  stm8l15x_it.o [1]
  .far_func.text     ro code  0x00cb4a     0x1  stm8l15x_it.o [1]
  .far_func.text     ro code  0x00cb4b     0x1  stm8l15x_it.o [1]
  .far_func.text     ro code  0x00cb4c     0x1  stm8l15x_it.o [1]
  .far_func.text     ro code  0x00cb4d     0x1  stm8l15x_it.o [1]
  .far_func.text     ro code  0x00cb4e     0x1  stm8l15x_it.o [1]
  .far_func.text     ro code  0x00cb4f     0x1  stm8l15x_it.o [1]
  .far_func.text     ro code  0x00cb50     0x1  stm8l15x_it.o [1]
  .far_func.text     ro code  0x00cb51     0x1  stm8l15x_it.o [1]
  .far_func.text     ro code  0x00cb52     0x1  stm8l15x_it.o [1]
  .far_func.text     ro code  0x00cb53     0x1  stm8l15x_it.o [1]
  .far_func.text     ro code  0x00cb54     0x1  stm8l15x_it.o [1]
  .far_func.text     ro code  0x00cb55     0x1  stm8l15x_it.o [1]
  .far_func.text     ro code  0x00cb56     0x1  stm8l15x_it.o [1]
  .far_func.text     ro code  0x00cb57     0x1  stm8l15x_it.o [1]
  .far_func.text     ro code  0x00cb58     0x1  stm8l15x_it.o [1]
  .far_func.text     ro code  0x00cb59     0x1  stm8l15x_it.o [1]
  .far_func.text     ro code  0x00cb5a     0x1  stm8l15x_it.o [1]
  .far_func.text     ro code  0x00cb5b     0x1  stm8l15x_it.o [1]
  .far_func.text     ro code  0x00cb5c     0x1  __dbg_break.o [3]
                            - 0x00cb5d  0x29a0


*******************************************************************************
*** INIT TABLE
***

          Address   Size
          -------   ----
Zero (__iar_zero_init2)
    1 destination range, total size 0x2dd:
          0x000019  0x2dd

Copy (__iar_copy_init2)
    1 source range, total size 0x9:
          0x00a1b4    0x9
    1 destination range, total size 0x9:
          0x000010    0x9



*******************************************************************************
*** MODULE SUMMARY
***

    Module                 ro code  ro data  rw data  rw data
                                                       (abs)
    ------                 -------  -------  -------  -------
C:\Users\xs\Desktop\stm8_uart_oled--newKey\Debug\Obj: [1]
    LCD_ZK.o                 2 090                 4
    beep.o                      61                          1
    key.o                      355                 6
    low_power.o                239
    main.o                   1 639      267      651
    mini-printf.o              919                 3
    queue.o                    468
    stm8l15x_clk.o             404        5
    stm8l15x_exti.o            333
    stm8l15x_flash.o            30
    stm8l15x_gpio.o            195
    stm8l15x_it.o              659                71
    stm8l15x_pwr.o             117
    stm8l15x_tim2.o             92
    stm8l15x_tim3.o            107
    stm8l15x_usart.o           679
    sysclk.o                    48
    timer.o                     89
    uart.o                     733       25        1
    ---------------------------------------------------------
    Total:                   9 257      297      736        1

command line: [2]
    ---------------------------------------------------------
    Total:

dbgstm8mmd.a: [3]
    __dbg_break.o                1
    __dbg_xxexit.o              22
    ---------------------------------------------------------
    Total:                      23

dlstm8mmn.a: [4]
    cexit.o                      6
    cstartup.o                  23
    exit.o                       4
    far_util.o                  42
    init.o                      30
    init_small.o                70
    interrupt.o                  4      128
    long.o                     296
    long_util.o                 36
    low_level_init.o             3
    memset.o                    21
    move.o                      13
    short.o                     38
    unhandled_exception.o        3
    vreg_util.o                279
    vregs.o                                       16
    xgetmemchunk.o              25                 2
    xxmemxfree.o               212
    xxmemxmalloc.o             271                 4
    ---------------------------------------------------------
    Total:                   1 376      128       22

    Linker created                       20      888
-------------------------------------------------------------
    Grand Total:            10 656      445    1 646        1


*******************************************************************************
*** ENTRY LIST
***

Entry                    Address   Size  Type      Object
-----                    -------   ----  ----      ------
.iar.init_table$$Base   0x00a0b1          --   Gb  - Linker created -
.iar.init_table$$Limit  0x00a0c5          --   Gb  - Linker created -
?add32_l0_l0_0x         0x00aef8         Code  Gb  long.o [4]
?b0                     0x000000         Data  Gb  vregs.o [4]
?b1                     0x000001         Data  Gb  vregs.o [4]
?b10                    0x00000a         Data  Gb  vregs.o [4]
?b11                    0x00000b         Data  Gb  vregs.o [4]
?b12                    0x00000c         Data  Gb  vregs.o [4]
?b13                    0x00000d         Data  Gb  vregs.o [4]
?b14                    0x00000e         Data  Gb  vregs.o [4]
?b15                    0x00000f         Data  Gb  vregs.o [4]
?b2                     0x000002         Data  Gb  vregs.o [4]
?b3                     0x000003         Data  Gb  vregs.o [4]
?b4                     0x000004         Data  Gb  vregs.o [4]
?b5                     0x000005         Data  Gb  vregs.o [4]
?b6                     0x000006         Data  Gb  vregs.o [4]
?b7                     0x000007         Data  Gb  vregs.o [4]
?b8                     0x000008         Data  Gb  vregs.o [4]
?b9                     0x000009         Data  Gb  vregs.o [4]
?e0                     0x000001         Data  Gb  vregs.o [4]
?e1                     0x000005         Data  Gb  vregs.o [4]
?e2                     0x000009         Data  Gb  vregs.o [4]
?e3                     0x00000d         Data  Gb  vregs.o [4]
?epilogue_l2            0x00b1e6         Code  Gb  vreg_util.o [4]
?epilogue_l2_l3         0x00b1e2         Code  Gb  vreg_util.o [4]
?epilogue_l2_w6         0x00b1eb         Code  Gb  vreg_util.o [4]
?epilogue_w4            0x00b1f4         Code  Gb  vreg_util.o [4]
?l0                     0x000000         Data  Gb  vregs.o [4]
?l1                     0x000004         Data  Gb  vregs.o [4]
?l2                     0x000008         Data  Gb  vregs.o [4]
?l3                     0x00000c         Data  Gb  vregs.o [4]
?load24_0x_e0           0x00c79d         Code  Gb  far_util.o [4]
?load24_e0_0x           0x00c781         Code  Gb  far_util.o [4]
?load24_e1_0x           0x00c78f         Code  Gb  far_util.o [4]
?load32_0x_l0           0x00c85f         Code  Gb  long_util.o [4]
?load32_l0_0x           0x00c849         Code  Gb  long_util.o [4]
?load32_xsp_l0          0x00c855         Code  Gb  long_util.o [4]
?mov_e0_e2              0x00b22d         Code  Gb  vreg_util.o [4]
?mov_e1_e3              0x00b23a         Code  Gb  vreg_util.o [4]
?mov_e3_e0              0x00b247         Code  Gb  vreg_util.o [4]
?mov_l0_l2              0x00b22a         Code  Gb  vreg_util.o [4]
?mov_l1_l3              0x00b237         Code  Gb  vreg_util.o [4]
?mov_l3_l0              0x00b244         Code  Gb  vreg_util.o [4]
?mov_w0_w2              0x00b1f9         Code  Gb  vreg_util.o [4]
?mov_w0_w7              0x00b200         Code  Gb  vreg_util.o [4]
?mov_w1_w0              0x00b207         Code  Gb  vreg_util.o [4]
?mov_w1_w5              0x00b230         Code  Gb  vreg_util.o [4]
?mov_w3_w7              0x00b23d         Code  Gb  vreg_util.o [4]
?mov_w4_w1              0x00b20e         Code  Gb  vreg_util.o [4]
?mov_w5_w0              0x00b215         Code  Gb  vreg_util.o [4]
?mov_w6_w0              0x00b21c         Code  Gb  vreg_util.o [4]
?mov_w7_w1              0x00b24a         Code  Gb  vreg_util.o [4]
?mov_w7_w2              0x00b223         Code  Gb  vreg_util.o [4]
?move1616_v_x_y_a       0x00caaa         Code  Gb  move.o [4]
?mul16_x_x_w0           0x00c823         Code  Gb  short.o [4]
?mul32_l0_l0_0x         0x00af10         Code  Gb  long.o [4]
?mul32_l0_l0_l1         0x00af19         Code  Gb  long.o [4]
?pop_l0                 0x00b1aa         Code  Gb  vreg_util.o [4]
?pop_l1                 0x00b1b5         Code  Gb  vreg_util.o [4]
?pop_l2                 0x00b1c0         Code  Gb  vreg_util.o [4]
?pop_l3                 0x00b1cb         Code  Gb  vreg_util.o [4]
?pop_w4                 0x00b15b         Code  Gb  vreg_util.o [4]
?pop_w6                 0x00b162         Code  Gb  vreg_util.o [4]
?push_l0                0x00b175         Code  Gb  vreg_util.o [4]
?push_l1                0x00b17a         Code  Gb  vreg_util.o [4]
?push_l2                0x00b17f         Code  Gb  vreg_util.o [4]
?push_l3                0x00b184         Code  Gb  vreg_util.o [4]
?push_w4                0x00b13a         Code  Gb  vreg_util.o [4]
?push_w6                0x00b13f         Code  Gb  vreg_util.o [4]
?sext32_l0_x            0x00b015         Code  Gb  long.o [4]
?sll16_x_x_a            0x00c841         Code  Gb  short.o [4]
?srl32_0x_0x_a          0x00b007         Code  Gb  long.o [4]
?srl32_l0_l0_a          0x00b004         Code  Gb  long.o [4]
?udiv32_l0_l0_l1        0x00af97         Code  Gb  long.o [4]
?umod32_l1_l0_l1        0x00af97         Code  Gb  long.o [4]
?w0                     0x000000         Data  Gb  vregs.o [4]
?w1                     0x000002         Data  Gb  vregs.o [4]
?w2                     0x000004         Data  Gb  vregs.o [4]
?w3                     0x000006         Data  Gb  vregs.o [4]
?w4                     0x000008         Data  Gb  vregs.o [4]
?w5                     0x00000a         Data  Gb  vregs.o [4]
?w6                     0x00000c         Data  Gb  vregs.o [4]
?w7                     0x00000e         Data  Gb  vregs.o [4]
ADC1_COMP_IRQHandler    0x00cb53    0x1  Code  Gb  stm8l15x_it.o [1]
AppState                0x0002ef    0x1  Data  Gb  main.o [1]
BeepInit                0x00ca5c    0xd  Code  Gb  key.o [1]
CLK_DeInit              0x00c4b3   0x41  Code  Gb  stm8l15x_clk.o [1]
CLK_GetClockFreq        0x00bcee   0x7e  Code  Gb  stm8l15x_clk.o [1]
CLK_GetSYSCLKSource     0x00cb22    0x4  Code  Gb  stm8l15x_clk.o [1]
CLK_HSICmd              0x00ca69    0xd  Code  Gb  stm8l15x_clk.o [1]
CLK_HaltConfig          0x00ca38   0x13  Code  Gb  stm8l15x_clk.o [1]
CLK_LSICmd              0x00ca76    0xd  Code  Gb  stm8l15x_clk.o [1]
CLK_PeripheralClockConfig
                        0x00bac4   0x8f  Code  Gb  stm8l15x_clk.o [1]
CLK_SYSCLKDivConfig     0x00cb1e    0x4  Code  Gb  stm8l15x_clk.o [1]
CLK_SYSCLKSourceConfig  0x00cb1a    0x4  Code  Gb  stm8l15x_clk.o [1]
CLK_SYSCLKSourceSwitchCmd
                        0x00ca83    0xd  Code  Gb  stm8l15x_clk.o [1]
CSTACK$$Base            0x0006e0          --   Gb  - Linker created -
CSTACK$$Limit           0x000800          --   Gb  - Linker created -
CreateQueue             0x00c86d   0x21  Code  Gb  queue.o [1]
DMA1_CHANNEL0_1_IRQHandler
                        0x00cb49    0x1  Code  Gb  stm8l15x_it.o [1]
DMA1_CHANNEL2_3_IRQHandler
                        0x00cb4a    0x1  Code  Gb  stm8l15x_it.o [1]
DeQueue                 0x00c0c3   0x5a  Code  Gb  queue.o [1]
EXTI0_IRQHandler        0x00cb4d    0x1  Code  Gb  stm8l15x_it.o [1]
EXTI1_IRQHandler        0x00c470   0x43  Code  Gb  stm8l15x_it.o [1]
EXTI2_IRQHandler        0x00c56e   0x38  Code  Gb  stm8l15x_it.o [1]
EXTI3_IRQHandler        0x00cb4e    0x1  Code  Gb  stm8l15x_it.o [1]
EXTI4_IRQHandler        0x00cb4f    0x1  Code  Gb  stm8l15x_it.o [1]
EXTI5_IRQHandler        0x00cb50    0x1  Code  Gb  stm8l15x_it.o [1]
EXTI6_IRQHandler        0x00c354   0x49  Code  Gb  stm8l15x_it.o [1]
EXTI7_IRQHandler        0x00cb51    0x1  Code  Gb  stm8l15x_it.o [1]
EXTIB_IRQHandler        0x00cb4b    0x1  Code  Gb  stm8l15x_it.o [1]
EXTID_IRQHandler        0x00cb4c    0x1  Code  Gb  stm8l15x_it.o [1]
EXTIE_F_PVD_IRQHandler  0x00c645   0x31  Code  Gb  stm8l15x_it.o [1]
EXTI_ClearITPendingBit  0x00c88e   0x21  Code  Gb  stm8l15x_exti.o [1]
EXTI_GetITStatus        0x00c967   0x1c  Code  Gb  stm8l15x_exti.o [1]
EXTI_SetPinSensitivity  0x00b251  0x110  Code  Gb  stm8l15x_exti.o [1]
EnQueue                 0x00c270   0x4f  Code  Gb  queue.o [1]
EnterHaltSleep          0x00cade    0x8  Code  Gb  low_power.o [1]
ExitHaltSleep           0x00c30b   0x49  Code  Gb  low_power.o [1]
FLASH_EraseByte         0x00cb01    0x5  Code  Gb  stm8l15x_flash.o [1]
FLASH_IRQHandler        0x00cb48    0x1  Code  Gb  stm8l15x_it.o [1]
FLASH_Unlock            0x00c99e   0x19  Code  Gb  stm8l15x_flash.o [1]
GBZK_GPIO_Config        0x00c2bf   0x4c  Code  Gb  LCD_ZK.o [1]
GPIO_Config             0x00c11d   0x59  Code  Gb  key.o [1]
GPIO_Init               0x00b702   0xae  Code  Gb  stm8l15x_gpio.o [1]
GPIO_LowPower_Config    0x00b85b   0x9e  Code  Gb  low_power.o [1]
GPIO_ReadInputDataBit   0x00cab7    0xb  Code  Gb  stm8l15x_gpio.o [1]
GPIO_ResetBits          0x00cb26    0x4  Code  Gb  stm8l15x_gpio.o [1]
GPIO_SetBits            0x00cb36    0x3  Code  Gb  stm8l15x_gpio.o [1]
GPIO_ToggleBits         0x00cb39    0x3  Code  Gb  stm8l15x_gpio.o [1]
HEAP$$Base              0x0002f6          --   Gb  - Linker created -
HEAP$$Limit             0x00054e          --   Gb  - Linker created -
HelpMsg                 0x000017    0x2  Data  Gb  main.o [1]
I2C1_IRQHandler         0x00cb5b    0x1  Code  Gb  stm8l15x_it.o [1]
INTVEC$$Base            0x00a000          --   Gb  - Linker created -
INTVEC$$Limit           0x00a080          --   Gb  - Linker created -
IWDG_init               0x00cb45    0x1  Code  Gb  main.o [1]
IsEmpty                 0x00ca25   0x13  Code  Gb  queue.o [1]
IsFull                  0x00c983   0x1b  Code  Gb  queue.o [1]
KeyRead                 0x00caf5    0x6  Code  Gb  key.o [1]
KeyWake                 0x0002f4    0x1  Data  Gb  stm8l15x_it.o [1]
LCD_IRQHandler          0x00cb52    0x1  Code  Gb  stm8l15x_it.o [1]
LEDInit                 0x00c611   0x34  Code  Gb  key.o [1]
LedF5                   0x0002f0    0x1  Data  Gb  main.o [1]
MyUart_Init             0x00bc6b   0x83  Code  Gb  uart.o [1]
OLED_Display_Off        0x00b020   0x15  Code  Gb  LCD_ZK.o [1]
OLED_Display_On         0x00b035   0x15  Code  Gb  LCD_ZK.o [1]
PWR_FastWakeUpCmd       0x00ca90    0xd  Code  Gb  stm8l15x_pwr.o [1]
PWR_GetFlagStatus       0x00c6a6   0x2f  Code  Gb  stm8l15x_pwr.o [1]
PWR_PVDClearFlag        0x00cb06    0x5  Code  Gb  stm8l15x_pwr.o [1]
PWR_PVDGetITStatus      0x00c7fc   0x27  Code  Gb  stm8l15x_pwr.o [1]
PWR_UltraLowPowerCmd    0x00ca9d    0xd  Code  Gb  stm8l15x_pwr.o [1]
PowerMsg                0x000010    0x4  Data  Gb  main.o [1]
PowerScan               0x00c003   0x60  Code  Gb  key.o [1]
Power_charge            0x0002f3    0x1  Data  Gb  main.o [1]
Q                       0x000019  0x13c  Data  Gb  main.o [1]
Q_old                   0x000155  0x13c  Data  Gb  main.o [1]
RTC_IRQHandler          0x00cb2a    0x4  Code  Gb  stm8l15x_it.o [1]
ReadMsg                 0x000014    0x3  Data  Gb  main.o [1]
Region$$Table$$Base     0x00a0b1          --   Gb  - Linker created -
Region$$Table$$Limit    0x00a0c5          --   Gb  - Linker created -
RestMain                0x00a1b1    0x3  Data  Gb  uart.o [1]
SPI1_IRQHandler         0x00cb59    0x1  Code  Gb  stm8l15x_it.o [1]
SWITCH_CSS_BREAK_DAC_IRQHandler
                        0x00cac2    0xa  Code  Gb  stm8l15x_it.o [1]
SYSDivFactor            0x00a1ac    0x5  Data  Gb  stm8l15x_clk.o [1]
TIM1_CAP_IRQHandler     0x00cb57    0x1  Code  Gb  stm8l15x_it.o [1]
TIM1_UPD_OVF_TRG_COM_IRQHandler
                        0x00cb56    0x1  Code  Gb  stm8l15x_it.o [1]
TIM2_ARRPreloadConfig   0x00c6d5    0xd  Code  Gb  stm8l15x_tim2.o [1]
TIM2_CAP_IRQHandler     0x00cb54    0x1  Code  Gb  stm8l15x_it.o [1]
TIM2_ClearITPendingBit  0x00cb0b    0x5  Code  Gb  stm8l15x_tim2.o [1]
TIM2_Cmd                0x00c6f5    0xd  Code  Gb  stm8l15x_tim2.o [1]
TIM2_Conut              0x0002e4    0x2  Data  Gb  stm8l15x_it.o [1]
TIM2_ITConfig           0x00c6e2   0x13  Code  Gb  stm8l15x_tim2.o [1]
TIM2_Init               0x00c7ab   0x29  Code  Gb  timer.o [1]
TIM2_TimeBaseInit       0x00c72d   0x2a  Code  Gb  stm8l15x_tim2.o [1]
TIM2_UPD_OVF_TRG_BRK_IRQHandler
                        0x00bbe1   0x8a  Code  Gb  stm8l15x_it.o [1]
TIM3_ARRPreloadConfig   0x00c541    0xd  Code  Gb  stm8l15x_tim3.o [1]
TIM3_CAP_IRQHandler     0x00cb55    0x1  Code  Gb  stm8l15x_it.o [1]
TIM3_ClearITPendingBit  0x00cb10    0x5  Code  Gb  stm8l15x_tim3.o [1]
TIM3_Cmd                0x00c561    0xd  Code  Gb  stm8l15x_tim3.o [1]
TIM3_Conut              0x0002e6    0x2  Data  Gb  stm8l15x_it.o [1]
TIM3_ITConfig           0x00c54e   0x13  Code  Gb  stm8l15x_tim3.o [1]
TIM3_Init               0x00c676   0x30  Code  Gb  timer.o [1]
TIM3_SetCounter         0x00c532    0xf  Code  Gb  stm8l15x_tim3.o [1]
TIM3_TimeBaseInit       0x00c757   0x2a  Code  Gb  stm8l15x_tim3.o [1]
TIM3_UPD_OVF_TRG_BRK_IRQHandler
                        0x00c1cc   0x53  Code  Gb  stm8l15x_it.o [1]
TIM4_UPD_OVF_TRG_IRQHandler
                        0x00cb58    0x1  Code  Gb  stm8l15x_it.o [1]
TRAP_IRQHandler         0x00cb47    0x1  Code  Gb  stm8l15x_it.o [1]
USART1_RX_IRQHandler    0x00b8f9   0x9e  Code  Gb  stm8l15x_it.o [1]
USART1_TX_IRQHandler    0x00cb5a    0x1  Code  Gb  stm8l15x_it.o [1]
USART_ClearITPendingBit
                        0x00c8d0   0x20  Code  Gb  stm8l15x_usart.o [1]
USART_Cmd               0x00c8af   0x21  Code  Gb  stm8l15x_usart.o [1]
USART_DeInit            0x00c4f4   0x3e  Code  Gb  stm8l15x_usart.o [1]
USART_GetITStatus       0x00b7b0   0xab  Code  Gb  stm8l15x_usart.o [1]
USART_ITConfig          0x00ba2e   0x96  Code  Gb  stm8l15x_usart.o [1]
USART_Init              0x00b54a   0xe4  Code  Gb  stm8l15x_usart.o [1]
USART_RX_BUF            0x000291   0x40  Data  Gb  stm8l15x_it.o [1]
USART_RX_STA            0x0002e2    0x2  Data  Gb  stm8l15x_it.o [1]
USART_ReceiveData8      0x00cb3c    0x3  Code  Gb  stm8l15x_usart.o [1]
UartScan                0x00ab63  0x1ef  Code  Gb  uart.o [1]
UartSendByte            0x00cad5    0x9  Code  Gb  uart.o [1]
WatchDog_Feed           0x00cb46    0x1  Code  Gb  main.o [1]
_A_PA_ODR               0x005000    0x1  Data  Gb  beep.o [1]
__DebugBreak            0x00cb5c    0x1  Code  Gb  __dbg_break.o [3]
__exit                  0x00c9e7   0x16  Code  Gb  __dbg_xxexit.o [3]
__iar_copy_init2        0x00c7d4         Code  Gb  init_small.o [4]
__iar_data_init2        0x00c90e   0x1e  Code  Gb  init.o [4]
__iar_program_start     0x00c9d0         Code  Gb  cstartup.o [4]
__iar_unhandled_exception
                        0x00cb42         Code  Gb  unhandled_exception.o [4]
__iar_zero_init2        0x00c92c         Code  Gb  init_small.o [4]
__intvec                0x00a000         Data  Gb  interrupt.o [4]
__low_level_init        0x00cb3f    0x3  Code  Gb  low_level_init.o [4]
__near_Aldata           0x0002d5    0x4  Data  Gb  xxmemxmalloc.o [4]
__near_GetMemChunk      0x00c9b7   0x19  Code  Gb  xgetmemchunk.o [4]
__near_findmem          0x00becb   0x70  Code  Lc  xxmemxmalloc.o [4]
_exit                   0x00cafb         Code  Gb  cexit.o [4]
_interrupt_1            0x00cb47         Code  Gb  stm8l15x_it.o [1]
_interrupt_10           0x00cb4d         Code  Gb  stm8l15x_it.o [1]
_interrupt_11           0x00c470         Code  Gb  stm8l15x_it.o [1]
_interrupt_12           0x00c56e         Code  Gb  stm8l15x_it.o [1]
_interrupt_13           0x00cb4e         Code  Gb  stm8l15x_it.o [1]
_interrupt_14           0x00cb4f         Code  Gb  stm8l15x_it.o [1]
_interrupt_15           0x00cb50         Code  Gb  stm8l15x_it.o [1]
_interrupt_16           0x00c354         Code  Gb  stm8l15x_it.o [1]
_interrupt_17           0x00cb51         Code  Gb  stm8l15x_it.o [1]
_interrupt_18           0x00cb52         Code  Gb  stm8l15x_it.o [1]
_interrupt_19           0x00cac2         Code  Gb  stm8l15x_it.o [1]
_interrupt_20           0x00cb53         Code  Gb  stm8l15x_it.o [1]
_interrupt_21           0x00bbe1         Code  Gb  stm8l15x_it.o [1]
_interrupt_22           0x00cb54         Code  Gb  stm8l15x_it.o [1]
_interrupt_23           0x00c1cc         Code  Gb  stm8l15x_it.o [1]
_interrupt_24           0x00cb55         Code  Gb  stm8l15x_it.o [1]
_interrupt_25           0x00cb56         Code  Gb  stm8l15x_it.o [1]
_interrupt_26           0x00cb57         Code  Gb  stm8l15x_it.o [1]
_interrupt_27           0x00cb58         Code  Gb  stm8l15x_it.o [1]
_interrupt_28           0x00cb59         Code  Gb  stm8l15x_it.o [1]
_interrupt_29           0x00cb5a         Code  Gb  stm8l15x_it.o [1]
_interrupt_3            0x00cb48         Code  Gb  stm8l15x_it.o [1]
_interrupt_30           0x00b8f9         Code  Gb  stm8l15x_it.o [1]
_interrupt_31           0x00cb5b         Code  Gb  stm8l15x_it.o [1]
_interrupt_4            0x00cb49         Code  Gb  stm8l15x_it.o [1]
_interrupt_5            0x00cb4a         Code  Gb  stm8l15x_it.o [1]
_interrupt_6            0x00cb2a         Code  Gb  stm8l15x_it.o [1]
_interrupt_7            0x00c645         Code  Gb  stm8l15x_it.o [1]
_interrupt_8            0x00cb4b         Code  Gb  stm8l15x_it.o [1]
_interrupt_9            0x00cb4c         Code  Gb  stm8l15x_it.o [1]
_putc                   0x00c39d   0x48  Code  Lc  mini-printf.o [1]
_puts                   0x00bb53   0x8e  Code  Lc  mini-printf.o [1]
beep                    0x0002f1    0x1  Data  Gb  main.o [1]
beep_delay              0x00cacc    0x9  Code  Gb  beep.o [1]
clear_screen            0x00c063   0x60  Code  Gb  LCD_ZK.o [1]
delay                   0x00ca12   0x13  Code  Gb  LCD_ZK.o [1]
delayms                 0x00c702   0x2b  Code  Gb  sysclk.o [1]
delayus                 0x00cb15    0x5  Code  Gb  sysclk.o [1]
display_GB2312_string   0x00a822  0x341  Code  Gb  LCD_ZK.o [1]
display_graphic_16x16   0x00be5b   0x70  Code  Gb  LCD_ZK.o [1]
display_graphic_8x16    0x00bf3b   0x65  Code  Gb  LCD_ZK.o [1]
exit                    0x00cb32    0x4  Code  Gb  exit.o [4]
fontaddr                0x0002d1    0x4  Data  Gb  LCD_ZK.o [1]
free                    0x00b62e   0xd4  Code  Gb  xxmemxfree.o [4]
gUartSendStr            0x0002d9    0x3  Data  Gb  mini-printf.o [1]
get_data_from_ROM       0x00c176   0x56  Code  Lc  LCD_ZK.o [1]
get_n_bytes_data_from_ROM
                        0x00bde4   0x77  Code  Gb  LCD_ZK.o [1]
get_pack                0x00c3e5   0x46  Code  Gb  queue.o [1]
initial_lcd             0x00b464   0xe6  Code  Gb  LCD_ZK.o [1]
keyPassValue            0x0002f2    0x1  Data  Gb  main.o [1]
keyScan                 0x00bfa0   0x63  Code  Gb  key.o [1]
lcd_address             0x00c5a6   0x37  Code  Gb  LCD_ZK.o [1]
led_on                  0x0002ee    0x1  Data  Gb  main.o [1]
main                    0x00a1bd  0x665  Code  Gb  main.o [1]
malloc                  0x00b997   0x97  Code  Gb  xxmemxmalloc.o [4]
memset                  0x00c9fd   0x15  Code  Gb  memset.o [4]
mini_itoa               0x00b361  0x103  Code  Lc  mini-printf.o [1]
mini_sprint             0x00ad52    0xe  Code  Gb  mini-printf.o [1]
mini_strlen             0x00ca4b   0x11  Code  Lc  mini-printf.o [1]
mini_vsnprintf          0x00ad60  0x198  Code  Gb  mini-printf.o [1]
num                     0x0002f5    0x1  Data  Gb  uart.o [1]
num_l                   0x0002ed    0x1  Data  Gb  main.o [1]
num_r                   0x0002ec    0x1  Data  Gb  main.o [1]
print_init_module       0x00caee    0x7  Code  Gb  mini-printf.o [1]
screen_off_cnt          0x0002e0    0x2  Data  Gb  main.o [1]
send_command_to_ROM     0x00c21f   0x51  Code  Gb  LCD_ZK.o [1]
set_pack                0x00bd6c   0x78  Code  Gb  queue.o [1]
size_queue              0x00c8f0   0x1e  Code  Gb  queue.o [1]
sound2                  0x00c5dd   0x34  Code  Gb  beep.o [1]
transfer_command_lcd    0x00b0c2   0x78  Code  Gb  LCD_ZK.o [1]
transfer_data_lcd       0x00b04a   0x78  Code  Gb  LCD_ZK.o [1]
uart_txarr              0x00c42b   0x45  Code  Gb  uart.o [1]
uart_txstring           0x00c94a   0x1d  Code  Gb  uart.o [1]


[1] = C:\Users\xs\Desktop\stm8_uart_oled--newKey\Debug\Obj
[2] = command line
[3] = dbgstm8mmd.a
[4] = dlstm8mmn.a

  10 656 bytes of readonly  code memory
     445 bytes of readonly  data memory
   1 646 bytes of readwrite data memory (+ 1 absolute)

Errors: none
Warnings: none
