###############################################################################
#
# IAR ELF Linker V2.10.4.157 for STM8                     05/Dec/2017  13:48:38
# Copyright 2010-2015 IAR Systems AB.
#
#    Output file  =  
#        C:\Users\xs\Desktop\stm8_uart_oled--newKey\Debug\Exe\demo.out
#    Map file     =  
#        C:\Users\xs\Desktop\stm8_uart_oled--newKey\Debug\List\demo.map
#    Command line =  
#        C:\Users\xs\Desktop\stm8_uart_oled--newKey\Debug\Obj\beep.o
#        C:\Users\xs\Desktop\stm8_uart_oled--newKey\Debug\Obj\key.o
#        C:\Users\xs\Desktop\stm8_uart_oled--newKey\Debug\Obj\LCD_ZK.o
#        C:\Users\xs\Desktop\stm8_uart_oled--newKey\Debug\Obj\main.o
#        C:\Users\xs\Desktop\stm8_uart_oled--newKey\BSP\mini-printf.a
#        C:\Users\xs\Desktop\stm8_uart_oled--newKey\Debug\Obj\queue.o
#        C:\Users\xs\Desktop\stm8_uart_oled--newKey\Debug\Obj\stm8l15x_adc.o
#        C:\Users\xs\Desktop\stm8_uart_oled--newKey\Debug\Obj\stm8l15x_aes.o
#        C:\Users\xs\Desktop\stm8_uart_oled--newKey\Debug\Obj\stm8l15x_beep.o
#        C:\Users\xs\Desktop\stm8_uart_oled--newKey\Debug\Obj\stm8l15x_clk.o
#        C:\Users\xs\Desktop\stm8_uart_oled--newKey\Debug\Obj\stm8l15x_comp.o
#        C:\Users\xs\Desktop\stm8_uart_oled--newKey\Debug\Obj\stm8l15x_dac.o
#        C:\Users\xs\Desktop\stm8_uart_oled--newKey\Debug\Obj\stm8l15x_dma.o
#        C:\Users\xs\Desktop\stm8_uart_oled--newKey\Debug\Obj\stm8l15x_exti.o
#        C:\Users\xs\Desktop\stm8_uart_oled--newKey\Debug\Obj\stm8l15x_flash.o
#        C:\Users\xs\Desktop\stm8_uart_oled--newKey\Debug\Obj\stm8l15x_gpio.o
#        C:\Users\xs\Desktop\stm8_uart_oled--newKey\Debug\Obj\stm8l15x_i2c.o
#        C:\Users\xs\Desktop\stm8_uart_oled--newKey\Debug\Obj\stm8l15x_irtim.o
#        C:\Users\xs\Desktop\stm8_uart_oled--newKey\Debug\Obj\stm8l15x_it.o
#        C:\Users\xs\Desktop\stm8_uart_oled--newKey\Debug\Obj\stm8l15x_itc.o
#        C:\Users\xs\Desktop\stm8_uart_oled--newKey\Debug\Obj\stm8l15x_iwdg.o
#        C:\Users\xs\Desktop\stm8_uart_oled--newKey\Debug\Obj\stm8l15x_lcd.o
#        C:\Users\xs\Desktop\stm8_uart_oled--newKey\Debug\Obj\stm8l15x_pwr.o
#        C:\Users\xs\Desktop\stm8_uart_oled--newKey\Debug\Obj\stm8l15x_rst.o
#        C:\Users\xs\Desktop\stm8_uart_oled--newKey\Debug\Obj\stm8l15x_rtc.o
#        C:\Users\xs\Desktop\stm8_uart_oled--newKey\Debug\Obj\stm8l15x_spi.o
#        C:\Users\xs\Desktop\stm8_uart_oled--newKey\Debug\Obj\stm8l15x_syscfg.o
#        C:\Users\xs\Desktop\stm8_uart_oled--newKey\Debug\Obj\stm8l15x_tim1.o
#        C:\Users\xs\Desktop\stm8_uart_oled--newKey\Debug\Obj\stm8l15x_tim2.o
#        C:\Users\xs\Desktop\stm8_uart_oled--newKey\Debug\Obj\stm8l15x_tim3.o
#        C:\Users\xs\Desktop\stm8_uart_oled--newKey\Debug\Obj\stm8l15x_tim4.o
#        C:\Users\xs\Desktop\stm8_uart_oled--newKey\Debug\Obj\stm8l15x_tim5.o
#        C:\Users\xs\Desktop\stm8_uart_oled--newKey\Debug\Obj\stm8l15x_usart.o
#        C:\Users\xs\Desktop\stm8_uart_oled--newKey\Debug\Obj\stm8l15x_wfe.o
#        C:\Users\xs\Desktop\stm8_uart_oled--newKey\Debug\Obj\stm8l15x_wwdg.o
#        C:\Users\xs\Desktop\stm8_uart_oled--newKey\Debug\Obj\sysclk.o
#        C:\Users\xs\Desktop\stm8_uart_oled--newKey\Debug\Obj\timer.o
#        C:\Users\xs\Desktop\stm8_uart_oled--newKey\Debug\Obj\uart.o -o
#        C:\Users\xs\Desktop\stm8_uart_oled--newKey\Debug\Exe\demo.out --map
#        C:\Users\xs\Desktop\stm8_uart_oled--newKey\Debug\List\demo.map
#        --config D:\IAR\stm8\config\lnkstm8l152k4.icf --config_def
#        _CSTACK_SIZE=0x100 --config_def _HEAP_SIZE=0x258 --entry
#        __iar_program_start --debug_lib
#
###############################################################################

*******************************************************************************
*** RUNTIME MODEL ATTRIBUTES
***

__Heap_Handler             = Basic
__SystemLibrary            = DLib
__code_model               = medium_or_large
__core                     = stm8
__data_model               = medium
__dlib_file_descriptor     = 0
__dlib_full_locale_support = 0
__rt_version               = 4


*******************************************************************************
*** PLACEMENT SUMMARY
***

"A1":  place at start of [0x000000-0x0000ff] { rw section .vregs };
"A2":  place at end of [0x000000-0x0007ff] { block CSTACK };
"P2":  place in [from 0x000000 to 0x0007ff] {
          block HEAP, rw section __DLIB_PERTHREAD, rw section .far.bss,
          rw section .far.data, rw section .far.noinit,
          rw section .far_func.textrw, rw section .huge.bss,
          rw section .huge.data, rw section .huge.noinit,
          rw section .huge_func.textrw, rw section .iar.dynexit,
          rw section .near.bss, rw section .near.data, rw section .near.noinit,
          rw section .near_func.textrw };
"A3":  place at start of [0x008000-0x00bfff] { block INTVEC };
"P3":  place in [from 0x008000 to 0x00bfff] {
          ro section __DLIB_PERTHREAD_init, ro section .far.data_init,
          ro section .far_func.textrw_init, ro section .huge.data_init,
          ro section .huge_func.textrw_init, ro section .iar.init_table,
          ro section .init_array, ro section .near.data_init,
          ro section .near.rodata, ro section .near_func.text,
          ro section .near_func.textrw_init, ro section .tiny.data_init,
          ro section .tiny.rodata_init };
"P4":  place in [from 0x008000 to 0x00bfff] {
          ro section .far.rodata, ro section .far_func.text };

  Section            Kind      Address    Size  Object
  -------            ----      -------    ----  ------
"A1":                                     0x10
  .vregs             uninit   0x000000    0x10  vregs.o [4]
                            - 0x000010    0x10

"P2":                                    0x51f
  P2 s0                       0x000010     0xc  <Init block>
    .near.data       inited   0x000010     0x4  main.o [1]
    .near.data       inited   0x000014     0x4  main.o [1]
    .near.data       inited   0x000018     0x4  main.o [1]
  .near.bss          zero     0x00001c   0x130  main.o [1]
  .near.bss          zero     0x00014c   0x130  main.o [1]
  .near.bss          zero     0x00027c    0x40  stm8l15x_it.o [1]
  .near.bss          zero     0x0002bc     0x4  LCD_ZK.o [1]
  .near.bss          zero     0x0002c0     0x4  xxmemxmalloc.o [4]
  .near.bss          zero     0x0002c4     0x3  mini-printf.o [5]
  .near.bss          zero     0x0002c7     0x2  stm8l15x_it.o [1]
  .near.bss          zero     0x0002c9     0x2  stm8l15x_it.o [1]
  .near.bss          zero     0x0002cb     0x2  xgetmemchunk.o [4]
  .near.bss          zero     0x0002cd     0x1  key.o [1]
  .near.bss          zero     0x0002ce     0x1  key.o [1]
  .near.bss          zero     0x0002cf     0x1  main.o [1]
  .near.bss          zero     0x0002d0     0x1  main.o [1]
  .near.bss          zero     0x0002d1     0x1  main.o [1]
  .near.bss          zero     0x0002d2     0x1  main.o [1]
  .near.bss          zero     0x0002d3     0x1  main.o [1]
  .near.bss          zero     0x0002d4     0x1  main.o [1]
  .near.bss          zero     0x0002d5     0x1  main.o [1]
  .near.bss          zero     0x0002d6     0x1  uart.o [1]
  HEAP                        0x0002d7   0x258  <Block>
    HEAP             uninit   0x0002d7   0x258  <Block tail>
                            - 0x00052f   0x51f

"A2":                                    0x100
  CSTACK                      0x000700   0x100  <Block>
    CSTACK           uninit   0x000700   0x100  <Block tail>
                            - 0x000800   0x100

Absolute sections:                         0x1
  .near.noinit       uninit   0x005000     0x1  beep.o [1]
                            - 0x005001     0x1

"A3":                                     0x80
  INTVEC                      0x008000    0x80  <Block>
    .intvec          const    0x008000    0x80  interrupt.o [4]
                            - 0x008080    0x80

"P3":                                    0x4ca
  .near.rodata       const    0x008080   0x400  LCD_ZK.o [1]
  .iar.init_table    const    0x008480    0x14  - Linker created -
  .near.rodata       const    0x008494    0x14  main.o [1]
  .near.rodata       const    0x0084a8    0x11  main.o [1]
  .near.rodata       const    0x0084b9    0x11  main.o [1]
  .near.rodata       const    0x0084ca    0x10  main.o [1]
  .near.rodata       const    0x0084da    0x10  main.o [1]
  .near.rodata       const    0x0084ea     0xf  main.o [1]
  .near.rodata       const    0x0084f9     0xe  main.o [1]
  .near.rodata       const    0x008507     0xd  main.o [1]
  .near.rodata       const    0x008514     0xc  main.o [1]
  .near.rodata       const    0x008520     0xa  main.o [1]
  .near.rodata       const    0x00852a     0x8  main.o [1]
  .near.rodata       const    0x008532     0x5  stm8l15x_clk.o [1]
  .near.rodata       const    0x008537     0x3  main.o [1]
  .near.rodata       const    0x00853a     0x2  xprintftiny.o [4]
  .near.rodata       const    0x00853c     0x2  xprintftiny.o [4]
  Initializer bytes  const    0x00853e     0xc  <for P2 s0>
                            - 0x00854a   0x4ca

"P4":                                   0x230c
  .far_func.text     ro code  0x00854a   0x48c  main.o [1]
  .far_func.text     ro code  0x0089d6   0x341  LCD_ZK.o [1]
  .far_func.text     ro code  0x008d17   0x191  xprintftiny.o [4]
  .far_func.text     ro code  0x008ea8   0x17c  uart.o [1]
  .far_func.text     ro code  0x009024   0x13d  vreg_util.o [4]
  .far_func.text     ro code  0x009161   0x128  long.o [4]
  .far_func.text     ro code  0x009289   0x11a  LCD_ZK.o [1]
  .far_func.text     ro code  0x0093a3    0xe6  LCD_ZK.o [1]
  .far_func.text     ro code  0x009489    0xe4  stm8l15x_usart.o [1]
  .far_func.text     ro code  0x00956d    0xd4  xxmemxfree.o [4]
  .far_func.text     ro code  0x009641    0xae  stm8l15x_gpio.o [1]
  .far_func.text     ro code  0x0096ef    0xab  stm8l15x_usart.o [1]
  .far_func.text     ro code  0x00979a    0xa9  stm8l15x_it.o [1]
  .far_func.text     ro code  0x009843    0x97  xxmemxmalloc.o [4]
  .far_func.text     ro code  0x0098da    0x96  stm8l15x_usart.o [1]
  .far_func.text     ro code  0x009970    0x8f  stm8l15x_clk.o [1]
  .far_func.text     ro code  0x0099ff    0x8d  main.o [1]
  .far_func.text     ro code  0x009a8c    0x8a  stm8l15x_it.o [1]
  .far_func.text     ro code  0x009b16    0x84  uart.o [1]
  .far_func.text     ro code  0x009b9a    0x7e  stm8l15x_clk.o [1]
  .far_func.text     ro code  0x009c18    0x77  LCD_ZK.o [1]
  .far_func.text     ro code  0x009c8f    0x70  LCD_ZK.o [1]
  .far_func.text     ro code  0x009cff    0x70  xxmemxmalloc.o [4]
  .far_func.text     ro code  0x009d6f    0x65  LCD_ZK.o [1]
  .far_func.text     ro code  0x009dd4    0x63  key.o [1]
  .far_func.text     ro code  0x009e37    0x60  LCD_ZK.o [1]
  .far_func.text     ro code  0x009e97    0x5a  LCD_ZK.o [1]
  .far_func.text     ro code  0x009ef1    0x5a  queue.o [1]
  .far_func.text     ro code  0x009f4b    0x56  LCD_ZK.o [1]
  .far_func.text     ro code  0x009fa1    0x51  LCD_ZK.o [1]
  .far_func.text     ro code  0x009ff2    0x50  queue.o [1]
  .far_func.text     ro code  0x00a042    0x4f  queue.o [1]
  .far_func.text     ro code  0x00a091    0x4e  key.o [1]
  .far_func.text     ro code  0x00a0df    0x4c  LCD_ZK.o [1]
  .far_func.text     ro code  0x00a12b    0x4b  stm8l15x_adc.o [1]
  .far_func.text     ro code  0x00a176    0x48  main.o [1]
  .far_func.text     ro code  0x00a1be    0x45  uart.o [1]
  .far_func.text     ro code  0x00a203    0x45  sprintf.o [4]
  .far_func.text     ro code  0x00a248    0x40  queue.o [1]
  .far_func.text     ro code  0x00a288    0x37  LCD_ZK.o [1]
  .far_func.text     ro code  0x00a2bf    0x37  xprintftiny.o [4]
  .far_func.text     ro code  0x00a2f6    0x34  beep.o [1]
  .far_func.text     ro code  0x00a32a    0x34  key.o [1]
  .far_func.text     ro code  0x00a35e    0x31  stm8l15x_it.o [1]
  .far_func.text     ro code  0x00a38f    0x31  uart.o [1]
  .far_func.text     ro code  0x00a3c0    0x2f  stm8l15x_pwr.o [1]
  .far_func.text     ro code  0x00a3ef    0x2d  stm8l15x_tim2.o [1]
  .far_func.text     ro code  0x00a41c    0x2b  stm8l15x_adc.o [1]
  .far_func.text     ro code  0x00a447    0x2b  sysclk.o [1]
  .far_func.text     ro code  0x00a472    0x2a  stm8l15x_tim2.o [1]
  .far_func.text     ro code  0x00a49c    0x29  timer.o [1]
  .far_func.text     ro code  0x00a4c5    0x28  init_small.o [4]
  .far_func.text     ro code  0x00a4ed    0x27  stm8l15x_pwr.o [1]
  .far_func.text     ro code  0x00a514    0x26  short.o [4]
  .far_func.text     ro code  0x00a53a    0x25  stm8l15x_adc.o [1]
  .far_func.text     ro code  0x00a55f    0x24  main.o [1]
  .far_func.text     ro code  0x00a583    0x24  long_util.o [4]
  .far_func.text     ro code  0x00a5a7    0x21  queue.o [1]
  .far_func.text     ro code  0x00a5c8    0x21  stm8l15x_usart.o [1]
  .far_func.text     ro code  0x00a5e9    0x20  stm8l15x_usart.o [1]
  .far_func.text     ro code  0x00a609    0x1e  queue.o [1]
  .far_func.text     ro code  0x00a627    0x1e  init.o [4]
  .far_func.text     ro code  0x00a645    0x1e  init_small.o [4]
  .far_func.text     ro code  0x00a663    0x1d  stm8l15x_it.o [1]
  .far_func.text     ro code  0x00a680    0x1d  uart.o [1]
  .far_func.text     ro code  0x00a69d    0x1c  far_util.o [4]
  .far_func.text     ro code  0x00a6b9    0x1b  queue.o [1]
  .far_func.text     ro code  0x00a6d4    0x19  xgetmemchunk.o [4]
  .far_func.text     ro code  0x00a6ed    0x17  cstartup.o [4]
  .far_func.text     ro code  0x00a704    0x16  __dbg_xxexit.o [3]
  .far_func.text     ro code  0x00a71a    0x15  stm8l15x_adc.o [1]
  .far_func.text     ro code  0x00a72f    0x15  memset.o [4]
  .far_func.text     ro code  0x00a744    0x13  LCD_ZK.o [1]
  .far_func.text     ro code  0x00a757    0x13  queue.o [1]
  .far_func.text     ro code  0x00a76a    0x12  strlen.o [4]
  .far_func.text     ro code  0x00a77c     0xe  xsprout.o [4]
  .far_func.text     ro code  0x00a78a     0xd  key.o [1]
  .far_func.text     ro code  0x00a797     0xd  stm8l15x_adc.o [1]
  .far_func.text     ro code  0x00a7a4     0xd  stm8l15x_adc.o [1]
  .far_func.text     ro code  0x00a7b1     0xd  move.o [4]
  .far_func.text     ro code  0x00a7be     0xa  stm8l15x_it.o [1]
  .far_func.text     ro code  0x00a7c8     0x9  beep.o [1]
  .far_func.text     ro code  0x00a7d1     0x9  uart.o [1]
  .far_func.text     ro code  0x00a7da     0x8  xxmemxmalloc.o [4]
  .far_func.text     ro code  0x00a7e2     0x7  mini-printf.o [5]
  .far_func.text     ro code  0x00a7e9     0x6  key.o [1]
  .far_func.text     ro code  0x00a7ef     0x6  stm8l15x_adc.o [1]
  .far_func.text     ro code  0x00a7f5     0x6  cexit.o [4]
  .far_func.text     ro code  0x00a7fb     0x5  stm8l15x_adc.o [1]
  .far_func.text     ro code  0x00a800     0x5  stm8l15x_pwr.o [1]
  .far_func.text     ro code  0x00a805     0x5  stm8l15x_tim2.o [1]
  .far_func.text     ro code  0x00a80a     0x5  stm8l15x_tim3.o [1]
  .far_func.text     ro code  0x00a80f     0x5  sysclk.o [1]
  .far_func.text     ro code  0x00a814     0x4  stm8l15x_clk.o [1]
  .far_func.text     ro code  0x00a818     0x4  stm8l15x_gpio.o [1]
  .far_func.text     ro code  0x00a81c     0x4  stm8l15x_it.o [1]
  .far_func.text     ro code  0x00a820     0x4  interrupt.o [4]
  .far_func.text     ro code  0x00a824     0x4  exit.o [4]
  .far_func.text     ro code  0x00a828     0x3  stm8l15x_gpio.o [1]
  .far_func.text     ro code  0x00a82b     0x3  stm8l15x_gpio.o [1]
  .far_func.text     ro code  0x00a82e     0x3  stm8l15x_gpio.o [1]
  .far_func.text     ro code  0x00a831     0x3  stm8l15x_usart.o [1]
  .far_func.text     ro code  0x00a834     0x3  stm8l15x_usart.o [1]
  .far_func.text     ro code  0x00a837     0x3  low_level_init.o [4]
  .far_func.text     ro code  0x00a83a     0x3  unhandled_exception.o [4]
  .far_func.text     ro code  0x00a83d     0x1  stm8l15x_it.o [1]
  .far_func.text     ro code  0x00a83e     0x1  stm8l15x_it.o [1]
  .far_func.text     ro code  0x00a83f     0x1  stm8l15x_it.o [1]
  .far_func.text     ro code  0x00a840     0x1  stm8l15x_it.o [1]
  .far_func.text     ro code  0x00a841     0x1  stm8l15x_it.o [1]
  .far_func.text     ro code  0x00a842     0x1  stm8l15x_it.o [1]
  .far_func.text     ro code  0x00a843     0x1  stm8l15x_it.o [1]
  .far_func.text     ro code  0x00a844     0x1  stm8l15x_it.o [1]
  .far_func.text     ro code  0x00a845     0x1  stm8l15x_it.o [1]
  .far_func.text     ro code  0x00a846     0x1  stm8l15x_it.o [1]
  .far_func.text     ro code  0x00a847     0x1  stm8l15x_it.o [1]
  .far_func.text     ro code  0x00a848     0x1  stm8l15x_it.o [1]
  .far_func.text     ro code  0x00a849     0x1  stm8l15x_it.o [1]
  .far_func.text     ro code  0x00a84a     0x1  stm8l15x_it.o [1]
  .far_func.text     ro code  0x00a84b     0x1  stm8l15x_it.o [1]
  .far_func.text     ro code  0x00a84c     0x1  stm8l15x_it.o [1]
  .far_func.text     ro code  0x00a84d     0x1  stm8l15x_it.o [1]
  .far_func.text     ro code  0x00a84e     0x1  stm8l15x_it.o [1]
  .far_func.text     ro code  0x00a84f     0x1  stm8l15x_it.o [1]
  .far_func.text     ro code  0x00a850     0x1  stm8l15x_it.o [1]
  .far_func.text     ro code  0x00a851     0x1  stm8l15x_it.o [1]
  .far_func.text     ro code  0x00a852     0x1  stm8l15x_it.o [1]
  .far_func.text     ro code  0x00a853     0x1  stm8l15x_it.o [1]
  .far_func.text     ro code  0x00a854     0x1  stm8l15x_it.o [1]
  .far_func.text     ro code  0x00a855     0x1  __dbg_break.o [3]
                            - 0x00a856  0x230c


*******************************************************************************
*** INIT TABLE
***

          Address   Size
          -------   ----
Zero (__iar_zero_init2)
    1 destination range, total size 0x2bb:
          0x00001c  0x2bb

Copy (__iar_copy_init2)
    1 source range, total size 0xc:
          0x00853e    0xc
    1 destination range, total size 0xc:
          0x000010    0xc



*******************************************************************************
*** MODULE SUMMARY
***

    Module                 ro code  ro data  rw data  rw data
                                                       (abs)
    ------                 -------  -------  -------  -------
C:\Users\xs\Desktop\stm8_uart_oled--newKey\Debug\Obj: [1]
    LCD_ZK.o                 2 180    1 024        4
    beep.o                      61                          1
    key.o                      248                 2
    main.o                   1 413      173      627
    queue.o                    422
    stm8l15x_adc.o             213
    stm8l15x_clk.o             273        5
    stm8l15x_gpio.o            187
    stm8l15x_it.o              423                68
    stm8l15x_pwr.o              91
    stm8l15x_tim2.o             92
    stm8l15x_tim3.o              5
    stm8l15x_usart.o           620
    sysclk.o                    48
    timer.o                     41
    uart.o                     668                 1
    ---------------------------------------------------------
    Total:                   6 985    1 202      702        1

command line: [2]
    ---------------------------------------------------------
    Total:

dbgstm8mmd.a: [3]
    __dbg_break.o                1
    __dbg_xxexit.o              22
    ---------------------------------------------------------
    Total:                      23

dlstm8mmn.a: [4]
    cexit.o                      6
    cstartup.o                  23
    exit.o                       4
    far_util.o                  28
    init.o                      30
    init_small.o                70
    interrupt.o                  4      128
    long.o                     296
    long_util.o                 36
    low_level_init.o             3
    memset.o                    21
    move.o                      13
    short.o                     38
    sprintf.o                   69
    strlen.o                    18
    unhandled_exception.o        3
    vreg_util.o                317
    vregs.o                                       16
    xgetmemchunk.o              25                 2
    xprintftiny.o              456        4
    xsprout.o                   14
    xxmemxfree.o               212
    xxmemxmalloc.o             271                 4
    ---------------------------------------------------------
    Total:                   1 957      132       22

mini-printf.a: [5]
    mini-printf.o                7                 3
    ---------------------------------------------------------
    Total:                       7                 3

    Linker created                       20      856
-------------------------------------------------------------
    Grand Total:             8 972    1 354    1 583        1


*******************************************************************************
*** ENTRY LIST
***

Entry                    Address   Size  Type      Object
-----                    -------   ----  ----      ------
.iar.init_table$$Base   0x008480          --   Gb  - Linker created -
.iar.init_table$$Limit  0x008494          --   Gb  - Linker created -
?add32_l0_l0_0x         0x009161         Code  Gb  long.o [4]
?b0                     0x000000         Data  Gb  vregs.o [4]
?b1                     0x000001         Data  Gb  vregs.o [4]
?b10                    0x00000a         Data  Gb  vregs.o [4]
?b11                    0x00000b         Data  Gb  vregs.o [4]
?b12                    0x00000c         Data  Gb  vregs.o [4]
?b13                    0x00000d         Data  Gb  vregs.o [4]
?b14                    0x00000e         Data  Gb  vregs.o [4]
?b15                    0x00000f         Data  Gb  vregs.o [4]
?b2                     0x000002         Data  Gb  vregs.o [4]
?b3                     0x000003         Data  Gb  vregs.o [4]
?b4                     0x000004         Data  Gb  vregs.o [4]
?b5                     0x000005         Data  Gb  vregs.o [4]
?b6                     0x000006         Data  Gb  vregs.o [4]
?b7                     0x000007         Data  Gb  vregs.o [4]
?b8                     0x000008         Data  Gb  vregs.o [4]
?b9                     0x000009         Data  Gb  vregs.o [4]
?e0                     0x000001         Data  Gb  vregs.o [4]
?e1                     0x000005         Data  Gb  vregs.o [4]
?e2                     0x000009         Data  Gb  vregs.o [4]
?e3                     0x00000d         Data  Gb  vregs.o [4]
?epilogue_l2            0x00910f         Code  Gb  vreg_util.o [4]
?epilogue_l2_l3         0x00910b         Code  Gb  vreg_util.o [4]
?epilogue_l2_w6         0x009114         Code  Gb  vreg_util.o [4]
?epilogue_w4            0x00911d         Code  Gb  vreg_util.o [4]
?l0                     0x000000         Data  Gb  vregs.o [4]
?l1                     0x000004         Data  Gb  vregs.o [4]
?l2                     0x000008         Data  Gb  vregs.o [4]
?l3                     0x00000c         Data  Gb  vregs.o [4]
?load24_0x_e0           0x00a6ab         Code  Gb  far_util.o [4]
?load24_e1_0x           0x00a69d         Code  Gb  far_util.o [4]
?load32_0x_l0           0x00a599         Code  Gb  long_util.o [4]
?load32_l0_0x           0x00a583         Code  Gb  long_util.o [4]
?load32_xsp_l0          0x00a58f         Code  Gb  long_util.o [4]
?mov_e0_e2              0x009133         Code  Gb  vreg_util.o [4]
?mov_e1_e3              0x009140         Code  Gb  vreg_util.o [4]
?mov_e2_e0              0x00914a         Code  Gb  vreg_util.o [4]
?mov_e3_e0              0x009157         Code  Gb  vreg_util.o [4]
?mov_l0_l2              0x009130         Code  Gb  vreg_util.o [4]
?mov_l1_l3              0x00913d         Code  Gb  vreg_util.o [4]
?mov_l3_l0              0x009154         Code  Gb  vreg_util.o [4]
?mov_w0_w2              0x009122         Code  Gb  vreg_util.o [4]
?mov_w1_w5              0x009136         Code  Gb  vreg_util.o [4]
?mov_w3_w7              0x009143         Code  Gb  vreg_util.o [4]
?mov_w5_w0              0x009129         Code  Gb  vreg_util.o [4]
?mov_w5_w1              0x00914d         Code  Gb  vreg_util.o [4]
?mov_w7_w1              0x00915a         Code  Gb  vreg_util.o [4]
?move1616_v_x_y_a       0x00a7b1         Code  Gb  move.o [4]
?mul16_x_x_w0           0x00a514         Code  Gb  short.o [4]
?mul32_l0_l0_0x         0x009179         Code  Gb  long.o [4]
?mul32_l0_l0_l1         0x009182         Code  Gb  long.o [4]
?pop_e2                 0x009080         Code  Gb  vreg_util.o [4]
?pop_l0                 0x0090d3         Code  Gb  vreg_util.o [4]
?pop_l1                 0x0090de         Code  Gb  vreg_util.o [4]
?pop_l2                 0x0090e9         Code  Gb  vreg_util.o [4]
?pop_l3                 0x0090f4         Code  Gb  vreg_util.o [4]
?pop_w4                 0x00904a         Code  Gb  vreg_util.o [4]
?pop_w6                 0x009051         Code  Gb  vreg_util.o [4]
?push_e2                0x009064         Code  Gb  vreg_util.o [4]
?push_l0                0x00909e         Code  Gb  vreg_util.o [4]
?push_l1                0x0090a3         Code  Gb  vreg_util.o [4]
?push_l2                0x0090a8         Code  Gb  vreg_util.o [4]
?push_l3                0x0090ad         Code  Gb  vreg_util.o [4]
?push_w2                0x009024         Code  Gb  vreg_util.o [4]
?push_w4                0x009029         Code  Gb  vreg_util.o [4]
?push_w6                0x00902e         Code  Gb  vreg_util.o [4]
?sext32_l0_x            0x00927e         Code  Gb  long.o [4]
?sll16_x_x_a            0x00a532         Code  Gb  short.o [4]
?srl32_0x_0x_a          0x009270         Code  Gb  long.o [4]
?srl32_l0_l0_a          0x00926d         Code  Gb  long.o [4]
?udiv32_l0_l0_l1        0x009200         Code  Gb  long.o [4]
?umod32_l1_l0_l1        0x009200         Code  Gb  long.o [4]
?w0                     0x000000         Data  Gb  vregs.o [4]
?w1                     0x000002         Data  Gb  vregs.o [4]
?w2                     0x000004         Data  Gb  vregs.o [4]
?w3                     0x000006         Data  Gb  vregs.o [4]
?w4                     0x000008         Data  Gb  vregs.o [4]
?w5                     0x00000a         Data  Gb  vregs.o [4]
?w6                     0x00000c         Data  Gb  vregs.o [4]
?w7                     0x00000e         Data  Gb  vregs.o [4]
ADC1_COMP_IRQHandler    0x00a84c    0x1  Code  Gb  stm8l15x_it.o [1]
ADCConver_Init          0x00a176   0x48  Code  Gb  main.o [1]
ADC_ChannelCmd          0x00a12b   0x4b  Code  Gb  stm8l15x_adc.o [1]
ADC_ClearFlag           0x00a7ef    0x6  Code  Gb  stm8l15x_adc.o [1]
ADC_Cmd                 0x00a797    0xd  Code  Gb  stm8l15x_adc.o [1]
ADC_GetConversionValue  0x00a41c   0x2b  Code  Gb  stm8l15x_adc.o [1]
ADC_GetFlagStatus       0x00a71a   0x15  Code  Gb  stm8l15x_adc.o [1]
ADC_Init                0x00a53a   0x25  Code  Gb  stm8l15x_adc.o [1]
ADC_SoftwareStartConv   0x00a7fb    0x5  Code  Gb  stm8l15x_adc.o [1]
ADC_VrefintCmd          0x00a7a4    0xd  Code  Gb  stm8l15x_adc.o [1]
AllRead                 0x000018    0x4  Data  Gb  main.o [1]
AppState                0x0002d2    0x1  Data  Gb  main.o [1]
BeepInit                0x00a78a    0xd  Code  Gb  key.o [1]
CLK_GetClockFreq        0x009b9a   0x7e  Code  Gb  stm8l15x_clk.o [1]
CLK_PeripheralClockConfig
                        0x009970   0x8f  Code  Gb  stm8l15x_clk.o [1]
CLK_SYSCLKDivConfig     0x00a814    0x4  Code  Gb  stm8l15x_clk.o [1]
CSTACK$$Base            0x000700          --   Gb  - Linker created -
CSTACK$$Limit           0x000800          --   Gb  - Linker created -
CanHelp                 0x000014    0x4  Data  Gb  main.o [1]
CheckPower              0x0099ff   0x8d  Code  Gb  main.o [1]
CreateQueue             0x00a5a7   0x21  Code  Gb  queue.o [1]
DMA1_CHANNEL0_1_IRQHandler
                        0x00a83f    0x1  Code  Gb  stm8l15x_it.o [1]
DMA1_CHANNEL2_3_IRQHandler
                        0x00a840    0x1  Code  Gb  stm8l15x_it.o [1]
DeQueue                 0x009ef1   0x5a  Code  Gb  queue.o [1]
EXTI0_IRQHandler        0x00a843    0x1  Code  Gb  stm8l15x_it.o [1]
EXTI1_IRQHandler        0x00a844    0x1  Code  Gb  stm8l15x_it.o [1]
EXTI2_IRQHandler        0x00a845    0x1  Code  Gb  stm8l15x_it.o [1]
EXTI3_IRQHandler        0x00a846    0x1  Code  Gb  stm8l15x_it.o [1]
EXTI4_IRQHandler        0x00a847    0x1  Code  Gb  stm8l15x_it.o [1]
EXTI5_IRQHandler        0x00a848    0x1  Code  Gb  stm8l15x_it.o [1]
EXTI6_IRQHandler        0x00a849    0x1  Code  Gb  stm8l15x_it.o [1]
EXTI7_IRQHandler        0x00a84a    0x1  Code  Gb  stm8l15x_it.o [1]
EXTIB_IRQHandler        0x00a841    0x1  Code  Gb  stm8l15x_it.o [1]
EXTID_IRQHandler        0x00a842    0x1  Code  Gb  stm8l15x_it.o [1]
EXTIE_F_PVD_IRQHandler  0x00a35e   0x31  Code  Gb  stm8l15x_it.o [1]
EnQueue                 0x00a042   0x4f  Code  Gb  queue.o [1]
FLASH_IRQHandler        0x00a83e    0x1  Code  Gb  stm8l15x_it.o [1]
GBZK_GPIO_Config        0x00a0df   0x4c  Code  Gb  LCD_ZK.o [1]
GPIO_Config             0x00a091   0x4e  Code  Gb  key.o [1]
GPIO_Init               0x009641   0xae  Code  Gb  stm8l15x_gpio.o [1]
GPIO_ReadInputDataBit   0x00a82e    0x3  Code  Gb  stm8l15x_gpio.o [1]
GPIO_ResetBits          0x00a818    0x4  Code  Gb  stm8l15x_gpio.o [1]
GPIO_SetBits            0x00a828    0x3  Code  Gb  stm8l15x_gpio.o [1]
GPIO_ToggleBits         0x00a82b    0x3  Code  Gb  stm8l15x_gpio.o [1]
HEAP$$Base              0x0002d7          --   Gb  - Linker created -
HEAP$$Limit             0x00052f          --   Gb  - Linker created -
I2C1_IRQHandler         0x00a854    0x1  Code  Gb  stm8l15x_it.o [1]
INTVEC$$Base            0x008000          --   Gb  - Linker created -
INTVEC$$Limit           0x008080          --   Gb  - Linker created -
IsEmpty                 0x00a757   0x13  Code  Gb  queue.o [1]
IsFull                  0x00a6b9   0x1b  Code  Gb  queue.o [1]
KeyRead                 0x00a7e9    0x6  Code  Gb  key.o [1]
LCD_IRQHandler          0x00a84b    0x1  Code  Gb  stm8l15x_it.o [1]
LEDInit                 0x00a32a   0x34  Code  Gb  key.o [1]
LedF5                   0x0002d3    0x1  Data  Gb  main.o [1]
MyUart_Init             0x009b16   0x84  Code  Gb  uart.o [1]
OLED_Display_Off        0x009289   0x15  Code  Gb  LCD_ZK.o [1]
OLED_Display_On         0x00929e   0x15  Code  Gb  LCD_ZK.o [1]
PWR_GetFlagStatus       0x00a3c0   0x2f  Code  Gb  stm8l15x_pwr.o [1]
PWR_PVDClearFlag        0x00a800    0x5  Code  Gb  stm8l15x_pwr.o [1]
PWR_PVDGetITStatus      0x00a4ed   0x27  Code  Gb  stm8l15x_pwr.o [1]
Q                       0x00001c  0x130  Data  Gb  main.o [1]
Q_old                   0x00014c  0x130  Data  Gb  main.o [1]
RTC_IRQHandler          0x00a81c    0x4  Code  Gb  stm8l15x_it.o [1]
ReadBattery             0x00a55f   0x24  Code  Gb  main.o [1]
Region$$Table$$Base     0x008480          --   Gb  - Linker created -
Region$$Table$$Limit    0x008494          --   Gb  - Linker created -
SPI1_IRQHandler         0x00a852    0x1  Code  Gb  stm8l15x_it.o [1]
SWITCH_CSS_BREAK_DAC_IRQHandler
                        0x00a7be    0xa  Code  Gb  stm8l15x_it.o [1]
SYSDivFactor            0x008532    0x5  Data  Gb  stm8l15x_clk.o [1]
TIM1_CAP_IRQHandler     0x00a850    0x1  Code  Gb  stm8l15x_it.o [1]
TIM1_UPD_OVF_TRG_COM_IRQHandler
                        0x00a84f    0x1  Code  Gb  stm8l15x_it.o [1]
TIM2_ARRPreloadConfig   0x00a3ef    0xd  Code  Gb  stm8l15x_tim2.o [1]
TIM2_CAP_IRQHandler     0x00a84d    0x1  Code  Gb  stm8l15x_it.o [1]
TIM2_ClearITPendingBit  0x00a805    0x5  Code  Gb  stm8l15x_tim2.o [1]
TIM2_Cmd                0x00a40f    0xd  Code  Gb  stm8l15x_tim2.o [1]
TIM2_Conut              0x0002c9    0x2  Data  Gb  stm8l15x_it.o [1]
TIM2_ITConfig           0x00a3fc   0x13  Code  Gb  stm8l15x_tim2.o [1]
TIM2_Init               0x00a49c   0x29  Code  Gb  timer.o [1]
TIM2_TimeBaseInit       0x00a472   0x2a  Code  Gb  stm8l15x_tim2.o [1]
TIM2_UPD_OVF_TRG_BRK_IRQHandler
                        0x009a8c   0x8a  Code  Gb  stm8l15x_it.o [1]
TIM3_CAP_IRQHandler     0x00a84e    0x1  Code  Gb  stm8l15x_it.o [1]
TIM3_ClearITPendingBit  0x00a80a    0x5  Code  Gb  stm8l15x_tim3.o [1]
TIM3_UPD_OVF_TRG_BRK_IRQHandler
                        0x00a663   0x1d  Code  Gb  stm8l15x_it.o [1]
TIM4_UPD_OVF_TRG_IRQHandler
                        0x00a851    0x1  Code  Gb  stm8l15x_it.o [1]
TRAP_IRQHandler         0x00a83d    0x1  Code  Gb  stm8l15x_it.o [1]
UART1_SendString        0x00a38f   0x31  Code  Gb  uart.o [1]
USART1_RX_IRQHandler    0x00979a   0xa9  Code  Gb  stm8l15x_it.o [1]
USART1_TX_IRQHandler    0x00a853    0x1  Code  Gb  stm8l15x_it.o [1]
USART_ClearITPendingBit
                        0x00a5e9   0x20  Code  Gb  stm8l15x_usart.o [1]
USART_Cmd               0x00a5c8   0x21  Code  Gb  stm8l15x_usart.o [1]
USART_GetITStatus       0x0096ef   0xab  Code  Gb  stm8l15x_usart.o [1]
USART_ITConfig          0x0098da   0x96  Code  Gb  stm8l15x_usart.o [1]
USART_Init              0x009489   0xe4  Code  Gb  stm8l15x_usart.o [1]
USART_RX_BUF            0x00027c   0x40  Data  Gb  stm8l15x_it.o [1]
USART_RX_STA            0x0002c7    0x2  Data  Gb  stm8l15x_it.o [1]
USART_ReceiveData8      0x00a831    0x3  Code  Gb  stm8l15x_usart.o [1]
USART_SendData8         0x00a834    0x3  Code  Gb  stm8l15x_usart.o [1]
UartScan                0x008ea8  0x17c  Code  Gb  uart.o [1]
UartSendByte            0x00a7d1    0x9  Code  Gb  uart.o [1]
_A_PA_ODR               0x005000    0x1  Data  Gb  beep.o [1]
_PrintfTiny             0x008d17  0x191  Code  Gb  xprintftiny.o [4]
_SProut                 0x00a77c    0xe  Code  Gb  xsprout.o [4]
__DebugBreak            0x00a855    0x1  Code  Gb  __dbg_break.o [3]
__exit                  0x00a704   0x16  Code  Gb  __dbg_xxexit.o [3]
__iar_copy_init2        0x00a4c5         Code  Gb  init_small.o [4]
__iar_data_init2        0x00a627   0x1e  Code  Gb  init.o [4]
__iar_program_start     0x00a6ed         Code  Gb  cstartup.o [4]
__iar_unhandled_exception
                        0x00a83a         Code  Gb  unhandled_exception.o [4]
__iar_zero_init2        0x00a645         Code  Gb  init_small.o [4]
__intvec                0x008000         Data  Gb  interrupt.o [4]
__low_level_init        0x00a837    0x3  Code  Gb  low_level_init.o [4]
__near_Aldata           0x0002c0    0x4  Data  Gb  xxmemxmalloc.o [4]
__near_GetMemChunk      0x00a6d4   0x19  Code  Gb  xgetmemchunk.o [4]
__near_findmem          0x009cff   0x70  Code  Lc  xxmemxmalloc.o [4]
_exit                   0x00a7f5         Code  Gb  cexit.o [4]
_interrupt_1            0x00a83d         Code  Gb  stm8l15x_it.o [1]
_interrupt_10           0x00a843         Code  Gb  stm8l15x_it.o [1]
_interrupt_11           0x00a844         Code  Gb  stm8l15x_it.o [1]
_interrupt_12           0x00a845         Code  Gb  stm8l15x_it.o [1]
_interrupt_13           0x00a846         Code  Gb  stm8l15x_it.o [1]
_interrupt_14           0x00a847         Code  Gb  stm8l15x_it.o [1]
_interrupt_15           0x00a848         Code  Gb  stm8l15x_it.o [1]
_interrupt_16           0x00a849         Code  Gb  stm8l15x_it.o [1]
_interrupt_17           0x00a84a         Code  Gb  stm8l15x_it.o [1]
_interrupt_18           0x00a84b         Code  Gb  stm8l15x_it.o [1]
_interrupt_19           0x00a7be         Code  Gb  stm8l15x_it.o [1]
_interrupt_20           0x00a84c         Code  Gb  stm8l15x_it.o [1]
_interrupt_21           0x009a8c         Code  Gb  stm8l15x_it.o [1]
_interrupt_22           0x00a84d         Code  Gb  stm8l15x_it.o [1]
_interrupt_23           0x00a663         Code  Gb  stm8l15x_it.o [1]
_interrupt_24           0x00a84e         Code  Gb  stm8l15x_it.o [1]
_interrupt_25           0x00a84f         Code  Gb  stm8l15x_it.o [1]
_interrupt_26           0x00a850         Code  Gb  stm8l15x_it.o [1]
_interrupt_27           0x00a851         Code  Gb  stm8l15x_it.o [1]
_interrupt_28           0x00a852         Code  Gb  stm8l15x_it.o [1]
_interrupt_29           0x00a853         Code  Gb  stm8l15x_it.o [1]
_interrupt_3            0x00a83e         Code  Gb  stm8l15x_it.o [1]
_interrupt_30           0x00979a         Code  Gb  stm8l15x_it.o [1]
_interrupt_31           0x00a854         Code  Gb  stm8l15x_it.o [1]
_interrupt_4            0x00a83f         Code  Gb  stm8l15x_it.o [1]
_interrupt_5            0x00a840         Code  Gb  stm8l15x_it.o [1]
_interrupt_6            0x00a81c         Code  Gb  stm8l15x_it.o [1]
_interrupt_7            0x00a35e         Code  Gb  stm8l15x_it.o [1]
_interrupt_8            0x00a841         Code  Gb  stm8l15x_it.o [1]
_interrupt_9            0x00a842         Code  Gb  stm8l15x_it.o [1]
beep                    0x0002d4    0x1  Data  Gb  main.o [1]
beep_delay              0x00a7c8    0x9  Code  Gb  beep.o [1]
bmp1                    0x008080  0x400  Data  Gb  LCD_ZK.o [1]
clear_screen            0x009e37   0x60  Code  Gb  LCD_ZK.o [1]
delay                   0x00a744   0x13  Code  Gb  LCD_ZK.o [1]
delayms                 0x00a447   0x2b  Code  Gb  sysclk.o [1]
delayus                 0x00a80f    0x5  Code  Gb  sysclk.o [1]
display_128x64          0x009e97   0x5a  Code  Gb  LCD_ZK.o [1]
display_GB2312_string   0x0089d6  0x341  Code  Gb  LCD_ZK.o [1]
display_graphic_16x16   0x009c8f   0x70  Code  Gb  LCD_ZK.o [1]
display_graphic_8x16    0x009d6f   0x65  Code  Gb  LCD_ZK.o [1]
exit                    0x00a824    0x4  Code  Gb  exit.o [4]
fontaddr                0x0002bc    0x4  Data  Gb  LCD_ZK.o [1]
free                    0x00956d   0xd4  Code  Gb  xxmemxfree.o [4]
gUartSendStr            0x0002c4    0x3  Data  Gb  mini-printf.o [5]
get_data_from_ROM       0x009f4b   0x56  Code  Lc  LCD_ZK.o [1]
get_n_bytes_data_from_ROM
                        0x009c18   0x77  Code  Gb  LCD_ZK.o [1]
get_pack                0x00a248   0x40  Code  Gb  queue.o [1]
help                    0x000010    0x4  Data  Gb  main.o [1]
initial_lcd             0x0093a3   0xe6  Code  Gb  LCD_ZK.o [1]
keyPassValue            0x0002d5    0x1  Data  Gb  main.o [1]
keyScan                 0x009dd4   0x63  Code  Gb  key.o [1]
lcd_address             0x00a288   0x37  Code  Gb  LCD_ZK.o [1]
led_on                  0x0002d1    0x1  Data  Gb  main.o [1]
main                    0x00854a  0x48c  Code  Gb  main.o [1]
malloc                  0x009843   0x97  Code  Gb  xxmemxmalloc.o [4]
memset                  0x00a72f   0x15  Code  Gb  memset.o [4]
num                     0x0002d6    0x1  Data  Gb  uart.o [1]
num_l                   0x0002d0    0x1  Data  Gb  main.o [1]
num_r                   0x0002cf    0x1  Data  Gb  main.o [1]
out                     0x00a2c7   0x2f  Code  Lc  xprintftiny.o [4]
print_init_module       0x00a7e2    0x7  Code  Gb  mini-printf.o [5]
send_command_to_ROM     0x009fa1   0x51  Code  Gb  LCD_ZK.o [1]
set_pack                0x009ff2   0x50  Code  Gb  queue.o [1]
size_queue              0x00a609   0x1e  Code  Gb  queue.o [1]
sound2                  0x00a2f6   0x34  Code  Gb  beep.o [1]
sprintf                 0x00a203   0x45  Code  Gb  sprintf.o [4]
strlen                  0x00a76a   0x12  Code  Gb  strlen.o [4]
transfer_command_lcd    0x00932b   0x78  Code  Gb  LCD_ZK.o [1]
transfer_data_lcd       0x0092b3   0x78  Code  Gb  LCD_ZK.o [1]
uart_txarr              0x00a1be   0x45  Code  Gb  uart.o [1]
uart_txstring           0x00a680   0x1d  Code  Gb  uart.o [1]


[1] = C:\Users\xs\Desktop\stm8_uart_oled--newKey\Debug\Obj
[2] = command line
[3] = dbgstm8mmd.a
[4] = dlstm8mmn.a
[5] = mini-printf.a

  8 972 bytes of readonly  code memory
  1 354 bytes of readonly  data memory
  1 583 bytes of readwrite data memory (+ 1 absolute)

Errors: none
Warnings: none
