###############################################################################
#
# IAR ELF Linker V2.10.4.157 for STM8                     26/Apr/2018  15:30:12
# Copyright 2010-2015 IAR Systems AB.
#
#    Output file  =  
#        C:\Users\xs\Desktop\stm8_uart_oled--newKey\Debug\Exe\demo.out
#    Map file     =  
#        C:\Users\xs\Desktop\stm8_uart_oled--newKey\Debug\List\demo.map
#    Command line =  
#        C:\Users\xs\Desktop\stm8_uart_oled--newKey\Debug\Obj\beep.o
#        C:\Users\xs\Desktop\stm8_uart_oled--newKey\Debug\Obj\key.o
#        C:\Users\xs\Desktop\stm8_uart_oled--newKey\Debug\Obj\LCD_ZK.o
#        C:\Users\xs\Desktop\stm8_uart_oled--newKey\Debug\Obj\low_power.o
#        C:\Users\xs\Desktop\stm8_uart_oled--newKey\Debug\Obj\main.o
#        C:\Users\xs\Desktop\stm8_uart_oled--newKey\Debug\Obj\mini-printf.o
#        C:\Users\xs\Desktop\stm8_uart_oled--newKey\Debug\Obj\queue.o
#        C:\Users\xs\Desktop\stm8_uart_oled--newKey\Debug\Obj\stm8l15x_adc.o
#        C:\Users\xs\Desktop\stm8_uart_oled--newKey\Debug\Obj\stm8l15x_aes.o
#        C:\Users\xs\Desktop\stm8_uart_oled--newKey\Debug\Obj\stm8l15x_beep.o
#        C:\Users\xs\Desktop\stm8_uart_oled--newKey\Debug\Obj\stm8l15x_clk.o
#        C:\Users\xs\Desktop\stm8_uart_oled--newKey\Debug\Obj\stm8l15x_comp.o
#        C:\Users\xs\Desktop\stm8_uart_oled--newKey\Debug\Obj\stm8l15x_dac.o
#        C:\Users\xs\Desktop\stm8_uart_oled--newKey\Debug\Obj\stm8l15x_dma.o
#        C:\Users\xs\Desktop\stm8_uart_oled--newKey\Debug\Obj\stm8l15x_exti.o
#        C:\Users\xs\Desktop\stm8_uart_oled--newKey\Debug\Obj\stm8l15x_flash.o
#        C:\Users\xs\Desktop\stm8_uart_oled--newKey\Debug\Obj\stm8l15x_gpio.o
#        C:\Users\xs\Desktop\stm8_uart_oled--newKey\Debug\Obj\stm8l15x_i2c.o
#        C:\Users\xs\Desktop\stm8_uart_oled--newKey\Debug\Obj\stm8l15x_irtim.o
#        C:\Users\xs\Desktop\stm8_uart_oled--newKey\Debug\Obj\stm8l15x_it.o
#        C:\Users\xs\Desktop\stm8_uart_oled--newKey\Debug\Obj\stm8l15x_itc.o
#        C:\Users\xs\Desktop\stm8_uart_oled--newKey\Debug\Obj\stm8l15x_iwdg.o
#        C:\Users\xs\Desktop\stm8_uart_oled--newKey\Debug\Obj\stm8l15x_lcd.o
#        C:\Users\xs\Desktop\stm8_uart_oled--newKey\Debug\Obj\stm8l15x_pwr.o
#        C:\Users\xs\Desktop\stm8_uart_oled--newKey\Debug\Obj\stm8l15x_rst.o
#        C:\Users\xs\Desktop\stm8_uart_oled--newKey\Debug\Obj\stm8l15x_rtc.o
#        C:\Users\xs\Desktop\stm8_uart_oled--newKey\Debug\Obj\stm8l15x_spi.o
#        C:\Users\xs\Desktop\stm8_uart_oled--newKey\Debug\Obj\stm8l15x_syscfg.o
#        C:\Users\xs\Desktop\stm8_uart_oled--newKey\Debug\Obj\stm8l15x_tim1.o
#        C:\Users\xs\Desktop\stm8_uart_oled--newKey\Debug\Obj\stm8l15x_tim2.o
#        C:\Users\xs\Desktop\stm8_uart_oled--newKey\Debug\Obj\stm8l15x_tim3.o
#        C:\Users\xs\Desktop\stm8_uart_oled--newKey\Debug\Obj\stm8l15x_tim4.o
#        C:\Users\xs\Desktop\stm8_uart_oled--newKey\Debug\Obj\stm8l15x_tim5.o
#        C:\Users\xs\Desktop\stm8_uart_oled--newKey\Debug\Obj\stm8l15x_usart.o
#        C:\Users\xs\Desktop\stm8_uart_oled--newKey\Debug\Obj\stm8l15x_wfe.o
#        C:\Users\xs\Desktop\stm8_uart_oled--newKey\Debug\Obj\stm8l15x_wwdg.o
#        C:\Users\xs\Desktop\stm8_uart_oled--newKey\Debug\Obj\sysclk.o
#        C:\Users\xs\Desktop\stm8_uart_oled--newKey\Debug\Obj\timer.o
#        C:\Users\xs\Desktop\stm8_uart_oled--newKey\Debug\Obj\uart.o -o
#        C:\Users\xs\Desktop\stm8_uart_oled--newKey\Debug\Exe\demo.out --map
#        C:\Users\xs\Desktop\stm8_uart_oled--newKey\Debug\List\demo.map
#        --config D:\IAR\stm8\config\lnkstm8l152k6.icf --config_def
#        _CSTACK_SIZE=0x100 --config_def _HEAP_SIZE=0x258 --entry
#        __iar_program_start --debug_lib
#
###############################################################################

*******************************************************************************
*** RUNTIME MODEL ATTRIBUTES
***

__Heap_Handler             = Basic
__SystemLibrary            = DLib
__code_model               = medium_or_large
__core                     = stm8
__data_model               = medium
__dlib_file_descriptor     = 0
__dlib_full_locale_support = 0
__rt_version               = 4


*******************************************************************************
*** PLACEMENT SUMMARY
***

"A1":  place at start of [0x000000-0x0000ff] { rw section .vregs };
"A2":  place at end of [0x000000-0x0007ff] { block CSTACK };
"P2":  place in [from 0x000000 to 0x0007ff] {
          block HEAP, rw section __DLIB_PERTHREAD, rw section .far.bss,
          rw section .far.data, rw section .far.noinit,
          rw section .far_func.textrw, rw section .huge.bss,
          rw section .huge.data, rw section .huge.noinit,
          rw section .huge_func.textrw, rw section .iar.dynexit,
          rw section .near.bss, rw section .near.data, rw section .near.noinit,
          rw section .near_func.textrw };
"A3":  place at start of [0x008000-0x00ffff] { block INTVEC };
"P3":  place in [from 0x008000 to 0x00ffff] {
          ro section __DLIB_PERTHREAD_init, ro section .far.data_init,
          ro section .far_func.textrw_init, ro section .huge.data_init,
          ro section .huge_func.textrw_init, ro section .iar.init_table,
          ro section .init_array, ro section .near.data_init,
          ro section .near.rodata, ro section .near_func.text,
          ro section .near_func.textrw_init, ro section .tiny.data_init,
          ro section .tiny.rodata_init };
"P4":  place in [from 0x008000 to 0x00ffff] {
          ro section .far.rodata, ro section .far_func.text };

  Section            Kind      Address    Size  Object
  -------            ----      -------    ----  ------
"A1":                                     0x10
  .vregs             uninit   0x000000    0x10  vregs.o [4]
                            - 0x000010    0x10

"P2":                                    0x51f
  P2 s0                       0x000010     0x7  <Init block>
    .near.data       inited   0x000010     0x4  main.o [1]
    .near.data       inited   0x000014     0x3  main.o [1]
  .near.bss          zero     0x000017   0x130  main.o [1]
  .near.bss          zero     0x000147   0x130  main.o [1]
  .near.bss          zero     0x000277    0x40  stm8l15x_it.o [1]
  .near.bss          zero     0x0002b7     0x4  LCD_ZK.o [1]
  .near.bss          zero     0x0002bb     0x4  xxmemxmalloc.o [4]
  .near.bss          zero     0x0002bf     0x3  mini-printf.o [1]
  .near.bss          zero     0x0002c2     0x2  key.o [1]
  .near.bss          zero     0x0002c4     0x2  key.o [1]
  .near.bss          zero     0x0002c6     0x2  stm8l15x_it.o [1]
  .near.bss          zero     0x0002c8     0x2  stm8l15x_it.o [1]
  .near.bss          zero     0x0002ca     0x2  xgetmemchunk.o [4]
  .near.bss          zero     0x0002cc     0x1  key.o [1]
  .near.bss          zero     0x0002cd     0x1  key.o [1]
  .near.bss          zero     0x0002ce     0x1  main.o [1]
  .near.bss          zero     0x0002cf     0x1  main.o [1]
  .near.bss          zero     0x0002d0     0x1  main.o [1]
  .near.bss          zero     0x0002d1     0x1  main.o [1]
  .near.bss          zero     0x0002d2     0x1  main.o [1]
  .near.bss          zero     0x0002d3     0x1  main.o [1]
  .near.bss          zero     0x0002d4     0x1  main.o [1]
  .near.bss          zero     0x0002d5     0x1  main.o [1]
  .near.bss          zero     0x0002d6     0x1  uart.o [1]
  HEAP                        0x0002d7   0x258  <Block>
    HEAP             uninit   0x0002d7   0x258  <Block tail>
                            - 0x00052f   0x51f

"A2":                                    0x100
  CSTACK                      0x000700   0x100  <Block>
    CSTACK           uninit   0x000700   0x100  <Block tail>
                            - 0x000800   0x100

Absolute sections:                         0x1
  .near.noinit       uninit   0x005000     0x1  beep.o [1]
                            - 0x005001     0x1

"A3":                                     0x80
  INTVEC                      0x008000    0x80  <Block>
    .intvec          const    0x008000    0x80  interrupt.o [4]
                            - 0x008080    0x80

"P3":                                    0x56d
  .near.rodata       const    0x008080   0x400  LCD_ZK.o [1]
  .near.rodata       const    0x008480    0x31  main.o [1]
  .near.rodata       const    0x0084b1    0x2b  main.o [1]
  .iar.init_table    const    0x0084dc    0x14  - Linker created -
  .near.rodata       const    0x0084f0    0x14  main.o [1]
  .near.rodata       const    0x008504    0x11  main.o [1]
  .near.rodata       const    0x008515    0x11  main.o [1]
  .near.rodata       const    0x008526    0x10  main.o [1]
  .near.rodata       const    0x008536    0x10  main.o [1]
  .near.rodata       const    0x008546    0x10  main.o [1]
  .near.rodata       const    0x008556     0xf  main.o [1]
  .near.rodata       const    0x008565     0xe  main.o [1]
  .near.rodata       const    0x008573     0xd  main.o [1]
  .near.rodata       const    0x008580     0xd  main.o [1]
  .near.rodata       const    0x00858d     0xd  main.o [1]
  .near.rodata       const    0x00859a     0xd  main.o [1]
  .near.rodata       const    0x0085a7     0xc  main.o [1]
  .near.rodata       const    0x0085b3     0xa  main.o [1]
  .near.rodata       const    0x0085bd     0x9  main.o [1]
  .near.rodata       const    0x0085c6     0x9  main.o [1]
  .near.rodata       const    0x0085cf     0x8  main.o [1]
  .near.rodata       const    0x0085d7     0x5  main.o [1]
  .near.rodata       const    0x0085dc     0x5  main.o [1]
  .near.rodata       const    0x0085e1     0x5  stm8l15x_clk.o [1]
  Initializer bytes  const    0x0085e6     0x7  <for P2 s0>
                            - 0x0085ed   0x56d

"P4":                                   0x2877
  .far_func.text     ro code  0x0085ed   0x715  main.o [1]
  .far_func.text     ro code  0x008d02   0x341  LCD_ZK.o [1]
  .far_func.text     ro code  0x009043   0x1a6  mini-printf.o [1]
  .far_func.text     ro code  0x0091e9   0x187  uart.o [1]
  .far_func.text     ro code  0x009370   0x128  long.o [4]
  .far_func.text     ro code  0x009498   0x11a  LCD_ZK.o [1]
  .far_func.text     ro code  0x0095b2   0x117  vreg_util.o [4]
  .far_func.text     ro code  0x0096c9   0x110  stm8l15x_exti.o [1]
  .far_func.text     ro code  0x0097d9   0x103  mini-printf.o [1]
  .far_func.text     ro code  0x0098dc    0xe6  LCD_ZK.o [1]
  .far_func.text     ro code  0x0099c2    0xe4  stm8l15x_usart.o [1]
  .far_func.text     ro code  0x009aa6    0xd4  xxmemxfree.o [4]
  .far_func.text     ro code  0x009b7a    0xae  stm8l15x_gpio.o [1]
  .far_func.text     ro code  0x009c28    0xab  stm8l15x_usart.o [1]
  .far_func.text     ro code  0x009cd3    0xa9  stm8l15x_it.o [1]
  .far_func.text     ro code  0x009d7c    0x97  xxmemxmalloc.o [4]
  .far_func.text     ro code  0x009e13    0x96  stm8l15x_usart.o [1]
  .far_func.text     ro code  0x009ea9    0x8f  stm8l15x_clk.o [1]
  .far_func.text     ro code  0x009f38    0x8e  mini-printf.o [1]
  .far_func.text     ro code  0x009fc6    0x8a  stm8l15x_it.o [1]
  .far_func.text     ro code  0x00a050    0x84  uart.o [1]
  .far_func.text     ro code  0x00a0d4    0x7e  stm8l15x_clk.o [1]
  .far_func.text     ro code  0x00a152    0x77  LCD_ZK.o [1]
  .far_func.text     ro code  0x00a1c9    0x70  LCD_ZK.o [1]
  .far_func.text     ro code  0x00a239    0x70  xxmemxmalloc.o [4]
  .far_func.text     ro code  0x00a2a9    0x6f  key.o [1]
  .far_func.text     ro code  0x00a318    0x68  low_power.o [1]
  .far_func.text     ro code  0x00a380    0x65  LCD_ZK.o [1]
  .far_func.text     ro code  0x00a3e5    0x63  key.o [1]
  .far_func.text     ro code  0x00a448    0x63  key.o [1]
  .far_func.text     ro code  0x00a4ab    0x60  LCD_ZK.o [1]
  .far_func.text     ro code  0x00a50b    0x5a  LCD_ZK.o [1]
  .far_func.text     ro code  0x00a565    0x5a  queue.o [1]
  .far_func.text     ro code  0x00a5bf    0x56  LCD_ZK.o [1]
  .far_func.text     ro code  0x00a615    0x54  stm8l15x_it.o [1]
  .far_func.text     ro code  0x00a669    0x51  LCD_ZK.o [1]
  .far_func.text     ro code  0x00a6ba    0x50  queue.o [1]
  .far_func.text     ro code  0x00a70a    0x4f  queue.o [1]
  .far_func.text     ro code  0x00a759    0x4c  LCD_ZK.o [1]
  .far_func.text     ro code  0x00a7a5    0x48  mini-printf.o [1]
  .far_func.text     ro code  0x00a7ed    0x45  stm8l15x_it.o [1]
  .far_func.text     ro code  0x00a832    0x45  uart.o [1]
  .far_func.text     ro code  0x00a877    0x40  queue.o [1]
  .far_func.text     ro code  0x00a8b7    0x3a  stm8l15x_it.o [1]
  .far_func.text     ro code  0x00a8f1    0x37  LCD_ZK.o [1]
  .far_func.text     ro code  0x00a928    0x34  beep.o [1]
  .far_func.text     ro code  0x00a95c    0x34  key.o [1]
  .far_func.text     ro code  0x00a990    0x31  stm8l15x_it.o [1]
  .far_func.text     ro code  0x00a9c1    0x30  low_power.o [1]
  .far_func.text     ro code  0x00a9f1    0x2f  stm8l15x_pwr.o [1]
  .far_func.text     ro code  0x00aa20    0x2d  stm8l15x_tim2.o [1]
  .far_func.text     ro code  0x00aa4d    0x2b  sysclk.o [1]
  .far_func.text     ro code  0x00aa78    0x2a  stm8l15x_tim2.o [1]
  .far_func.text     ro code  0x00aaa2    0x29  timer.o [1]
  .far_func.text     ro code  0x00aacb    0x28  init_small.o [4]
  .far_func.text     ro code  0x00aaf3    0x27  stm8l15x_pwr.o [1]
  .far_func.text     ro code  0x00ab1a    0x26  short.o [4]
  .far_func.text     ro code  0x00ab40    0x24  long_util.o [4]
  .far_func.text     ro code  0x00ab64    0x21  queue.o [1]
  .far_func.text     ro code  0x00ab85    0x21  stm8l15x_exti.o [1]
  .far_func.text     ro code  0x00aba6    0x21  stm8l15x_usart.o [1]
  .far_func.text     ro code  0x00abc7    0x20  stm8l15x_usart.o [1]
  .far_func.text     ro code  0x00abe7    0x1e  queue.o [1]
  .far_func.text     ro code  0x00ac05    0x1e  init.o [4]
  .far_func.text     ro code  0x00ac23    0x1e  init_small.o [4]
  .far_func.text     ro code  0x00ac41    0x1d  stm8l15x_it.o [1]
  .far_func.text     ro code  0x00ac5e    0x1d  uart.o [1]
  .far_func.text     ro code  0x00ac7b    0x1c  stm8l15x_exti.o [1]
  .far_func.text     ro code  0x00ac97    0x1c  far_util.o [4]
  .far_func.text     ro code  0x00acb3    0x1b  queue.o [1]
  .far_func.text     ro code  0x00acce    0x19  xgetmemchunk.o [4]
  .far_func.text     ro code  0x00ace7    0x17  cstartup.o [4]
  .far_func.text     ro code  0x00acfe    0x16  __dbg_xxexit.o [3]
  .far_func.text     ro code  0x00ad14    0x15  memset.o [4]
  .far_func.text     ro code  0x00ad29    0x13  LCD_ZK.o [1]
  .far_func.text     ro code  0x00ad3c    0x13  queue.o [1]
  .far_func.text     ro code  0x00ad4f    0x13  stm8l15x_clk.o [1]
  .far_func.text     ro code  0x00ad62    0x11  mini-printf.o [1]
  .far_func.text     ro code  0x00ad73     0xd  key.o [1]
  .far_func.text     ro code  0x00ad80     0xd  stm8l15x_clk.o [1]
  .far_func.text     ro code  0x00ad8d     0xd  stm8l15x_clk.o [1]
  .far_func.text     ro code  0x00ad9a     0xd  stm8l15x_clk.o [1]
  .far_func.text     ro code  0x00ada7     0xd  stm8l15x_pwr.o [1]
  .far_func.text     ro code  0x00adb4     0xd  stm8l15x_pwr.o [1]
  .far_func.text     ro code  0x00adc1     0xd  move.o [4]
  .far_func.text     ro code  0x00adce     0xa  stm8l15x_it.o [1]
  .far_func.text     ro code  0x00add8     0x9  beep.o [1]
  .far_func.text     ro code  0x00ade1     0x9  uart.o [1]
  .far_func.text     ro code  0x00adea     0x8  xxmemxmalloc.o [4]
  .far_func.text     ro code  0x00adf2     0x7  low_power.o [1]
  .far_func.text     ro code  0x00adf9     0x7  mini-printf.o [1]
  .far_func.text     ro code  0x00ae00     0x6  key.o [1]
  .far_func.text     ro code  0x00ae06     0x6  cexit.o [4]
  .far_func.text     ro code  0x00ae0c     0x5  stm8l15x_pwr.o [1]
  .far_func.text     ro code  0x00ae11     0x5  stm8l15x_tim2.o [1]
  .far_func.text     ro code  0x00ae16     0x5  stm8l15x_tim3.o [1]
  .far_func.text     ro code  0x00ae1b     0x5  sysclk.o [1]
  .far_func.text     ro code  0x00ae20     0x4  stm8l15x_clk.o [1]
  .far_func.text     ro code  0x00ae24     0x4  stm8l15x_clk.o [1]
  .far_func.text     ro code  0x00ae28     0x4  stm8l15x_clk.o [1]
  .far_func.text     ro code  0x00ae2c     0x4  stm8l15x_gpio.o [1]
  .far_func.text     ro code  0x00ae30     0x4  stm8l15x_it.o [1]
  .far_func.text     ro code  0x00ae34     0x4  interrupt.o [4]
  .far_func.text     ro code  0x00ae38     0x4  exit.o [4]
  .far_func.text     ro code  0x00ae3c     0x3  stm8l15x_gpio.o [1]
  .far_func.text     ro code  0x00ae3f     0x3  stm8l15x_gpio.o [1]
  .far_func.text     ro code  0x00ae42     0x3  stm8l15x_gpio.o [1]
  .far_func.text     ro code  0x00ae45     0x3  stm8l15x_usart.o [1]
  .far_func.text     ro code  0x00ae48     0x3  low_level_init.o [4]
  .far_func.text     ro code  0x00ae4b     0x3  unhandled_exception.o [4]
  .far_func.text     ro code  0x00ae4e     0x1  stm8l15x_it.o [1]
  .far_func.text     ro code  0x00ae4f     0x1  stm8l15x_it.o [1]
  .far_func.text     ro code  0x00ae50     0x1  stm8l15x_it.o [1]
  .far_func.text     ro code  0x00ae51     0x1  stm8l15x_it.o [1]
  .far_func.text     ro code  0x00ae52     0x1  stm8l15x_it.o [1]
  .far_func.text     ro code  0x00ae53     0x1  stm8l15x_it.o [1]
  .far_func.text     ro code  0x00ae54     0x1  stm8l15x_it.o [1]
  .far_func.text     ro code  0x00ae55     0x1  stm8l15x_it.o [1]
  .far_func.text     ro code  0x00ae56     0x1  stm8l15x_it.o [1]
  .far_func.text     ro code  0x00ae57     0x1  stm8l15x_it.o [1]
  .far_func.text     ro code  0x00ae58     0x1  stm8l15x_it.o [1]
  .far_func.text     ro code  0x00ae59     0x1  stm8l15x_it.o [1]
  .far_func.text     ro code  0x00ae5a     0x1  stm8l15x_it.o [1]
  .far_func.text     ro code  0x00ae5b     0x1  stm8l15x_it.o [1]
  .far_func.text     ro code  0x00ae5c     0x1  stm8l15x_it.o [1]
  .far_func.text     ro code  0x00ae5d     0x1  stm8l15x_it.o [1]
  .far_func.text     ro code  0x00ae5e     0x1  stm8l15x_it.o [1]
  .far_func.text     ro code  0x00ae5f     0x1  stm8l15x_it.o [1]
  .far_func.text     ro code  0x00ae60     0x1  stm8l15x_it.o [1]
  .far_func.text     ro code  0x00ae61     0x1  stm8l15x_it.o [1]
  .far_func.text     ro code  0x00ae62     0x1  stm8l15x_it.o [1]
  .far_func.text     ro code  0x00ae63     0x1  __dbg_break.o [3]
                            - 0x00ae64  0x2877


*******************************************************************************
*** INIT TABLE
***

          Address   Size
          -------   ----
Zero (__iar_zero_init2)
    1 destination range, total size 0x2c0:
          0x000017  0x2c0

Copy (__iar_copy_init2)
    1 source range, total size 0x7:
          0x0085e6    0x7
    1 destination range, total size 0x7:
          0x000010    0x7



*******************************************************************************
*** MODULE SUMMARY
***

    Module                 ro code  ro data  rw data  rw data
                                                       (abs)
    ------                 -------  -------  -------  -------
C:\Users\xs\Desktop\stm8_uart_oled--newKey\Debug\Obj: [1]
    LCD_ZK.o                 2 180    1 024        4
    beep.o                      61                          1
    key.o                      380                 6
    low_power.o                159
    main.o                   1 813      340      623
    mini-printf.o              919                 3
    queue.o                    422
    stm8l15x_clk.o             339        5
    stm8l15x_exti.o            333
    stm8l15x_gpio.o            187
    stm8l15x_it.o              631                68
    stm8l15x_pwr.o             117
    stm8l15x_tim2.o             92
    stm8l15x_tim3.o              5
    stm8l15x_usart.o           617
    sysclk.o                    48
    timer.o                     41
    uart.o                     630                 1
    ---------------------------------------------------------
    Total:                   8 974    1 369      705        1

command line: [2]
    ---------------------------------------------------------
    Total:

dbgstm8mmd.a: [3]
    __dbg_break.o                1
    __dbg_xxexit.o              22
    ---------------------------------------------------------
    Total:                      23

dlstm8mmn.a: [4]
    cexit.o                      6
    cstartup.o                  23
    exit.o                       4
    far_util.o                  28
    init.o                      30
    init_small.o                70
    interrupt.o                  4      128
    long.o                     296
    long_util.o                 36
    low_level_init.o             3
    memset.o                    21
    move.o                      13
    short.o                     38
    unhandled_exception.o        3
    vreg_util.o                279
    vregs.o                                       16
    xgetmemchunk.o              25                 2
    xxmemxfree.o               212
    xxmemxmalloc.o             271                 4
    ---------------------------------------------------------
    Total:                   1 362      128       22

    Linker created                       20      856
-------------------------------------------------------------
    Grand Total:            10 359    1 517    1 583        1


*******************************************************************************
*** ENTRY LIST
***

Entry                    Address   Size  Type      Object
-----                    -------   ----  ----      ------
.iar.init_table$$Base   0x0084dc          --   Gb  - Linker created -
.iar.init_table$$Limit  0x0084f0          --   Gb  - Linker created -
?add32_l0_l0_0x         0x009370         Code  Gb  long.o [4]
?b0                     0x000000         Data  Gb  vregs.o [4]
?b1                     0x000001         Data  Gb  vregs.o [4]
?b10                    0x00000a         Data  Gb  vregs.o [4]
?b11                    0x00000b         Data  Gb  vregs.o [4]
?b12                    0x00000c         Data  Gb  vregs.o [4]
?b13                    0x00000d         Data  Gb  vregs.o [4]
?b14                    0x00000e         Data  Gb  vregs.o [4]
?b15                    0x00000f         Data  Gb  vregs.o [4]
?b2                     0x000002         Data  Gb  vregs.o [4]
?b3                     0x000003         Data  Gb  vregs.o [4]
?b4                     0x000004         Data  Gb  vregs.o [4]
?b5                     0x000005         Data  Gb  vregs.o [4]
?b6                     0x000006         Data  Gb  vregs.o [4]
?b7                     0x000007         Data  Gb  vregs.o [4]
?b8                     0x000008         Data  Gb  vregs.o [4]
?b9                     0x000009         Data  Gb  vregs.o [4]
?e0                     0x000001         Data  Gb  vregs.o [4]
?e1                     0x000005         Data  Gb  vregs.o [4]
?e2                     0x000009         Data  Gb  vregs.o [4]
?e3                     0x00000d         Data  Gb  vregs.o [4]
?epilogue_l2            0x00965e         Code  Gb  vreg_util.o [4]
?epilogue_l2_l3         0x00965a         Code  Gb  vreg_util.o [4]
?epilogue_l2_w6         0x009663         Code  Gb  vreg_util.o [4]
?epilogue_w4            0x00966c         Code  Gb  vreg_util.o [4]
?l0                     0x000000         Data  Gb  vregs.o [4]
?l1                     0x000004         Data  Gb  vregs.o [4]
?l2                     0x000008         Data  Gb  vregs.o [4]
?l3                     0x00000c         Data  Gb  vregs.o [4]
?load24_0x_e0           0x00aca5         Code  Gb  far_util.o [4]
?load24_e1_0x           0x00ac97         Code  Gb  far_util.o [4]
?load32_0x_l0           0x00ab56         Code  Gb  long_util.o [4]
?load32_l0_0x           0x00ab40         Code  Gb  long_util.o [4]
?load32_xsp_l0          0x00ab4c         Code  Gb  long_util.o [4]
?mov_e0_e2              0x0096a5         Code  Gb  vreg_util.o [4]
?mov_e1_e3              0x0096b2         Code  Gb  vreg_util.o [4]
?mov_e3_e0              0x0096bf         Code  Gb  vreg_util.o [4]
?mov_l0_l2              0x0096a2         Code  Gb  vreg_util.o [4]
?mov_l1_l3              0x0096af         Code  Gb  vreg_util.o [4]
?mov_l3_l0              0x0096bc         Code  Gb  vreg_util.o [4]
?mov_w0_w2              0x009671         Code  Gb  vreg_util.o [4]
?mov_w0_w7              0x009678         Code  Gb  vreg_util.o [4]
?mov_w1_w0              0x00967f         Code  Gb  vreg_util.o [4]
?mov_w1_w5              0x0096a8         Code  Gb  vreg_util.o [4]
?mov_w3_w7              0x0096b5         Code  Gb  vreg_util.o [4]
?mov_w4_w1              0x009686         Code  Gb  vreg_util.o [4]
?mov_w5_w0              0x00968d         Code  Gb  vreg_util.o [4]
?mov_w6_w0              0x009694         Code  Gb  vreg_util.o [4]
?mov_w7_w1              0x0096c2         Code  Gb  vreg_util.o [4]
?mov_w7_w2              0x00969b         Code  Gb  vreg_util.o [4]
?move1616_v_x_y_a       0x00adc1         Code  Gb  move.o [4]
?mul16_x_x_w0           0x00ab1a         Code  Gb  short.o [4]
?mul32_l0_l0_0x         0x009388         Code  Gb  long.o [4]
?mul32_l0_l0_l1         0x009391         Code  Gb  long.o [4]
?pop_l0                 0x009622         Code  Gb  vreg_util.o [4]
?pop_l1                 0x00962d         Code  Gb  vreg_util.o [4]
?pop_l2                 0x009638         Code  Gb  vreg_util.o [4]
?pop_l3                 0x009643         Code  Gb  vreg_util.o [4]
?pop_w4                 0x0095d3         Code  Gb  vreg_util.o [4]
?pop_w6                 0x0095da         Code  Gb  vreg_util.o [4]
?push_l0                0x0095ed         Code  Gb  vreg_util.o [4]
?push_l1                0x0095f2         Code  Gb  vreg_util.o [4]
?push_l2                0x0095f7         Code  Gb  vreg_util.o [4]
?push_l3                0x0095fc         Code  Gb  vreg_util.o [4]
?push_w4                0x0095b2         Code  Gb  vreg_util.o [4]
?push_w6                0x0095b7         Code  Gb  vreg_util.o [4]
?sext32_l0_x            0x00948d         Code  Gb  long.o [4]
?sll16_x_x_a            0x00ab38         Code  Gb  short.o [4]
?srl32_0x_0x_a          0x00947f         Code  Gb  long.o [4]
?srl32_l0_l0_a          0x00947c         Code  Gb  long.o [4]
?udiv32_l0_l0_l1        0x00940f         Code  Gb  long.o [4]
?umod32_l1_l0_l1        0x00940f         Code  Gb  long.o [4]
?w0                     0x000000         Data  Gb  vregs.o [4]
?w1                     0x000002         Data  Gb  vregs.o [4]
?w2                     0x000004         Data  Gb  vregs.o [4]
?w3                     0x000006         Data  Gb  vregs.o [4]
?w4                     0x000008         Data  Gb  vregs.o [4]
?w5                     0x00000a         Data  Gb  vregs.o [4]
?w6                     0x00000c         Data  Gb  vregs.o [4]
?w7                     0x00000e         Data  Gb  vregs.o [4]
ADC1_COMP_IRQHandler    0x00ae5a    0x1  Code  Gb  stm8l15x_it.o [1]
AppState                0x0002d1    0x1  Data  Gb  main.o [1]
BeepInit                0x00ad73    0xd  Code  Gb  key.o [1]
CLK_GetClockFreq        0x00a0d4   0x7e  Code  Gb  stm8l15x_clk.o [1]
CLK_GetSYSCLKSource     0x00ae28    0x4  Code  Gb  stm8l15x_clk.o [1]
CLK_HSICmd              0x00ad80    0xd  Code  Gb  stm8l15x_clk.o [1]
CLK_HaltConfig          0x00ad4f   0x13  Code  Gb  stm8l15x_clk.o [1]
CLK_LSICmd              0x00ad8d    0xd  Code  Gb  stm8l15x_clk.o [1]
CLK_PeripheralClockConfig
                        0x009ea9   0x8f  Code  Gb  stm8l15x_clk.o [1]
CLK_SYSCLKDivConfig     0x00ae24    0x4  Code  Gb  stm8l15x_clk.o [1]
CLK_SYSCLKSourceConfig  0x00ae20    0x4  Code  Gb  stm8l15x_clk.o [1]
CLK_SYSCLKSourceSwitchCmd
                        0x00ad9a    0xd  Code  Gb  stm8l15x_clk.o [1]
CSTACK$$Base            0x000700          --   Gb  - Linker created -
CSTACK$$Limit           0x000800          --   Gb  - Linker created -
CreateQueue             0x00ab64   0x21  Code  Gb  queue.o [1]
DMA1_CHANNEL0_1_IRQHandler
                        0x00ae50    0x1  Code  Gb  stm8l15x_it.o [1]
DMA1_CHANNEL2_3_IRQHandler
                        0x00ae51    0x1  Code  Gb  stm8l15x_it.o [1]
DeQueue                 0x00a565   0x5a  Code  Gb  queue.o [1]
EXTI0_IRQHandler        0x00ae54    0x1  Code  Gb  stm8l15x_it.o [1]
EXTI1_IRQHandler        0x00a8b7   0x3a  Code  Gb  stm8l15x_it.o [1]
EXTI2_IRQHandler        0x00a7ed   0x45  Code  Gb  stm8l15x_it.o [1]
EXTI3_IRQHandler        0x00ae55    0x1  Code  Gb  stm8l15x_it.o [1]
EXTI4_IRQHandler        0x00ae56    0x1  Code  Gb  stm8l15x_it.o [1]
EXTI5_IRQHandler        0x00ae57    0x1  Code  Gb  stm8l15x_it.o [1]
EXTI6_IRQHandler        0x00a615   0x54  Code  Gb  stm8l15x_it.o [1]
EXTI7_IRQHandler        0x00ae58    0x1  Code  Gb  stm8l15x_it.o [1]
EXTIB_IRQHandler        0x00ae52    0x1  Code  Gb  stm8l15x_it.o [1]
EXTID_IRQHandler        0x00ae53    0x1  Code  Gb  stm8l15x_it.o [1]
EXTIE_F_PVD_IRQHandler  0x00a990   0x31  Code  Gb  stm8l15x_it.o [1]
EXTI_ClearITPendingBit  0x00ab85   0x21  Code  Gb  stm8l15x_exti.o [1]
EXTI_GetITStatus        0x00ac7b   0x1c  Code  Gb  stm8l15x_exti.o [1]
EXTI_SetPinSensitivity  0x0096c9  0x110  Code  Gb  stm8l15x_exti.o [1]
EnQueue                 0x00a70a   0x4f  Code  Gb  queue.o [1]
EnterHaltSleep          0x00adf2    0x7  Code  Gb  low_power.o [1]
ExitHaltSleep           0x00a9c1   0x30  Code  Gb  low_power.o [1]
FLASH_IRQHandler        0x00ae4f    0x1  Code  Gb  stm8l15x_it.o [1]
GBZK_GPIO_Config        0x00a759   0x4c  Code  Gb  LCD_ZK.o [1]
GPIO_Config             0x00a2a9   0x6f  Code  Gb  key.o [1]
GPIO_Init               0x009b7a   0xae  Code  Gb  stm8l15x_gpio.o [1]
GPIO_LowPower_Config    0x00a318   0x68  Code  Gb  low_power.o [1]
GPIO_ReadInputDataBit   0x00ae42    0x3  Code  Gb  stm8l15x_gpio.o [1]
GPIO_ResetBits          0x00ae2c    0x4  Code  Gb  stm8l15x_gpio.o [1]
GPIO_SetBits            0x00ae3c    0x3  Code  Gb  stm8l15x_gpio.o [1]
GPIO_ToggleBits         0x00ae3f    0x3  Code  Gb  stm8l15x_gpio.o [1]
HEAP$$Base              0x0002d7          --   Gb  - Linker created -
HEAP$$Limit             0x00052f          --   Gb  - Linker created -
HelpMsg                 0x000014    0x3  Data  Gb  main.o [1]
I2C1_IRQHandler         0x00ae62    0x1  Code  Gb  stm8l15x_it.o [1]
INTVEC$$Base            0x008000          --   Gb  - Linker created -
INTVEC$$Limit           0x008080          --   Gb  - Linker created -
IsEmpty                 0x00ad3c   0x13  Code  Gb  queue.o [1]
IsFull                  0x00acb3   0x1b  Code  Gb  queue.o [1]
KeyRead                 0x00ae00    0x6  Code  Gb  key.o [1]
LCD_IRQHandler          0x00ae59    0x1  Code  Gb  stm8l15x_it.o [1]
LEDInit                 0x00a95c   0x34  Code  Gb  key.o [1]
LedF5                   0x0002d2    0x1  Data  Gb  main.o [1]
MyUart_Init             0x00a050   0x84  Code  Gb  uart.o [1]
OLED_Display_Off        0x009498   0x15  Code  Gb  LCD_ZK.o [1]
OLED_Display_On         0x0094ad   0x15  Code  Gb  LCD_ZK.o [1]
PWR_FastWakeUpCmd       0x00ada7    0xd  Code  Gb  stm8l15x_pwr.o [1]
PWR_GetFlagStatus       0x00a9f1   0x2f  Code  Gb  stm8l15x_pwr.o [1]
PWR_PVDClearFlag        0x00ae0c    0x5  Code  Gb  stm8l15x_pwr.o [1]
PWR_PVDGetITStatus      0x00aaf3   0x27  Code  Gb  stm8l15x_pwr.o [1]
PWR_UltraLowPowerCmd    0x00adb4    0xd  Code  Gb  stm8l15x_pwr.o [1]
PowerMsg                0x000010    0x4  Data  Gb  main.o [1]
Power_charge            0x0002d5    0x1  Data  Gb  main.o [1]
Q                       0x000017  0x130  Data  Gb  main.o [1]
Q_old                   0x000147  0x130  Data  Gb  main.o [1]
RTC_IRQHandler          0x00ae30    0x4  Code  Gb  stm8l15x_it.o [1]
Region$$Table$$Base     0x0084dc          --   Gb  - Linker created -
Region$$Table$$Limit    0x0084f0          --   Gb  - Linker created -
SPI1_IRQHandler         0x00ae60    0x1  Code  Gb  stm8l15x_it.o [1]
SWITCH_CSS_BREAK_DAC_IRQHandler
                        0x00adce    0xa  Code  Gb  stm8l15x_it.o [1]
SYSDivFactor            0x0085e1    0x5  Data  Gb  stm8l15x_clk.o [1]
TIM1_CAP_IRQHandler     0x00ae5e    0x1  Code  Gb  stm8l15x_it.o [1]
TIM1_UPD_OVF_TRG_COM_IRQHandler
                        0x00ae5d    0x1  Code  Gb  stm8l15x_it.o [1]
TIM2_ARRPreloadConfig   0x00aa20    0xd  Code  Gb  stm8l15x_tim2.o [1]
TIM2_CAP_IRQHandler     0x00ae5b    0x1  Code  Gb  stm8l15x_it.o [1]
TIM2_ClearITPendingBit  0x00ae11    0x5  Code  Gb  stm8l15x_tim2.o [1]
TIM2_Cmd                0x00aa40    0xd  Code  Gb  stm8l15x_tim2.o [1]
TIM2_Conut              0x0002c8    0x2  Data  Gb  stm8l15x_it.o [1]
TIM2_ITConfig           0x00aa2d   0x13  Code  Gb  stm8l15x_tim2.o [1]
TIM2_Init               0x00aaa2   0x29  Code  Gb  timer.o [1]
TIM2_TimeBaseInit       0x00aa78   0x2a  Code  Gb  stm8l15x_tim2.o [1]
TIM2_UPD_OVF_TRG_BRK_IRQHandler
                        0x009fc6   0x8a  Code  Gb  stm8l15x_it.o [1]
TIM3_CAP_IRQHandler     0x00ae5c    0x1  Code  Gb  stm8l15x_it.o [1]
TIM3_ClearITPendingBit  0x00ae16    0x5  Code  Gb  stm8l15x_tim3.o [1]
TIM3_UPD_OVF_TRG_BRK_IRQHandler
                        0x00ac41   0x1d  Code  Gb  stm8l15x_it.o [1]
TIM4_UPD_OVF_TRG_IRQHandler
                        0x00ae5f    0x1  Code  Gb  stm8l15x_it.o [1]
TRAP_IRQHandler         0x00ae4e    0x1  Code  Gb  stm8l15x_it.o [1]
USART1_RX_IRQHandler    0x009cd3   0xa9  Code  Gb  stm8l15x_it.o [1]
USART1_TX_IRQHandler    0x00ae61    0x1  Code  Gb  stm8l15x_it.o [1]
USART_ClearITPendingBit
                        0x00abc7   0x20  Code  Gb  stm8l15x_usart.o [1]
USART_Cmd               0x00aba6   0x21  Code  Gb  stm8l15x_usart.o [1]
USART_GetITStatus       0x009c28   0xab  Code  Gb  stm8l15x_usart.o [1]
USART_ITConfig          0x009e13   0x96  Code  Gb  stm8l15x_usart.o [1]
USART_Init              0x0099c2   0xe4  Code  Gb  stm8l15x_usart.o [1]
USART_RX_BUF            0x000277   0x40  Data  Gb  stm8l15x_it.o [1]
USART_RX_STA            0x0002c6    0x2  Data  Gb  stm8l15x_it.o [1]
USART_ReceiveData8      0x00ae45    0x3  Code  Gb  stm8l15x_usart.o [1]
UartScan                0x0091e9  0x187  Code  Gb  uart.o [1]
UartSendByte            0x00ade1    0x9  Code  Gb  uart.o [1]
_A_PA_ODR               0x005000    0x1  Data  Gb  beep.o [1]
__DebugBreak            0x00ae63    0x1  Code  Gb  __dbg_break.o [3]
__exit                  0x00acfe   0x16  Code  Gb  __dbg_xxexit.o [3]
__iar_copy_init2        0x00aacb         Code  Gb  init_small.o [4]
__iar_data_init2        0x00ac05   0x1e  Code  Gb  init.o [4]
__iar_program_start     0x00ace7         Code  Gb  cstartup.o [4]
__iar_unhandled_exception
                        0x00ae4b         Code  Gb  unhandled_exception.o [4]
__iar_zero_init2        0x00ac23         Code  Gb  init_small.o [4]
__intvec                0x008000         Data  Gb  interrupt.o [4]
__low_level_init        0x00ae48    0x3  Code  Gb  low_level_init.o [4]
__near_Aldata           0x0002bb    0x4  Data  Gb  xxmemxmalloc.o [4]
__near_GetMemChunk      0x00acce   0x19  Code  Gb  xgetmemchunk.o [4]
__near_findmem          0x00a239   0x70  Code  Lc  xxmemxmalloc.o [4]
_exit                   0x00ae06         Code  Gb  cexit.o [4]
_interrupt_1            0x00ae4e         Code  Gb  stm8l15x_it.o [1]
_interrupt_10           0x00ae54         Code  Gb  stm8l15x_it.o [1]
_interrupt_11           0x00a8b7         Code  Gb  stm8l15x_it.o [1]
_interrupt_12           0x00a7ed         Code  Gb  stm8l15x_it.o [1]
_interrupt_13           0x00ae55         Code  Gb  stm8l15x_it.o [1]
_interrupt_14           0x00ae56         Code  Gb  stm8l15x_it.o [1]
_interrupt_15           0x00ae57         Code  Gb  stm8l15x_it.o [1]
_interrupt_16           0x00a615         Code  Gb  stm8l15x_it.o [1]
_interrupt_17           0x00ae58         Code  Gb  stm8l15x_it.o [1]
_interrupt_18           0x00ae59         Code  Gb  stm8l15x_it.o [1]
_interrupt_19           0x00adce         Code  Gb  stm8l15x_it.o [1]
_interrupt_20           0x00ae5a         Code  Gb  stm8l15x_it.o [1]
_interrupt_21           0x009fc6         Code  Gb  stm8l15x_it.o [1]
_interrupt_22           0x00ae5b         Code  Gb  stm8l15x_it.o [1]
_interrupt_23           0x00ac41         Code  Gb  stm8l15x_it.o [1]
_interrupt_24           0x00ae5c         Code  Gb  stm8l15x_it.o [1]
_interrupt_25           0x00ae5d         Code  Gb  stm8l15x_it.o [1]
_interrupt_26           0x00ae5e         Code  Gb  stm8l15x_it.o [1]
_interrupt_27           0x00ae5f         Code  Gb  stm8l15x_it.o [1]
_interrupt_28           0x00ae60         Code  Gb  stm8l15x_it.o [1]
_interrupt_29           0x00ae61         Code  Gb  stm8l15x_it.o [1]
_interrupt_3            0x00ae4f         Code  Gb  stm8l15x_it.o [1]
_interrupt_30           0x009cd3         Code  Gb  stm8l15x_it.o [1]
_interrupt_31           0x00ae62         Code  Gb  stm8l15x_it.o [1]
_interrupt_4            0x00ae50         Code  Gb  stm8l15x_it.o [1]
_interrupt_5            0x00ae51         Code  Gb  stm8l15x_it.o [1]
_interrupt_6            0x00ae30         Code  Gb  stm8l15x_it.o [1]
_interrupt_7            0x00a990         Code  Gb  stm8l15x_it.o [1]
_interrupt_8            0x00ae52         Code  Gb  stm8l15x_it.o [1]
_interrupt_9            0x00ae53         Code  Gb  stm8l15x_it.o [1]
_putc                   0x00a7a5   0x48  Code  Lc  mini-printf.o [1]
_puts                   0x009f38   0x8e  Code  Lc  mini-printf.o [1]
beep                    0x0002d3    0x1  Data  Gb  main.o [1]
beep_delay              0x00add8    0x9  Code  Gb  beep.o [1]
bmp1                    0x008080  0x400  Data  Gb  LCD_ZK.o [1]
clear_screen            0x00a4ab   0x60  Code  Gb  LCD_ZK.o [1]
delay                   0x00ad29   0x13  Code  Gb  LCD_ZK.o [1]
delayms                 0x00aa4d   0x2b  Code  Gb  sysclk.o [1]
delayus                 0x00ae1b    0x5  Code  Gb  sysclk.o [1]
display_128x64          0x00a50b   0x5a  Code  Gb  LCD_ZK.o [1]
display_GB2312_string   0x008d02  0x341  Code  Gb  LCD_ZK.o [1]
display_graphic_16x16   0x00a1c9   0x70  Code  Gb  LCD_ZK.o [1]
display_graphic_8x16    0x00a380   0x65  Code  Gb  LCD_ZK.o [1]
exit                    0x00ae38    0x4  Code  Gb  exit.o [4]
fontaddr                0x0002b7    0x4  Data  Gb  LCD_ZK.o [1]
free                    0x009aa6   0xd4  Code  Gb  xxmemxfree.o [4]
gUartSendStr            0x0002bf    0x3  Data  Gb  mini-printf.o [1]
get_data_from_ROM       0x00a5bf   0x56  Code  Lc  LCD_ZK.o [1]
get_n_bytes_data_from_ROM
                        0x00a152   0x77  Code  Gb  LCD_ZK.o [1]
get_pack                0x00a877   0x40  Code  Gb  queue.o [1]
initial_lcd             0x0098dc   0xe6  Code  Gb  LCD_ZK.o [1]
keyPassValue            0x0002d4    0x1  Data  Gb  main.o [1]
keyScan                 0x00a3e5   0x63  Code  Gb  key.o [1]
keyScan2                0x00a448   0x63  Code  Gb  key.o [1]
lcd_address             0x00a8f1   0x37  Code  Gb  LCD_ZK.o [1]
led_on                  0x0002d0    0x1  Data  Gb  main.o [1]
main                    0x0085ed  0x715  Code  Gb  main.o [1]
malloc                  0x009d7c   0x97  Code  Gb  xxmemxmalloc.o [4]
memset                  0x00ad14   0x15  Code  Gb  memset.o [4]
mini_itoa               0x0097d9  0x103  Code  Lc  mini-printf.o [1]
mini_sprint             0x009043    0xe  Code  Gb  mini-printf.o [1]
mini_strlen             0x00ad62   0x11  Code  Lc  mini-printf.o [1]
mini_vsnprintf          0x009051  0x198  Code  Gb  mini-printf.o [1]
num                     0x0002d6    0x1  Data  Gb  uart.o [1]
num_l                   0x0002cf    0x1  Data  Gb  main.o [1]
num_r                   0x0002ce    0x1  Data  Gb  main.o [1]
print_init_module       0x00adf9    0x7  Code  Gb  mini-printf.o [1]
send_command_to_ROM     0x00a669   0x51  Code  Gb  LCD_ZK.o [1]
set_pack                0x00a6ba   0x50  Code  Gb  queue.o [1]
size_queue              0x00abe7   0x1e  Code  Gb  queue.o [1]
sound2                  0x00a928   0x34  Code  Gb  beep.o [1]
transfer_command_lcd    0x00953a   0x78  Code  Gb  LCD_ZK.o [1]
transfer_data_lcd       0x0094c2   0x78  Code  Gb  LCD_ZK.o [1]
uart_txarr              0x00a832   0x45  Code  Gb  uart.o [1]
uart_txstring           0x00ac5e   0x1d  Code  Gb  uart.o [1]


[1] = C:\Users\xs\Desktop\stm8_uart_oled--newKey\Debug\Obj
[2] = command line
[3] = dbgstm8mmd.a
[4] = dlstm8mmn.a

  10 359 bytes of readonly  code memory
   1 517 bytes of readonly  data memory
   1 583 bytes of readwrite data memory (+ 1 absolute)

Errors: none
Warnings: none
