###############################################################################
#
# IAR ELF Linker V2.10.4.157 for STM8                     27/Apr/2018  10:35:35
# Copyright 2010-2015 IAR Systems AB.
#
#    Output file  =  
#        C:\Users\xs\Desktop\stm8_uart_oled--newKey\Debug\Exe\demo.out
#    Map file     =  
#        C:\Users\xs\Desktop\stm8_uart_oled--newKey\Debug\List\demo.map
#    Command line =  
#        C:\Users\xs\Desktop\stm8_uart_oled--newKey\Debug\Obj\beep.o
#        C:\Users\xs\Desktop\stm8_uart_oled--newKey\Debug\Obj\key.o
#        C:\Users\xs\Desktop\stm8_uart_oled--newKey\Debug\Obj\LCD_ZK.o
#        C:\Users\xs\Desktop\stm8_uart_oled--newKey\Debug\Obj\low_power.o
#        C:\Users\xs\Desktop\stm8_uart_oled--newKey\Debug\Obj\main.o
#        C:\Users\xs\Desktop\stm8_uart_oled--newKey\Debug\Obj\mini-printf.o
#        C:\Users\xs\Desktop\stm8_uart_oled--newKey\Debug\Obj\queue.o
#        C:\Users\xs\Desktop\stm8_uart_oled--newKey\Debug\Obj\stm8l15x_adc.o
#        C:\Users\xs\Desktop\stm8_uart_oled--newKey\Debug\Obj\stm8l15x_aes.o
#        C:\Users\xs\Desktop\stm8_uart_oled--newKey\Debug\Obj\stm8l15x_beep.o
#        C:\Users\xs\Desktop\stm8_uart_oled--newKey\Debug\Obj\stm8l15x_clk.o
#        C:\Users\xs\Desktop\stm8_uart_oled--newKey\Debug\Obj\stm8l15x_comp.o
#        C:\Users\xs\Desktop\stm8_uart_oled--newKey\Debug\Obj\stm8l15x_dac.o
#        C:\Users\xs\Desktop\stm8_uart_oled--newKey\Debug\Obj\stm8l15x_dma.o
#        C:\Users\xs\Desktop\stm8_uart_oled--newKey\Debug\Obj\stm8l15x_exti.o
#        C:\Users\xs\Desktop\stm8_uart_oled--newKey\Debug\Obj\stm8l15x_flash.o
#        C:\Users\xs\Desktop\stm8_uart_oled--newKey\Debug\Obj\stm8l15x_gpio.o
#        C:\Users\xs\Desktop\stm8_uart_oled--newKey\Debug\Obj\stm8l15x_i2c.o
#        C:\Users\xs\Desktop\stm8_uart_oled--newKey\Debug\Obj\stm8l15x_irtim.o
#        C:\Users\xs\Desktop\stm8_uart_oled--newKey\Debug\Obj\stm8l15x_it.o
#        C:\Users\xs\Desktop\stm8_uart_oled--newKey\Debug\Obj\stm8l15x_itc.o
#        C:\Users\xs\Desktop\stm8_uart_oled--newKey\Debug\Obj\stm8l15x_iwdg.o
#        C:\Users\xs\Desktop\stm8_uart_oled--newKey\Debug\Obj\stm8l15x_lcd.o
#        C:\Users\xs\Desktop\stm8_uart_oled--newKey\Debug\Obj\stm8l15x_pwr.o
#        C:\Users\xs\Desktop\stm8_uart_oled--newKey\Debug\Obj\stm8l15x_rst.o
#        C:\Users\xs\Desktop\stm8_uart_oled--newKey\Debug\Obj\stm8l15x_rtc.o
#        C:\Users\xs\Desktop\stm8_uart_oled--newKey\Debug\Obj\stm8l15x_spi.o
#        C:\Users\xs\Desktop\stm8_uart_oled--newKey\Debug\Obj\stm8l15x_syscfg.o
#        C:\Users\xs\Desktop\stm8_uart_oled--newKey\Debug\Obj\stm8l15x_tim1.o
#        C:\Users\xs\Desktop\stm8_uart_oled--newKey\Debug\Obj\stm8l15x_tim2.o
#        C:\Users\xs\Desktop\stm8_uart_oled--newKey\Debug\Obj\stm8l15x_tim3.o
#        C:\Users\xs\Desktop\stm8_uart_oled--newKey\Debug\Obj\stm8l15x_tim4.o
#        C:\Users\xs\Desktop\stm8_uart_oled--newKey\Debug\Obj\stm8l15x_tim5.o
#        C:\Users\xs\Desktop\stm8_uart_oled--newKey\Debug\Obj\stm8l15x_usart.o
#        C:\Users\xs\Desktop\stm8_uart_oled--newKey\Debug\Obj\stm8l15x_wfe.o
#        C:\Users\xs\Desktop\stm8_uart_oled--newKey\Debug\Obj\stm8l15x_wwdg.o
#        C:\Users\xs\Desktop\stm8_uart_oled--newKey\Debug\Obj\sysclk.o
#        C:\Users\xs\Desktop\stm8_uart_oled--newKey\Debug\Obj\timer.o
#        C:\Users\xs\Desktop\stm8_uart_oled--newKey\Debug\Obj\uart.o -o
#        C:\Users\xs\Desktop\stm8_uart_oled--newKey\Debug\Exe\demo.out --map
#        C:\Users\xs\Desktop\stm8_uart_oled--newKey\Debug\List\demo.map
#        --config D:\IAR\stm8\config\lnkstm8l152k6.icf --config_def
#        _CSTACK_SIZE=0x100 --config_def _HEAP_SIZE=0x258 --entry
#        __iar_program_start --debug_lib
#
###############################################################################

*******************************************************************************
*** RUNTIME MODEL ATTRIBUTES
***

__Heap_Handler             = Basic
__SystemLibrary            = DLib
__code_model               = medium_or_large
__core                     = stm8
__data_model               = medium
__dlib_file_descriptor     = 0
__dlib_full_locale_support = 0
__rt_version               = 4


*******************************************************************************
*** PLACEMENT SUMMARY
***

"A1":  place at start of [0x000000-0x0000ff] { rw section .vregs };
"A2":  place at end of [0x000000-0x0007ff] { block CSTACK };
"P2":  place in [from 0x000000 to 0x0007ff] {
          block HEAP, rw section __DLIB_PERTHREAD, rw section .far.bss,
          rw section .far.data, rw section .far.noinit,
          rw section .far_func.textrw, rw section .huge.bss,
          rw section .huge.data, rw section .huge.noinit,
          rw section .huge_func.textrw, rw section .iar.dynexit,
          rw section .near.bss, rw section .near.data, rw section .near.noinit,
          rw section .near_func.textrw };
"A3":  place at start of [0x008000-0x00ffff] { block INTVEC };
"P3":  place in [from 0x008000 to 0x00ffff] {
          ro section __DLIB_PERTHREAD_init, ro section .far.data_init,
          ro section .far_func.textrw_init, ro section .huge.data_init,
          ro section .huge_func.textrw_init, ro section .iar.init_table,
          ro section .init_array, ro section .near.data_init,
          ro section .near.rodata, ro section .near_func.text,
          ro section .near_func.textrw_init, ro section .tiny.data_init,
          ro section .tiny.rodata_init };
"P4":  place in [from 0x008000 to 0x00ffff] {
          ro section .far.rodata, ro section .far_func.text };

  Section            Kind      Address    Size  Object
  -------            ----      -------    ----  ------
"A1":                                     0x10
  .vregs             uninit   0x000000    0x10  vregs.o [4]
                            - 0x000010    0x10

"P2":                                    0x51f
  P2 s0                       0x000010     0x7  <Init block>
    .near.data       inited   0x000010     0x4  main.o [1]
    .near.data       inited   0x000014     0x3  main.o [1]
  .near.bss          zero     0x000017   0x130  main.o [1]
  .near.bss          zero     0x000147   0x130  main.o [1]
  .near.bss          zero     0x000277    0x40  stm8l15x_it.o [1]
  .near.bss          zero     0x0002b7     0x4  LCD_ZK.o [1]
  .near.bss          zero     0x0002bb     0x4  xxmemxmalloc.o [4]
  .near.bss          zero     0x0002bf     0x3  mini-printf.o [1]
  .near.bss          zero     0x0002c2     0x2  key.o [1]
  .near.bss          zero     0x0002c4     0x2  key.o [1]
  .near.bss          zero     0x0002c6     0x2  stm8l15x_it.o [1]
  .near.bss          zero     0x0002c8     0x2  stm8l15x_it.o [1]
  .near.bss          zero     0x0002ca     0x2  xgetmemchunk.o [4]
  .near.bss          zero     0x0002cc     0x1  key.o [1]
  .near.bss          zero     0x0002cd     0x1  key.o [1]
  .near.bss          zero     0x0002ce     0x1  main.o [1]
  .near.bss          zero     0x0002cf     0x1  main.o [1]
  .near.bss          zero     0x0002d0     0x1  main.o [1]
  .near.bss          zero     0x0002d1     0x1  main.o [1]
  .near.bss          zero     0x0002d2     0x1  main.o [1]
  .near.bss          zero     0x0002d3     0x1  main.o [1]
  .near.bss          zero     0x0002d4     0x1  main.o [1]
  .near.bss          zero     0x0002d5     0x1  main.o [1]
  .near.bss          zero     0x0002d6     0x1  uart.o [1]
  HEAP                        0x0002d7   0x258  <Block>
    HEAP             uninit   0x0002d7   0x258  <Block tail>
                            - 0x00052f   0x51f

"A2":                                    0x100
  CSTACK                      0x000700   0x100  <Block>
    CSTACK           uninit   0x000700   0x100  <Block tail>
                            - 0x000800   0x100

Absolute sections:                         0x1
  .near.noinit       uninit   0x005000     0x1  beep.o [1]
                            - 0x005001     0x1

"A3":                                     0x80
  INTVEC                      0x008000    0x80  <Block>
    .intvec          const    0x008000    0x80  interrupt.o [4]
                            - 0x008080    0x80

"P3":                                    0x56d
  .near.rodata       const    0x008080   0x400  LCD_ZK.o [1]
  .near.rodata       const    0x008480    0x31  main.o [1]
  .near.rodata       const    0x0084b1    0x2b  main.o [1]
  .iar.init_table    const    0x0084dc    0x14  - Linker created -
  .near.rodata       const    0x0084f0    0x14  main.o [1]
  .near.rodata       const    0x008504    0x11  main.o [1]
  .near.rodata       const    0x008515    0x11  main.o [1]
  .near.rodata       const    0x008526    0x10  main.o [1]
  .near.rodata       const    0x008536    0x10  main.o [1]
  .near.rodata       const    0x008546    0x10  main.o [1]
  .near.rodata       const    0x008556     0xf  main.o [1]
  .near.rodata       const    0x008565     0xe  main.o [1]
  .near.rodata       const    0x008573     0xd  main.o [1]
  .near.rodata       const    0x008580     0xd  main.o [1]
  .near.rodata       const    0x00858d     0xd  main.o [1]
  .near.rodata       const    0x00859a     0xd  main.o [1]
  .near.rodata       const    0x0085a7     0xc  main.o [1]
  .near.rodata       const    0x0085b3     0xa  main.o [1]
  .near.rodata       const    0x0085bd     0x9  main.o [1]
  .near.rodata       const    0x0085c6     0x9  main.o [1]
  .near.rodata       const    0x0085cf     0x8  main.o [1]
  .near.rodata       const    0x0085d7     0x5  main.o [1]
  .near.rodata       const    0x0085dc     0x5  main.o [1]
  .near.rodata       const    0x0085e1     0x5  stm8l15x_clk.o [1]
  Initializer bytes  const    0x0085e6     0x7  <for P2 s0>
                            - 0x0085ed   0x56d

"P4":                                   0x2889
  .far_func.text     ro code  0x0085ed   0x727  main.o [1]
  .far_func.text     ro code  0x008d14   0x341  LCD_ZK.o [1]
  .far_func.text     ro code  0x009055   0x1a6  mini-printf.o [1]
  .far_func.text     ro code  0x0091fb   0x187  uart.o [1]
  .far_func.text     ro code  0x009382   0x128  long.o [4]
  .far_func.text     ro code  0x0094aa   0x11a  LCD_ZK.o [1]
  .far_func.text     ro code  0x0095c4   0x117  vreg_util.o [4]
  .far_func.text     ro code  0x0096db   0x110  stm8l15x_exti.o [1]
  .far_func.text     ro code  0x0097eb   0x103  mini-printf.o [1]
  .far_func.text     ro code  0x0098ee    0xe6  LCD_ZK.o [1]
  .far_func.text     ro code  0x0099d4    0xe4  stm8l15x_usart.o [1]
  .far_func.text     ro code  0x009ab8    0xd4  xxmemxfree.o [4]
  .far_func.text     ro code  0x009b8c    0xae  stm8l15x_gpio.o [1]
  .far_func.text     ro code  0x009c3a    0xab  stm8l15x_usart.o [1]
  .far_func.text     ro code  0x009ce5    0xa9  stm8l15x_it.o [1]
  .far_func.text     ro code  0x009d8e    0x97  xxmemxmalloc.o [4]
  .far_func.text     ro code  0x009e25    0x96  stm8l15x_usart.o [1]
  .far_func.text     ro code  0x009ebb    0x8f  stm8l15x_clk.o [1]
  .far_func.text     ro code  0x009f4a    0x8e  mini-printf.o [1]
  .far_func.text     ro code  0x009fd8    0x8a  stm8l15x_it.o [1]
  .far_func.text     ro code  0x00a062    0x84  uart.o [1]
  .far_func.text     ro code  0x00a0e6    0x7e  stm8l15x_clk.o [1]
  .far_func.text     ro code  0x00a164    0x77  LCD_ZK.o [1]
  .far_func.text     ro code  0x00a1db    0x70  LCD_ZK.o [1]
  .far_func.text     ro code  0x00a24b    0x70  xxmemxmalloc.o [4]
  .far_func.text     ro code  0x00a2bb    0x6f  key.o [1]
  .far_func.text     ro code  0x00a32a    0x68  low_power.o [1]
  .far_func.text     ro code  0x00a392    0x65  LCD_ZK.o [1]
  .far_func.text     ro code  0x00a3f7    0x63  key.o [1]
  .far_func.text     ro code  0x00a45a    0x63  key.o [1]
  .far_func.text     ro code  0x00a4bd    0x60  LCD_ZK.o [1]
  .far_func.text     ro code  0x00a51d    0x5a  LCD_ZK.o [1]
  .far_func.text     ro code  0x00a577    0x5a  queue.o [1]
  .far_func.text     ro code  0x00a5d1    0x56  LCD_ZK.o [1]
  .far_func.text     ro code  0x00a627    0x54  stm8l15x_it.o [1]
  .far_func.text     ro code  0x00a67b    0x51  LCD_ZK.o [1]
  .far_func.text     ro code  0x00a6cc    0x50  queue.o [1]
  .far_func.text     ro code  0x00a71c    0x4f  queue.o [1]
  .far_func.text     ro code  0x00a76b    0x4c  LCD_ZK.o [1]
  .far_func.text     ro code  0x00a7b7    0x48  mini-printf.o [1]
  .far_func.text     ro code  0x00a7ff    0x45  stm8l15x_it.o [1]
  .far_func.text     ro code  0x00a844    0x45  uart.o [1]
  .far_func.text     ro code  0x00a889    0x40  queue.o [1]
  .far_func.text     ro code  0x00a8c9    0x3a  stm8l15x_it.o [1]
  .far_func.text     ro code  0x00a903    0x37  LCD_ZK.o [1]
  .far_func.text     ro code  0x00a93a    0x34  beep.o [1]
  .far_func.text     ro code  0x00a96e    0x34  key.o [1]
  .far_func.text     ro code  0x00a9a2    0x31  stm8l15x_it.o [1]
  .far_func.text     ro code  0x00a9d3    0x30  low_power.o [1]
  .far_func.text     ro code  0x00aa03    0x2f  stm8l15x_pwr.o [1]
  .far_func.text     ro code  0x00aa32    0x2d  stm8l15x_tim2.o [1]
  .far_func.text     ro code  0x00aa5f    0x2b  sysclk.o [1]
  .far_func.text     ro code  0x00aa8a    0x2a  stm8l15x_tim2.o [1]
  .far_func.text     ro code  0x00aab4    0x29  timer.o [1]
  .far_func.text     ro code  0x00aadd    0x28  init_small.o [4]
  .far_func.text     ro code  0x00ab05    0x27  stm8l15x_pwr.o [1]
  .far_func.text     ro code  0x00ab2c    0x26  short.o [4]
  .far_func.text     ro code  0x00ab52    0x24  long_util.o [4]
  .far_func.text     ro code  0x00ab76    0x21  queue.o [1]
  .far_func.text     ro code  0x00ab97    0x21  stm8l15x_exti.o [1]
  .far_func.text     ro code  0x00abb8    0x21  stm8l15x_usart.o [1]
  .far_func.text     ro code  0x00abd9    0x20  stm8l15x_usart.o [1]
  .far_func.text     ro code  0x00abf9    0x1e  queue.o [1]
  .far_func.text     ro code  0x00ac17    0x1e  init.o [4]
  .far_func.text     ro code  0x00ac35    0x1e  init_small.o [4]
  .far_func.text     ro code  0x00ac53    0x1d  stm8l15x_it.o [1]
  .far_func.text     ro code  0x00ac70    0x1d  uart.o [1]
  .far_func.text     ro code  0x00ac8d    0x1c  stm8l15x_exti.o [1]
  .far_func.text     ro code  0x00aca9    0x1c  far_util.o [4]
  .far_func.text     ro code  0x00acc5    0x1b  queue.o [1]
  .far_func.text     ro code  0x00ace0    0x19  xgetmemchunk.o [4]
  .far_func.text     ro code  0x00acf9    0x17  cstartup.o [4]
  .far_func.text     ro code  0x00ad10    0x16  __dbg_xxexit.o [3]
  .far_func.text     ro code  0x00ad26    0x15  memset.o [4]
  .far_func.text     ro code  0x00ad3b    0x13  LCD_ZK.o [1]
  .far_func.text     ro code  0x00ad4e    0x13  queue.o [1]
  .far_func.text     ro code  0x00ad61    0x13  stm8l15x_clk.o [1]
  .far_func.text     ro code  0x00ad74    0x11  mini-printf.o [1]
  .far_func.text     ro code  0x00ad85     0xd  key.o [1]
  .far_func.text     ro code  0x00ad92     0xd  stm8l15x_clk.o [1]
  .far_func.text     ro code  0x00ad9f     0xd  stm8l15x_clk.o [1]
  .far_func.text     ro code  0x00adac     0xd  stm8l15x_clk.o [1]
  .far_func.text     ro code  0x00adb9     0xd  stm8l15x_pwr.o [1]
  .far_func.text     ro code  0x00adc6     0xd  stm8l15x_pwr.o [1]
  .far_func.text     ro code  0x00add3     0xd  move.o [4]
  .far_func.text     ro code  0x00ade0     0xa  stm8l15x_it.o [1]
  .far_func.text     ro code  0x00adea     0x9  beep.o [1]
  .far_func.text     ro code  0x00adf3     0x9  uart.o [1]
  .far_func.text     ro code  0x00adfc     0x8  xxmemxmalloc.o [4]
  .far_func.text     ro code  0x00ae04     0x7  low_power.o [1]
  .far_func.text     ro code  0x00ae0b     0x7  mini-printf.o [1]
  .far_func.text     ro code  0x00ae12     0x6  key.o [1]
  .far_func.text     ro code  0x00ae18     0x6  cexit.o [4]
  .far_func.text     ro code  0x00ae1e     0x5  stm8l15x_pwr.o [1]
  .far_func.text     ro code  0x00ae23     0x5  stm8l15x_tim2.o [1]
  .far_func.text     ro code  0x00ae28     0x5  stm8l15x_tim3.o [1]
  .far_func.text     ro code  0x00ae2d     0x5  sysclk.o [1]
  .far_func.text     ro code  0x00ae32     0x4  stm8l15x_clk.o [1]
  .far_func.text     ro code  0x00ae36     0x4  stm8l15x_clk.o [1]
  .far_func.text     ro code  0x00ae3a     0x4  stm8l15x_clk.o [1]
  .far_func.text     ro code  0x00ae3e     0x4  stm8l15x_gpio.o [1]
  .far_func.text     ro code  0x00ae42     0x4  stm8l15x_it.o [1]
  .far_func.text     ro code  0x00ae46     0x4  interrupt.o [4]
  .far_func.text     ro code  0x00ae4a     0x4  exit.o [4]
  .far_func.text     ro code  0x00ae4e     0x3  stm8l15x_gpio.o [1]
  .far_func.text     ro code  0x00ae51     0x3  stm8l15x_gpio.o [1]
  .far_func.text     ro code  0x00ae54     0x3  stm8l15x_gpio.o [1]
  .far_func.text     ro code  0x00ae57     0x3  stm8l15x_usart.o [1]
  .far_func.text     ro code  0x00ae5a     0x3  low_level_init.o [4]
  .far_func.text     ro code  0x00ae5d     0x3  unhandled_exception.o [4]
  .far_func.text     ro code  0x00ae60     0x1  stm8l15x_it.o [1]
  .far_func.text     ro code  0x00ae61     0x1  stm8l15x_it.o [1]
  .far_func.text     ro code  0x00ae62     0x1  stm8l15x_it.o [1]
  .far_func.text     ro code  0x00ae63     0x1  stm8l15x_it.o [1]
  .far_func.text     ro code  0x00ae64     0x1  stm8l15x_it.o [1]
  .far_func.text     ro code  0x00ae65     0x1  stm8l15x_it.o [1]
  .far_func.text     ro code  0x00ae66     0x1  stm8l15x_it.o [1]
  .far_func.text     ro code  0x00ae67     0x1  stm8l15x_it.o [1]
  .far_func.text     ro code  0x00ae68     0x1  stm8l15x_it.o [1]
  .far_func.text     ro code  0x00ae69     0x1  stm8l15x_it.o [1]
  .far_func.text     ro code  0x00ae6a     0x1  stm8l15x_it.o [1]
  .far_func.text     ro code  0x00ae6b     0x1  stm8l15x_it.o [1]
  .far_func.text     ro code  0x00ae6c     0x1  stm8l15x_it.o [1]
  .far_func.text     ro code  0x00ae6d     0x1  stm8l15x_it.o [1]
  .far_func.text     ro code  0x00ae6e     0x1  stm8l15x_it.o [1]
  .far_func.text     ro code  0x00ae6f     0x1  stm8l15x_it.o [1]
  .far_func.text     ro code  0x00ae70     0x1  stm8l15x_it.o [1]
  .far_func.text     ro code  0x00ae71     0x1  stm8l15x_it.o [1]
  .far_func.text     ro code  0x00ae72     0x1  stm8l15x_it.o [1]
  .far_func.text     ro code  0x00ae73     0x1  stm8l15x_it.o [1]
  .far_func.text     ro code  0x00ae74     0x1  stm8l15x_it.o [1]
  .far_func.text     ro code  0x00ae75     0x1  __dbg_break.o [3]
                            - 0x00ae76  0x2889


*******************************************************************************
*** INIT TABLE
***

          Address   Size
          -------   ----
Zero (__iar_zero_init2)
    1 destination range, total size 0x2c0:
          0x000017  0x2c0

Copy (__iar_copy_init2)
    1 source range, total size 0x7:
          0x0085e6    0x7
    1 destination range, total size 0x7:
          0x000010    0x7



*******************************************************************************
*** MODULE SUMMARY
***

    Module                 ro code  ro data  rw data  rw data
                                                       (abs)
    ------                 -------  -------  -------  -------
C:\Users\xs\Desktop\stm8_uart_oled--newKey\Debug\Obj: [1]
    LCD_ZK.o                 2 180    1 024        4
    beep.o                      61                          1
    key.o                      380                 6
    low_power.o                159
    main.o                   1 831      340      623
    mini-printf.o              919                 3
    queue.o                    422
    stm8l15x_clk.o             339        5
    stm8l15x_exti.o            333
    stm8l15x_gpio.o            187
    stm8l15x_it.o              631                68
    stm8l15x_pwr.o             117
    stm8l15x_tim2.o             92
    stm8l15x_tim3.o              5
    stm8l15x_usart.o           617
    sysclk.o                    48
    timer.o                     41
    uart.o                     630                 1
    ---------------------------------------------------------
    Total:                   8 992    1 369      705        1

command line: [2]
    ---------------------------------------------------------
    Total:

dbgstm8mmd.a: [3]
    __dbg_break.o                1
    __dbg_xxexit.o              22
    ---------------------------------------------------------
    Total:                      23

dlstm8mmn.a: [4]
    cexit.o                      6
    cstartup.o                  23
    exit.o                       4
    far_util.o                  28
    init.o                      30
    init_small.o                70
    interrupt.o                  4      128
    long.o                     296
    long_util.o                 36
    low_level_init.o             3
    memset.o                    21
    move.o                      13
    short.o                     38
    unhandled_exception.o        3
    vreg_util.o                279
    vregs.o                                       16
    xgetmemchunk.o              25                 2
    xxmemxfree.o               212
    xxmemxmalloc.o             271                 4
    ---------------------------------------------------------
    Total:                   1 362      128       22

    Linker created                       20      856
-------------------------------------------------------------
    Grand Total:            10 377    1 517    1 583        1


*******************************************************************************
*** ENTRY LIST
***

Entry                    Address   Size  Type      Object
-----                    -------   ----  ----      ------
.iar.init_table$$Base   0x0084dc          --   Gb  - Linker created -
.iar.init_table$$Limit  0x0084f0          --   Gb  - Linker created -
?add32_l0_l0_0x         0x009382         Code  Gb  long.o [4]
?b0                     0x000000         Data  Gb  vregs.o [4]
?b1                     0x000001         Data  Gb  vregs.o [4]
?b10                    0x00000a         Data  Gb  vregs.o [4]
?b11                    0x00000b         Data  Gb  vregs.o [4]
?b12                    0x00000c         Data  Gb  vregs.o [4]
?b13                    0x00000d         Data  Gb  vregs.o [4]
?b14                    0x00000e         Data  Gb  vregs.o [4]
?b15                    0x00000f         Data  Gb  vregs.o [4]
?b2                     0x000002         Data  Gb  vregs.o [4]
?b3                     0x000003         Data  Gb  vregs.o [4]
?b4                     0x000004         Data  Gb  vregs.o [4]
?b5                     0x000005         Data  Gb  vregs.o [4]
?b6                     0x000006         Data  Gb  vregs.o [4]
?b7                     0x000007         Data  Gb  vregs.o [4]
?b8                     0x000008         Data  Gb  vregs.o [4]
?b9                     0x000009         Data  Gb  vregs.o [4]
?e0                     0x000001         Data  Gb  vregs.o [4]
?e1                     0x000005         Data  Gb  vregs.o [4]
?e2                     0x000009         Data  Gb  vregs.o [4]
?e3                     0x00000d         Data  Gb  vregs.o [4]
?epilogue_l2            0x009670         Code  Gb  vreg_util.o [4]
?epilogue_l2_l3         0x00966c         Code  Gb  vreg_util.o [4]
?epilogue_l2_w6         0x009675         Code  Gb  vreg_util.o [4]
?epilogue_w4            0x00967e         Code  Gb  vreg_util.o [4]
?l0                     0x000000         Data  Gb  vregs.o [4]
?l1                     0x000004         Data  Gb  vregs.o [4]
?l2                     0x000008         Data  Gb  vregs.o [4]
?l3                     0x00000c         Data  Gb  vregs.o [4]
?load24_0x_e0           0x00acb7         Code  Gb  far_util.o [4]
?load24_e1_0x           0x00aca9         Code  Gb  far_util.o [4]
?load32_0x_l0           0x00ab68         Code  Gb  long_util.o [4]
?load32_l0_0x           0x00ab52         Code  Gb  long_util.o [4]
?load32_xsp_l0          0x00ab5e         Code  Gb  long_util.o [4]
?mov_e0_e2              0x0096b7         Code  Gb  vreg_util.o [4]
?mov_e1_e3              0x0096c4         Code  Gb  vreg_util.o [4]
?mov_e3_e0              0x0096d1         Code  Gb  vreg_util.o [4]
?mov_l0_l2              0x0096b4         Code  Gb  vreg_util.o [4]
?mov_l1_l3              0x0096c1         Code  Gb  vreg_util.o [4]
?mov_l3_l0              0x0096ce         Code  Gb  vreg_util.o [4]
?mov_w0_w2              0x009683         Code  Gb  vreg_util.o [4]
?mov_w0_w7              0x00968a         Code  Gb  vreg_util.o [4]
?mov_w1_w0              0x009691         Code  Gb  vreg_util.o [4]
?mov_w1_w5              0x0096ba         Code  Gb  vreg_util.o [4]
?mov_w3_w7              0x0096c7         Code  Gb  vreg_util.o [4]
?mov_w4_w1              0x009698         Code  Gb  vreg_util.o [4]
?mov_w5_w0              0x00969f         Code  Gb  vreg_util.o [4]
?mov_w6_w0              0x0096a6         Code  Gb  vreg_util.o [4]
?mov_w7_w1              0x0096d4         Code  Gb  vreg_util.o [4]
?mov_w7_w2              0x0096ad         Code  Gb  vreg_util.o [4]
?move1616_v_x_y_a       0x00add3         Code  Gb  move.o [4]
?mul16_x_x_w0           0x00ab2c         Code  Gb  short.o [4]
?mul32_l0_l0_0x         0x00939a         Code  Gb  long.o [4]
?mul32_l0_l0_l1         0x0093a3         Code  Gb  long.o [4]
?pop_l0                 0x009634         Code  Gb  vreg_util.o [4]
?pop_l1                 0x00963f         Code  Gb  vreg_util.o [4]
?pop_l2                 0x00964a         Code  Gb  vreg_util.o [4]
?pop_l3                 0x009655         Code  Gb  vreg_util.o [4]
?pop_w4                 0x0095e5         Code  Gb  vreg_util.o [4]
?pop_w6                 0x0095ec         Code  Gb  vreg_util.o [4]
?push_l0                0x0095ff         Code  Gb  vreg_util.o [4]
?push_l1                0x009604         Code  Gb  vreg_util.o [4]
?push_l2                0x009609         Code  Gb  vreg_util.o [4]
?push_l3                0x00960e         Code  Gb  vreg_util.o [4]
?push_w4                0x0095c4         Code  Gb  vreg_util.o [4]
?push_w6                0x0095c9         Code  Gb  vreg_util.o [4]
?sext32_l0_x            0x00949f         Code  Gb  long.o [4]
?sll16_x_x_a            0x00ab4a         Code  Gb  short.o [4]
?srl32_0x_0x_a          0x009491         Code  Gb  long.o [4]
?srl32_l0_l0_a          0x00948e         Code  Gb  long.o [4]
?udiv32_l0_l0_l1        0x009421         Code  Gb  long.o [4]
?umod32_l1_l0_l1        0x009421         Code  Gb  long.o [4]
?w0                     0x000000         Data  Gb  vregs.o [4]
?w1                     0x000002         Data  Gb  vregs.o [4]
?w2                     0x000004         Data  Gb  vregs.o [4]
?w3                     0x000006         Data  Gb  vregs.o [4]
?w4                     0x000008         Data  Gb  vregs.o [4]
?w5                     0x00000a         Data  Gb  vregs.o [4]
?w6                     0x00000c         Data  Gb  vregs.o [4]
?w7                     0x00000e         Data  Gb  vregs.o [4]
ADC1_COMP_IRQHandler    0x00ae6c    0x1  Code  Gb  stm8l15x_it.o [1]
AppState                0x0002d1    0x1  Data  Gb  main.o [1]
BeepInit                0x00ad85    0xd  Code  Gb  key.o [1]
CLK_GetClockFreq        0x00a0e6   0x7e  Code  Gb  stm8l15x_clk.o [1]
CLK_GetSYSCLKSource     0x00ae3a    0x4  Code  Gb  stm8l15x_clk.o [1]
CLK_HSICmd              0x00ad92    0xd  Code  Gb  stm8l15x_clk.o [1]
CLK_HaltConfig          0x00ad61   0x13  Code  Gb  stm8l15x_clk.o [1]
CLK_LSICmd              0x00ad9f    0xd  Code  Gb  stm8l15x_clk.o [1]
CLK_PeripheralClockConfig
                        0x009ebb   0x8f  Code  Gb  stm8l15x_clk.o [1]
CLK_SYSCLKDivConfig     0x00ae36    0x4  Code  Gb  stm8l15x_clk.o [1]
CLK_SYSCLKSourceConfig  0x00ae32    0x4  Code  Gb  stm8l15x_clk.o [1]
CLK_SYSCLKSourceSwitchCmd
                        0x00adac    0xd  Code  Gb  stm8l15x_clk.o [1]
CSTACK$$Base            0x000700          --   Gb  - Linker created -
CSTACK$$Limit           0x000800          --   Gb  - Linker created -
CreateQueue             0x00ab76   0x21  Code  Gb  queue.o [1]
DMA1_CHANNEL0_1_IRQHandler
                        0x00ae62    0x1  Code  Gb  stm8l15x_it.o [1]
DMA1_CHANNEL2_3_IRQHandler
                        0x00ae63    0x1  Code  Gb  stm8l15x_it.o [1]
DeQueue                 0x00a577   0x5a  Code  Gb  queue.o [1]
EXTI0_IRQHandler        0x00ae66    0x1  Code  Gb  stm8l15x_it.o [1]
EXTI1_IRQHandler        0x00a8c9   0x3a  Code  Gb  stm8l15x_it.o [1]
EXTI2_IRQHandler        0x00a7ff   0x45  Code  Gb  stm8l15x_it.o [1]
EXTI3_IRQHandler        0x00ae67    0x1  Code  Gb  stm8l15x_it.o [1]
EXTI4_IRQHandler        0x00ae68    0x1  Code  Gb  stm8l15x_it.o [1]
EXTI5_IRQHandler        0x00ae69    0x1  Code  Gb  stm8l15x_it.o [1]
EXTI6_IRQHandler        0x00a627   0x54  Code  Gb  stm8l15x_it.o [1]
EXTI7_IRQHandler        0x00ae6a    0x1  Code  Gb  stm8l15x_it.o [1]
EXTIB_IRQHandler        0x00ae64    0x1  Code  Gb  stm8l15x_it.o [1]
EXTID_IRQHandler        0x00ae65    0x1  Code  Gb  stm8l15x_it.o [1]
EXTIE_F_PVD_IRQHandler  0x00a9a2   0x31  Code  Gb  stm8l15x_it.o [1]
EXTI_ClearITPendingBit  0x00ab97   0x21  Code  Gb  stm8l15x_exti.o [1]
EXTI_GetITStatus        0x00ac8d   0x1c  Code  Gb  stm8l15x_exti.o [1]
EXTI_SetPinSensitivity  0x0096db  0x110  Code  Gb  stm8l15x_exti.o [1]
EnQueue                 0x00a71c   0x4f  Code  Gb  queue.o [1]
EnterHaltSleep          0x00ae04    0x7  Code  Gb  low_power.o [1]
ExitHaltSleep           0x00a9d3   0x30  Code  Gb  low_power.o [1]
FLASH_IRQHandler        0x00ae61    0x1  Code  Gb  stm8l15x_it.o [1]
GBZK_GPIO_Config        0x00a76b   0x4c  Code  Gb  LCD_ZK.o [1]
GPIO_Config             0x00a2bb   0x6f  Code  Gb  key.o [1]
GPIO_Init               0x009b8c   0xae  Code  Gb  stm8l15x_gpio.o [1]
GPIO_LowPower_Config    0x00a32a   0x68  Code  Gb  low_power.o [1]
GPIO_ReadInputDataBit   0x00ae54    0x3  Code  Gb  stm8l15x_gpio.o [1]
GPIO_ResetBits          0x00ae3e    0x4  Code  Gb  stm8l15x_gpio.o [1]
GPIO_SetBits            0x00ae4e    0x3  Code  Gb  stm8l15x_gpio.o [1]
GPIO_ToggleBits         0x00ae51    0x3  Code  Gb  stm8l15x_gpio.o [1]
HEAP$$Base              0x0002d7          --   Gb  - Linker created -
HEAP$$Limit             0x00052f          --   Gb  - Linker created -
HelpMsg                 0x000014    0x3  Data  Gb  main.o [1]
I2C1_IRQHandler         0x00ae74    0x1  Code  Gb  stm8l15x_it.o [1]
INTVEC$$Base            0x008000          --   Gb  - Linker created -
INTVEC$$Limit           0x008080          --   Gb  - Linker created -
IsEmpty                 0x00ad4e   0x13  Code  Gb  queue.o [1]
IsFull                  0x00acc5   0x1b  Code  Gb  queue.o [1]
KeyRead                 0x00ae12    0x6  Code  Gb  key.o [1]
LCD_IRQHandler          0x00ae6b    0x1  Code  Gb  stm8l15x_it.o [1]
LEDInit                 0x00a96e   0x34  Code  Gb  key.o [1]
LedF5                   0x0002d2    0x1  Data  Gb  main.o [1]
MyUart_Init             0x00a062   0x84  Code  Gb  uart.o [1]
OLED_Display_Off        0x0094aa   0x15  Code  Gb  LCD_ZK.o [1]
OLED_Display_On         0x0094bf   0x15  Code  Gb  LCD_ZK.o [1]
PWR_FastWakeUpCmd       0x00adb9    0xd  Code  Gb  stm8l15x_pwr.o [1]
PWR_GetFlagStatus       0x00aa03   0x2f  Code  Gb  stm8l15x_pwr.o [1]
PWR_PVDClearFlag        0x00ae1e    0x5  Code  Gb  stm8l15x_pwr.o [1]
PWR_PVDGetITStatus      0x00ab05   0x27  Code  Gb  stm8l15x_pwr.o [1]
PWR_UltraLowPowerCmd    0x00adc6    0xd  Code  Gb  stm8l15x_pwr.o [1]
PowerMsg                0x000010    0x4  Data  Gb  main.o [1]
Power_charge            0x0002d5    0x1  Data  Gb  main.o [1]
Q                       0x000017  0x130  Data  Gb  main.o [1]
Q_old                   0x000147  0x130  Data  Gb  main.o [1]
RTC_IRQHandler          0x00ae42    0x4  Code  Gb  stm8l15x_it.o [1]
Region$$Table$$Base     0x0084dc          --   Gb  - Linker created -
Region$$Table$$Limit    0x0084f0          --   Gb  - Linker created -
SPI1_IRQHandler         0x00ae72    0x1  Code  Gb  stm8l15x_it.o [1]
SWITCH_CSS_BREAK_DAC_IRQHandler
                        0x00ade0    0xa  Code  Gb  stm8l15x_it.o [1]
SYSDivFactor            0x0085e1    0x5  Data  Gb  stm8l15x_clk.o [1]
TIM1_CAP_IRQHandler     0x00ae70    0x1  Code  Gb  stm8l15x_it.o [1]
TIM1_UPD_OVF_TRG_COM_IRQHandler
                        0x00ae6f    0x1  Code  Gb  stm8l15x_it.o [1]
TIM2_ARRPreloadConfig   0x00aa32    0xd  Code  Gb  stm8l15x_tim2.o [1]
TIM2_CAP_IRQHandler     0x00ae6d    0x1  Code  Gb  stm8l15x_it.o [1]
TIM2_ClearITPendingBit  0x00ae23    0x5  Code  Gb  stm8l15x_tim2.o [1]
TIM2_Cmd                0x00aa52    0xd  Code  Gb  stm8l15x_tim2.o [1]
TIM2_Conut              0x0002c8    0x2  Data  Gb  stm8l15x_it.o [1]
TIM2_ITConfig           0x00aa3f   0x13  Code  Gb  stm8l15x_tim2.o [1]
TIM2_Init               0x00aab4   0x29  Code  Gb  timer.o [1]
TIM2_TimeBaseInit       0x00aa8a   0x2a  Code  Gb  stm8l15x_tim2.o [1]
TIM2_UPD_OVF_TRG_BRK_IRQHandler
                        0x009fd8   0x8a  Code  Gb  stm8l15x_it.o [1]
TIM3_CAP_IRQHandler     0x00ae6e    0x1  Code  Gb  stm8l15x_it.o [1]
TIM3_ClearITPendingBit  0x00ae28    0x5  Code  Gb  stm8l15x_tim3.o [1]
TIM3_UPD_OVF_TRG_BRK_IRQHandler
                        0x00ac53   0x1d  Code  Gb  stm8l15x_it.o [1]
TIM4_UPD_OVF_TRG_IRQHandler
                        0x00ae71    0x1  Code  Gb  stm8l15x_it.o [1]
TRAP_IRQHandler         0x00ae60    0x1  Code  Gb  stm8l15x_it.o [1]
USART1_RX_IRQHandler    0x009ce5   0xa9  Code  Gb  stm8l15x_it.o [1]
USART1_TX_IRQHandler    0x00ae73    0x1  Code  Gb  stm8l15x_it.o [1]
USART_ClearITPendingBit
                        0x00abd9   0x20  Code  Gb  stm8l15x_usart.o [1]
USART_Cmd               0x00abb8   0x21  Code  Gb  stm8l15x_usart.o [1]
USART_GetITStatus       0x009c3a   0xab  Code  Gb  stm8l15x_usart.o [1]
USART_ITConfig          0x009e25   0x96  Code  Gb  stm8l15x_usart.o [1]
USART_Init              0x0099d4   0xe4  Code  Gb  stm8l15x_usart.o [1]
USART_RX_BUF            0x000277   0x40  Data  Gb  stm8l15x_it.o [1]
USART_RX_STA            0x0002c6    0x2  Data  Gb  stm8l15x_it.o [1]
USART_ReceiveData8      0x00ae57    0x3  Code  Gb  stm8l15x_usart.o [1]
UartScan                0x0091fb  0x187  Code  Gb  uart.o [1]
UartSendByte            0x00adf3    0x9  Code  Gb  uart.o [1]
_A_PA_ODR               0x005000    0x1  Data  Gb  beep.o [1]
__DebugBreak            0x00ae75    0x1  Code  Gb  __dbg_break.o [3]
__exit                  0x00ad10   0x16  Code  Gb  __dbg_xxexit.o [3]
__iar_copy_init2        0x00aadd         Code  Gb  init_small.o [4]
__iar_data_init2        0x00ac17   0x1e  Code  Gb  init.o [4]
__iar_program_start     0x00acf9         Code  Gb  cstartup.o [4]
__iar_unhandled_exception
                        0x00ae5d         Code  Gb  unhandled_exception.o [4]
__iar_zero_init2        0x00ac35         Code  Gb  init_small.o [4]
__intvec                0x008000         Data  Gb  interrupt.o [4]
__low_level_init        0x00ae5a    0x3  Code  Gb  low_level_init.o [4]
__near_Aldata           0x0002bb    0x4  Data  Gb  xxmemxmalloc.o [4]
__near_GetMemChunk      0x00ace0   0x19  Code  Gb  xgetmemchunk.o [4]
__near_findmem          0x00a24b   0x70  Code  Lc  xxmemxmalloc.o [4]
_exit                   0x00ae18         Code  Gb  cexit.o [4]
_interrupt_1            0x00ae60         Code  Gb  stm8l15x_it.o [1]
_interrupt_10           0x00ae66         Code  Gb  stm8l15x_it.o [1]
_interrupt_11           0x00a8c9         Code  Gb  stm8l15x_it.o [1]
_interrupt_12           0x00a7ff         Code  Gb  stm8l15x_it.o [1]
_interrupt_13           0x00ae67         Code  Gb  stm8l15x_it.o [1]
_interrupt_14           0x00ae68         Code  Gb  stm8l15x_it.o [1]
_interrupt_15           0x00ae69         Code  Gb  stm8l15x_it.o [1]
_interrupt_16           0x00a627         Code  Gb  stm8l15x_it.o [1]
_interrupt_17           0x00ae6a         Code  Gb  stm8l15x_it.o [1]
_interrupt_18           0x00ae6b         Code  Gb  stm8l15x_it.o [1]
_interrupt_19           0x00ade0         Code  Gb  stm8l15x_it.o [1]
_interrupt_20           0x00ae6c         Code  Gb  stm8l15x_it.o [1]
_interrupt_21           0x009fd8         Code  Gb  stm8l15x_it.o [1]
_interrupt_22           0x00ae6d         Code  Gb  stm8l15x_it.o [1]
_interrupt_23           0x00ac53         Code  Gb  stm8l15x_it.o [1]
_interrupt_24           0x00ae6e         Code  Gb  stm8l15x_it.o [1]
_interrupt_25           0x00ae6f         Code  Gb  stm8l15x_it.o [1]
_interrupt_26           0x00ae70         Code  Gb  stm8l15x_it.o [1]
_interrupt_27           0x00ae71         Code  Gb  stm8l15x_it.o [1]
_interrupt_28           0x00ae72         Code  Gb  stm8l15x_it.o [1]
_interrupt_29           0x00ae73         Code  Gb  stm8l15x_it.o [1]
_interrupt_3            0x00ae61         Code  Gb  stm8l15x_it.o [1]
_interrupt_30           0x009ce5         Code  Gb  stm8l15x_it.o [1]
_interrupt_31           0x00ae74         Code  Gb  stm8l15x_it.o [1]
_interrupt_4            0x00ae62         Code  Gb  stm8l15x_it.o [1]
_interrupt_5            0x00ae63         Code  Gb  stm8l15x_it.o [1]
_interrupt_6            0x00ae42         Code  Gb  stm8l15x_it.o [1]
_interrupt_7            0x00a9a2         Code  Gb  stm8l15x_it.o [1]
_interrupt_8            0x00ae64         Code  Gb  stm8l15x_it.o [1]
_interrupt_9            0x00ae65         Code  Gb  stm8l15x_it.o [1]
_putc                   0x00a7b7   0x48  Code  Lc  mini-printf.o [1]
_puts                   0x009f4a   0x8e  Code  Lc  mini-printf.o [1]
beep                    0x0002d3    0x1  Data  Gb  main.o [1]
beep_delay              0x00adea    0x9  Code  Gb  beep.o [1]
bmp1                    0x008080  0x400  Data  Gb  LCD_ZK.o [1]
clear_screen            0x00a4bd   0x60  Code  Gb  LCD_ZK.o [1]
delay                   0x00ad3b   0x13  Code  Gb  LCD_ZK.o [1]
delayms                 0x00aa5f   0x2b  Code  Gb  sysclk.o [1]
delayus                 0x00ae2d    0x5  Code  Gb  sysclk.o [1]
display_128x64          0x00a51d   0x5a  Code  Gb  LCD_ZK.o [1]
display_GB2312_string   0x008d14  0x341  Code  Gb  LCD_ZK.o [1]
display_graphic_16x16   0x00a1db   0x70  Code  Gb  LCD_ZK.o [1]
display_graphic_8x16    0x00a392   0x65  Code  Gb  LCD_ZK.o [1]
exit                    0x00ae4a    0x4  Code  Gb  exit.o [4]
fontaddr                0x0002b7    0x4  Data  Gb  LCD_ZK.o [1]
free                    0x009ab8   0xd4  Code  Gb  xxmemxfree.o [4]
gUartSendStr            0x0002bf    0x3  Data  Gb  mini-printf.o [1]
get_data_from_ROM       0x00a5d1   0x56  Code  Lc  LCD_ZK.o [1]
get_n_bytes_data_from_ROM
                        0x00a164   0x77  Code  Gb  LCD_ZK.o [1]
get_pack                0x00a889   0x40  Code  Gb  queue.o [1]
initial_lcd             0x0098ee   0xe6  Code  Gb  LCD_ZK.o [1]
keyPassValue            0x0002d4    0x1  Data  Gb  main.o [1]
keyScan                 0x00a3f7   0x63  Code  Gb  key.o [1]
keyScan2                0x00a45a   0x63  Code  Gb  key.o [1]
lcd_address             0x00a903   0x37  Code  Gb  LCD_ZK.o [1]
led_on                  0x0002d0    0x1  Data  Gb  main.o [1]
main                    0x0085ed  0x727  Code  Gb  main.o [1]
malloc                  0x009d8e   0x97  Code  Gb  xxmemxmalloc.o [4]
memset                  0x00ad26   0x15  Code  Gb  memset.o [4]
mini_itoa               0x0097eb  0x103  Code  Lc  mini-printf.o [1]
mini_sprint             0x009055    0xe  Code  Gb  mini-printf.o [1]
mini_strlen             0x00ad74   0x11  Code  Lc  mini-printf.o [1]
mini_vsnprintf          0x009063  0x198  Code  Gb  mini-printf.o [1]
num                     0x0002d6    0x1  Data  Gb  uart.o [1]
num_l                   0x0002cf    0x1  Data  Gb  main.o [1]
num_r                   0x0002ce    0x1  Data  Gb  main.o [1]
print_init_module       0x00ae0b    0x7  Code  Gb  mini-printf.o [1]
send_command_to_ROM     0x00a67b   0x51  Code  Gb  LCD_ZK.o [1]
set_pack                0x00a6cc   0x50  Code  Gb  queue.o [1]
size_queue              0x00abf9   0x1e  Code  Gb  queue.o [1]
sound2                  0x00a93a   0x34  Code  Gb  beep.o [1]
transfer_command_lcd    0x00954c   0x78  Code  Gb  LCD_ZK.o [1]
transfer_data_lcd       0x0094d4   0x78  Code  Gb  LCD_ZK.o [1]
uart_txarr              0x00a844   0x45  Code  Gb  uart.o [1]
uart_txstring           0x00ac70   0x1d  Code  Gb  uart.o [1]


[1] = C:\Users\xs\Desktop\stm8_uart_oled--newKey\Debug\Obj
[2] = command line
[3] = dbgstm8mmd.a
[4] = dlstm8mmn.a

  10 377 bytes of readonly  code memory
   1 517 bytes of readonly  data memory
   1 583 bytes of readwrite data memory (+ 1 absolute)

Errors: none
Warnings: none
