###############################################################################
#
# IAR ELF Linker V2.10.4.157 for STM8                     25/Aug/2018  11:24:40
# Copyright 2010-2015 IAR Systems AB.
#
#    Output file  =  
#        C:\Users\xs\Desktop\stm8_uart_oled--newKey\Debug\Exe\demo.out
#    Map file     =  
#        C:\Users\xs\Desktop\stm8_uart_oled--newKey\Debug\List\demo.map
#    Command line =  
#        C:\Users\xs\Desktop\stm8_uart_oled--newKey\Debug\Obj\beep.o
#        C:\Users\xs\Desktop\stm8_uart_oled--newKey\Debug\Obj\key.o
#        C:\Users\xs\Desktop\stm8_uart_oled--newKey\Debug\Obj\LCD_ZK.o
#        C:\Users\xs\Desktop\stm8_uart_oled--newKey\Debug\Obj\low_power.o
#        C:\Users\xs\Desktop\stm8_uart_oled--newKey\Debug\Obj\main.o
#        C:\Users\xs\Desktop\stm8_uart_oled--newKey\Debug\Obj\mini-printf.o
#        C:\Users\xs\Desktop\stm8_uart_oled--newKey\Debug\Obj\queue.o
#        C:\Users\xs\Desktop\stm8_uart_oled--newKey\Debug\Obj\stm8l15x_adc.o
#        C:\Users\xs\Desktop\stm8_uart_oled--newKey\Debug\Obj\stm8l15x_aes.o
#        C:\Users\xs\Desktop\stm8_uart_oled--newKey\Debug\Obj\stm8l15x_beep.o
#        C:\Users\xs\Desktop\stm8_uart_oled--newKey\Debug\Obj\stm8l15x_clk.o
#        C:\Users\xs\Desktop\stm8_uart_oled--newKey\Debug\Obj\stm8l15x_comp.o
#        C:\Users\xs\Desktop\stm8_uart_oled--newKey\Debug\Obj\stm8l15x_dac.o
#        C:\Users\xs\Desktop\stm8_uart_oled--newKey\Debug\Obj\stm8l15x_dma.o
#        C:\Users\xs\Desktop\stm8_uart_oled--newKey\Debug\Obj\stm8l15x_exti.o
#        C:\Users\xs\Desktop\stm8_uart_oled--newKey\Debug\Obj\stm8l15x_flash.o
#        C:\Users\xs\Desktop\stm8_uart_oled--newKey\Debug\Obj\stm8l15x_gpio.o
#        C:\Users\xs\Desktop\stm8_uart_oled--newKey\Debug\Obj\stm8l15x_i2c.o
#        C:\Users\xs\Desktop\stm8_uart_oled--newKey\Debug\Obj\stm8l15x_irtim.o
#        C:\Users\xs\Desktop\stm8_uart_oled--newKey\Debug\Obj\stm8l15x_it.o
#        C:\Users\xs\Desktop\stm8_uart_oled--newKey\Debug\Obj\stm8l15x_itc.o
#        C:\Users\xs\Desktop\stm8_uart_oled--newKey\Debug\Obj\stm8l15x_iwdg.o
#        C:\Users\xs\Desktop\stm8_uart_oled--newKey\Debug\Obj\stm8l15x_lcd.o
#        C:\Users\xs\Desktop\stm8_uart_oled--newKey\Debug\Obj\stm8l15x_pwr.o
#        C:\Users\xs\Desktop\stm8_uart_oled--newKey\Debug\Obj\stm8l15x_rst.o
#        C:\Users\xs\Desktop\stm8_uart_oled--newKey\Debug\Obj\stm8l15x_rtc.o
#        C:\Users\xs\Desktop\stm8_uart_oled--newKey\Debug\Obj\stm8l15x_spi.o
#        C:\Users\xs\Desktop\stm8_uart_oled--newKey\Debug\Obj\stm8l15x_syscfg.o
#        C:\Users\xs\Desktop\stm8_uart_oled--newKey\Debug\Obj\stm8l15x_tim1.o
#        C:\Users\xs\Desktop\stm8_uart_oled--newKey\Debug\Obj\stm8l15x_tim2.o
#        C:\Users\xs\Desktop\stm8_uart_oled--newKey\Debug\Obj\stm8l15x_tim3.o
#        C:\Users\xs\Desktop\stm8_uart_oled--newKey\Debug\Obj\stm8l15x_tim4.o
#        C:\Users\xs\Desktop\stm8_uart_oled--newKey\Debug\Obj\stm8l15x_tim5.o
#        C:\Users\xs\Desktop\stm8_uart_oled--newKey\Debug\Obj\stm8l15x_usart.o
#        C:\Users\xs\Desktop\stm8_uart_oled--newKey\Debug\Obj\stm8l15x_wfe.o
#        C:\Users\xs\Desktop\stm8_uart_oled--newKey\Debug\Obj\stm8l15x_wwdg.o
#        C:\Users\xs\Desktop\stm8_uart_oled--newKey\Debug\Obj\sysclk.o
#        C:\Users\xs\Desktop\stm8_uart_oled--newKey\Debug\Obj\timer.o
#        C:\Users\xs\Desktop\stm8_uart_oled--newKey\Debug\Obj\uart.o -o
#        C:\Users\xs\Desktop\stm8_uart_oled--newKey\Debug\Exe\demo.out --map
#        C:\Users\xs\Desktop\stm8_uart_oled--newKey\Debug\List\demo.map
#        --config D:\IAR\stm8\config\lnkstm8l152k6.icf --config_def
#        _CSTACK_SIZE=0x100 --config_def _HEAP_SIZE=0x258 --entry
#        __iar_program_start --debug_lib
#
###############################################################################

*******************************************************************************
*** RUNTIME MODEL ATTRIBUTES
***

__Heap_Handler             = Basic
__SystemLibrary            = DLib
__code_model               = medium_or_large
__core                     = stm8
__data_model               = medium
__dlib_file_descriptor     = 0
__dlib_full_locale_support = 0
__rt_version               = 4


*******************************************************************************
*** PLACEMENT SUMMARY
***

"A1":  place at start of [0x000000-0x0000ff] { rw section .vregs };
"A2":  place at end of [0x000000-0x0007ff] { block CSTACK };
"P2":  place in [from 0x000000 to 0x0007ff] {
          block HEAP, rw section __DLIB_PERTHREAD, rw section .far.bss,
          rw section .far.data, rw section .far.noinit,
          rw section .far_func.textrw, rw section .huge.bss,
          rw section .huge.data, rw section .huge.noinit,
          rw section .huge_func.textrw, rw section .iar.dynexit,
          rw section .near.bss, rw section .near.data, rw section .near.noinit,
          rw section .near_func.textrw };
"A3":  place at start of [0x008000-0x00ffff] { block INTVEC };
"P3":  place in [from 0x008000 to 0x00ffff] {
          ro section __DLIB_PERTHREAD_init, ro section .far.data_init,
          ro section .far_func.textrw_init, ro section .huge.data_init,
          ro section .huge_func.textrw_init, ro section .iar.init_table,
          ro section .init_array, ro section .near.data_init,
          ro section .near.rodata, ro section .near_func.text,
          ro section .near_func.textrw_init, ro section .tiny.data_init,
          ro section .tiny.rodata_init };
"P4":  place in [from 0x008000 to 0x00ffff] {
          ro section .far.rodata, ro section .far_func.text };

  Section            Kind      Address    Size  Object
  -------            ----      -------    ----  ------
"A1":                                     0x10
  .vregs             uninit   0x000000    0x10  vregs.o [4]
                            - 0x000010    0x10

"P2":                                    0x53e
  P2 s0                       0x000010     0x9  <Init block>
    .near.data       inited   0x000010     0x4  main.o [1]
    .near.data       inited   0x000014     0x3  main.o [1]
    .near.data       inited   0x000017     0x2  main.o [1]
  .near.bss          zero     0x000019   0x13c  main.o [1]
  .near.bss          zero     0x000155   0x13c  main.o [1]
  .near.bss          zero     0x000291    0x40  stm8l15x_it.o [1]
  .near.bss          zero     0x0002d1     0x4  LCD_ZK.o [1]
  .near.bss          zero     0x0002d5     0x4  xxmemxmalloc.o [4]
  .near.bss          zero     0x0002d9     0x3  mini-printf.o [1]
  .near.bss          zero     0x0002dc     0x2  key.o [1]
  .near.bss          zero     0x0002de     0x2  key.o [1]
  .near.bss          zero     0x0002e0     0x2  main.o [1]
  .near.bss          zero     0x0002e2     0x2  stm8l15x_it.o [1]
  .near.bss          zero     0x0002e4     0x2  stm8l15x_it.o [1]
  .near.bss          zero     0x0002e6     0x2  stm8l15x_it.o [1]
  .near.bss          zero     0x0002e8     0x2  xgetmemchunk.o [4]
  .near.bss          zero     0x0002ea     0x1  key.o [1]
  .near.bss          zero     0x0002eb     0x1  key.o [1]
  .near.bss          zero     0x0002ec     0x1  main.o [1]
  .near.bss          zero     0x0002ed     0x1  main.o [1]
  .near.bss          zero     0x0002ee     0x1  main.o [1]
  .near.bss          zero     0x0002ef     0x1  main.o [1]
  .near.bss          zero     0x0002f0     0x1  main.o [1]
  .near.bss          zero     0x0002f1     0x1  main.o [1]
  .near.bss          zero     0x0002f2     0x1  main.o [1]
  .near.bss          zero     0x0002f3     0x1  main.o [1]
  .near.bss          zero     0x0002f4     0x1  main.o [1]
  .near.bss          zero     0x0002f5     0x1  uart.o [1]
  HEAP                        0x0002f6   0x258  <Block>
    HEAP             uninit   0x0002f6   0x258  <Block tail>
                            - 0x00054e   0x53e

"A2":                                    0x100
  CSTACK                      0x000700   0x100  <Block>
    CSTACK           uninit   0x000700   0x100  <Block tail>
                            - 0x000800   0x100

Absolute sections:                         0x1
  .near.noinit       uninit   0x005000     0x1  beep.o [1]
                            - 0x005001     0x1

"A3":                                     0x80
  INTVEC                      0x008000    0x80  <Block>
    .intvec          const    0x008000    0x80  interrupt.o [4]
                            - 0x008080    0x80

"P3":                                    0x568
  .near.rodata       const    0x008080   0x400  LCD_ZK.o [1]
  .near.rodata       const    0x008480    0x31  main.o [1]
  .near.rodata       const    0x0084b1    0x2b  main.o [1]
  .iar.init_table    const    0x0084dc    0x14  - Linker created -
  .near.rodata       const    0x0084f0    0x14  main.o [1]
  .near.rodata       const    0x008504    0x11  main.o [1]
  .near.rodata       const    0x008515    0x11  main.o [1]
  .near.rodata       const    0x008526    0x10  main.o [1]
  .near.rodata       const    0x008536    0x10  main.o [1]
  .near.rodata       const    0x008546    0x10  main.o [1]
  .near.rodata       const    0x008556     0xf  main.o [1]
  .near.rodata       const    0x008565     0xe  main.o [1]
  .near.rodata       const    0x008573     0xd  main.o [1]
  .near.rodata       const    0x008580     0xd  main.o [1]
  .near.rodata       const    0x00858d     0xd  main.o [1]
  .near.rodata       const    0x00859a     0xc  main.o [1]
  .near.rodata       const    0x0085a6     0xa  main.o [1]
  .near.rodata       const    0x0085b0     0x9  main.o [1]
  .near.rodata       const    0x0085b9     0x9  main.o [1]
  .near.rodata       const    0x0085c2     0x9  uart.o [1]
  .near.rodata       const    0x0085cb     0x8  main.o [1]
  .near.rodata       const    0x0085d3     0x7  uart.o [1]
  .near.rodata       const    0x0085da     0x5  stm8l15x_clk.o [1]
  Initializer bytes  const    0x0085df     0x9  <for P2 s0>
                            - 0x0085e8   0x568

"P4":                                   0x28c3
  .far_func.text     ro code  0x0085e8   0x735  main.o [1]
  .far_func.text     ro code  0x008d1d   0x341  LCD_ZK.o [1]
  .far_func.text     ro code  0x00905e   0x1a6  mini-printf.o [1]
  .far_func.text     ro code  0x009204   0x15c  uart.o [1]
  .far_func.text     ro code  0x009360   0x128  long.o [4]
  .far_func.text     ro code  0x009488   0x11a  LCD_ZK.o [1]
  .far_func.text     ro code  0x0095a2   0x117  vreg_util.o [4]
  .far_func.text     ro code  0x0096b9   0x110  stm8l15x_exti.o [1]
  .far_func.text     ro code  0x0097c9   0x103  mini-printf.o [1]
  .far_func.text     ro code  0x0098cc    0xe6  LCD_ZK.o [1]
  .far_func.text     ro code  0x0099b2    0xe4  stm8l15x_usart.o [1]
  .far_func.text     ro code  0x009a96    0xd4  xxmemxfree.o [4]
  .far_func.text     ro code  0x009b6a    0xae  stm8l15x_gpio.o [1]
  .far_func.text     ro code  0x009c18    0xab  stm8l15x_usart.o [1]
  .far_func.text     ro code  0x009cc3    0xa2  stm8l15x_it.o [1]
  .far_func.text     ro code  0x009d65    0x97  xxmemxmalloc.o [4]
  .far_func.text     ro code  0x009dfc    0x96  stm8l15x_usart.o [1]
  .far_func.text     ro code  0x009e92    0x8f  stm8l15x_clk.o [1]
  .far_func.text     ro code  0x009f21    0x8e  mini-printf.o [1]
  .far_func.text     ro code  0x009faf    0x8a  stm8l15x_it.o [1]
  .far_func.text     ro code  0x00a039    0x85  uart.o [1]
  .far_func.text     ro code  0x00a0be    0x7e  stm8l15x_clk.o [1]
  .far_func.text     ro code  0x00a13c    0x78  queue.o [1]
  .far_func.text     ro code  0x00a1b4    0x77  LCD_ZK.o [1]
  .far_func.text     ro code  0x00a22b    0x70  LCD_ZK.o [1]
  .far_func.text     ro code  0x00a29b    0x70  xxmemxmalloc.o [4]
  .far_func.text     ro code  0x00a30b    0x6f  key.o [1]
  .far_func.text     ro code  0x00a37a    0x65  LCD_ZK.o [1]
  .far_func.text     ro code  0x00a3df    0x63  key.o [1]
  .far_func.text     ro code  0x00a442    0x63  key.o [1]
  .far_func.text     ro code  0x00a4a5    0x60  LCD_ZK.o [1]
  .far_func.text     ro code  0x00a505    0x5a  LCD_ZK.o [1]
  .far_func.text     ro code  0x00a55f    0x5a  queue.o [1]
  .far_func.text     ro code  0x00a5b9    0x56  LCD_ZK.o [1]
  .far_func.text     ro code  0x00a60f    0x54  stm8l15x_it.o [1]
  .far_func.text     ro code  0x00a663    0x53  stm8l15x_it.o [1]
  .far_func.text     ro code  0x00a6b6    0x51  LCD_ZK.o [1]
  .far_func.text     ro code  0x00a707    0x4f  queue.o [1]
  .far_func.text     ro code  0x00a756    0x4e  stm8l15x_it.o [1]
  .far_func.text     ro code  0x00a7a4    0x4c  LCD_ZK.o [1]
  .far_func.text     ro code  0x00a7f0    0x48  mini-printf.o [1]
  .far_func.text     ro code  0x00a838    0x46  queue.o [1]
  .far_func.text     ro code  0x00a87e    0x45  uart.o [1]
  .far_func.text     ro code  0x00a8c3    0x3c  stm8l15x_tim3.o [1]
  .far_func.text     ro code  0x00a8ff    0x38  stm8l15x_it.o [1]
  .far_func.text     ro code  0x00a937    0x37  LCD_ZK.o [1]
  .far_func.text     ro code  0x00a96e    0x34  beep.o [1]
  .far_func.text     ro code  0x00a9a2    0x34  key.o [1]
  .far_func.text     ro code  0x00a9d6    0x31  stm8l15x_it.o [1]
  .far_func.text     ro code  0x00aa07    0x30  timer.o [1]
  .far_func.text     ro code  0x00aa37    0x2f  stm8l15x_pwr.o [1]
  .far_func.text     ro code  0x00aa66    0x2d  stm8l15x_tim2.o [1]
  .far_func.text     ro code  0x00aa93    0x2b  sysclk.o [1]
  .far_func.text     ro code  0x00aabe    0x2a  stm8l15x_tim2.o [1]
  .far_func.text     ro code  0x00aae8    0x2a  stm8l15x_tim3.o [1]
  .far_func.text     ro code  0x00ab12    0x29  timer.o [1]
  .far_func.text     ro code  0x00ab3b    0x28  init_small.o [4]
  .far_func.text     ro code  0x00ab63    0x27  stm8l15x_pwr.o [1]
  .far_func.text     ro code  0x00ab8a    0x26  short.o [4]
  .far_func.text     ro code  0x00abb0    0x24  long_util.o [4]
  .far_func.text     ro code  0x00abd4    0x21  queue.o [1]
  .far_func.text     ro code  0x00abf5    0x21  stm8l15x_exti.o [1]
  .far_func.text     ro code  0x00ac16    0x21  stm8l15x_usart.o [1]
  .far_func.text     ro code  0x00ac37    0x20  stm8l15x_usart.o [1]
  .far_func.text     ro code  0x00ac57    0x1e  queue.o [1]
  .far_func.text     ro code  0x00ac75    0x1e  init.o [4]
  .far_func.text     ro code  0x00ac93    0x1e  init_small.o [4]
  .far_func.text     ro code  0x00acb1    0x1d  uart.o [1]
  .far_func.text     ro code  0x00acce    0x1c  stm8l15x_exti.o [1]
  .far_func.text     ro code  0x00acea    0x1c  far_util.o [4]
  .far_func.text     ro code  0x00ad06    0x1b  queue.o [1]
  .far_func.text     ro code  0x00ad21    0x19  xgetmemchunk.o [4]
  .far_func.text     ro code  0x00ad3a    0x17  cstartup.o [4]
  .far_func.text     ro code  0x00ad51    0x16  __dbg_xxexit.o [3]
  .far_func.text     ro code  0x00ad67    0x15  memset.o [4]
  .far_func.text     ro code  0x00ad7c    0x13  LCD_ZK.o [1]
  .far_func.text     ro code  0x00ad8f    0x13  queue.o [1]
  .far_func.text     ro code  0x00ada2    0x13  stm8l15x_clk.o [1]
  .far_func.text     ro code  0x00adb5    0x11  mini-printf.o [1]
  .far_func.text     ro code  0x00adc6     0xd  key.o [1]
  .far_func.text     ro code  0x00add3     0xd  stm8l15x_clk.o [1]
  .far_func.text     ro code  0x00ade0     0xd  stm8l15x_clk.o [1]
  .far_func.text     ro code  0x00aded     0xd  stm8l15x_pwr.o [1]
  .far_func.text     ro code  0x00adfa     0xd  stm8l15x_pwr.o [1]
  .far_func.text     ro code  0x00ae07     0xd  move.o [4]
  .far_func.text     ro code  0x00ae14     0xb  stm8l15x_gpio.o [1]
  .far_func.text     ro code  0x00ae1f     0xa  stm8l15x_it.o [1]
  .far_func.text     ro code  0x00ae29     0x9  beep.o [1]
  .far_func.text     ro code  0x00ae32     0x9  uart.o [1]
  .far_func.text     ro code  0x00ae3b     0x8  xxmemxmalloc.o [4]
  .far_func.text     ro code  0x00ae43     0x7  mini-printf.o [1]
  .far_func.text     ro code  0x00ae4a     0x6  key.o [1]
  .far_func.text     ro code  0x00ae50     0x6  cexit.o [4]
  .far_func.text     ro code  0x00ae56     0x5  stm8l15x_pwr.o [1]
  .far_func.text     ro code  0x00ae5b     0x5  stm8l15x_tim2.o [1]
  .far_func.text     ro code  0x00ae60     0x5  stm8l15x_tim3.o [1]
  .far_func.text     ro code  0x00ae65     0x5  sysclk.o [1]
  .far_func.text     ro code  0x00ae6a     0x4  stm8l15x_clk.o [1]
  .far_func.text     ro code  0x00ae6e     0x4  stm8l15x_clk.o [1]
  .far_func.text     ro code  0x00ae72     0x4  stm8l15x_clk.o [1]
  .far_func.text     ro code  0x00ae76     0x4  stm8l15x_gpio.o [1]
  .far_func.text     ro code  0x00ae7a     0x4  stm8l15x_it.o [1]
  .far_func.text     ro code  0x00ae7e     0x4  interrupt.o [4]
  .far_func.text     ro code  0x00ae82     0x4  exit.o [4]
  .far_func.text     ro code  0x00ae86     0x3  stm8l15x_gpio.o [1]
  .far_func.text     ro code  0x00ae89     0x3  stm8l15x_gpio.o [1]
  .far_func.text     ro code  0x00ae8c     0x3  stm8l15x_usart.o [1]
  .far_func.text     ro code  0x00ae8f     0x3  low_level_init.o [4]
  .far_func.text     ro code  0x00ae92     0x3  unhandled_exception.o [4]
  .far_func.text     ro code  0x00ae95     0x1  stm8l15x_it.o [1]
  .far_func.text     ro code  0x00ae96     0x1  stm8l15x_it.o [1]
  .far_func.text     ro code  0x00ae97     0x1  stm8l15x_it.o [1]
  .far_func.text     ro code  0x00ae98     0x1  stm8l15x_it.o [1]
  .far_func.text     ro code  0x00ae99     0x1  stm8l15x_it.o [1]
  .far_func.text     ro code  0x00ae9a     0x1  stm8l15x_it.o [1]
  .far_func.text     ro code  0x00ae9b     0x1  stm8l15x_it.o [1]
  .far_func.text     ro code  0x00ae9c     0x1  stm8l15x_it.o [1]
  .far_func.text     ro code  0x00ae9d     0x1  stm8l15x_it.o [1]
  .far_func.text     ro code  0x00ae9e     0x1  stm8l15x_it.o [1]
  .far_func.text     ro code  0x00ae9f     0x1  stm8l15x_it.o [1]
  .far_func.text     ro code  0x00aea0     0x1  stm8l15x_it.o [1]
  .far_func.text     ro code  0x00aea1     0x1  stm8l15x_it.o [1]
  .far_func.text     ro code  0x00aea2     0x1  stm8l15x_it.o [1]
  .far_func.text     ro code  0x00aea3     0x1  stm8l15x_it.o [1]
  .far_func.text     ro code  0x00aea4     0x1  stm8l15x_it.o [1]
  .far_func.text     ro code  0x00aea5     0x1  stm8l15x_it.o [1]
  .far_func.text     ro code  0x00aea6     0x1  stm8l15x_it.o [1]
  .far_func.text     ro code  0x00aea7     0x1  stm8l15x_it.o [1]
  .far_func.text     ro code  0x00aea8     0x1  stm8l15x_it.o [1]
  .far_func.text     ro code  0x00aea9     0x1  stm8l15x_it.o [1]
  .far_func.text     ro code  0x00aeaa     0x1  __dbg_break.o [3]
                            - 0x00aeab  0x28c3


*******************************************************************************
*** INIT TABLE
***

          Address   Size
          -------   ----
Zero (__iar_zero_init2)
    1 destination range, total size 0x2dd:
          0x000019  0x2dd

Copy (__iar_copy_init2)
    1 source range, total size 0x9:
          0x0085df    0x9
    1 destination range, total size 0x9:
          0x000010    0x9



*******************************************************************************
*** MODULE SUMMARY
***

    Module                 ro code  ro data  rw data  rw data
                                                       (abs)
    ------                 -------  -------  -------  -------
C:\Users\xs\Desktop\stm8_uart_oled--newKey\Debug\Obj: [1]
    LCD_ZK.o                 2 180    1 024        4
    beep.o                      61                          1
    key.o                      380                 6
    main.o                   1 845      319      652
    mini-printf.o              919                 3
    queue.o                    468
    stm8l15x_clk.o             326        5
    stm8l15x_exti.o            333
    stm8l15x_gpio.o            195
    stm8l15x_it.o              685                70
    stm8l15x_pwr.o             117
    stm8l15x_tim2.o             92
    stm8l15x_tim3.o            107
    stm8l15x_usart.o           617
    sysclk.o                    48
    timer.o                     89
    uart.o                     588       16        1
    ---------------------------------------------------------
    Total:                   9 050    1 364      736        1

command line: [2]
    ---------------------------------------------------------
    Total:

dbgstm8mmd.a: [3]
    __dbg_break.o                1
    __dbg_xxexit.o              22
    ---------------------------------------------------------
    Total:                      23

dlstm8mmn.a: [4]
    cexit.o                      6
    cstartup.o                  23
    exit.o                       4
    far_util.o                  28
    init.o                      30
    init_small.o                70
    interrupt.o                  4      128
    long.o                     296
    long_util.o                 36
    low_level_init.o             3
    memset.o                    21
    move.o                      13
    short.o                     38
    unhandled_exception.o        3
    vreg_util.o                279
    vregs.o                                       16
    xgetmemchunk.o              25                 2
    xxmemxfree.o               212
    xxmemxmalloc.o             271                 4
    ---------------------------------------------------------
    Total:                   1 362      128       22

    Linker created                       20      856
-------------------------------------------------------------
    Grand Total:            10 435    1 512    1 614        1


*******************************************************************************
*** ENTRY LIST
***

Entry                    Address   Size  Type      Object
-----                    -------   ----  ----      ------
.iar.init_table$$Base   0x0084dc          --   Gb  - Linker created -
.iar.init_table$$Limit  0x0084f0          --   Gb  - Linker created -
?add32_l0_l0_0x         0x009360         Code  Gb  long.o [4]
?b0                     0x000000         Data  Gb  vregs.o [4]
?b1                     0x000001         Data  Gb  vregs.o [4]
?b10                    0x00000a         Data  Gb  vregs.o [4]
?b11                    0x00000b         Data  Gb  vregs.o [4]
?b12                    0x00000c         Data  Gb  vregs.o [4]
?b13                    0x00000d         Data  Gb  vregs.o [4]
?b14                    0x00000e         Data  Gb  vregs.o [4]
?b15                    0x00000f         Data  Gb  vregs.o [4]
?b2                     0x000002         Data  Gb  vregs.o [4]
?b3                     0x000003         Data  Gb  vregs.o [4]
?b4                     0x000004         Data  Gb  vregs.o [4]
?b5                     0x000005         Data  Gb  vregs.o [4]
?b6                     0x000006         Data  Gb  vregs.o [4]
?b7                     0x000007         Data  Gb  vregs.o [4]
?b8                     0x000008         Data  Gb  vregs.o [4]
?b9                     0x000009         Data  Gb  vregs.o [4]
?e0                     0x000001         Data  Gb  vregs.o [4]
?e1                     0x000005         Data  Gb  vregs.o [4]
?e2                     0x000009         Data  Gb  vregs.o [4]
?e3                     0x00000d         Data  Gb  vregs.o [4]
?epilogue_l2            0x00964e         Code  Gb  vreg_util.o [4]
?epilogue_l2_l3         0x00964a         Code  Gb  vreg_util.o [4]
?epilogue_l2_w6         0x009653         Code  Gb  vreg_util.o [4]
?epilogue_w4            0x00965c         Code  Gb  vreg_util.o [4]
?l0                     0x000000         Data  Gb  vregs.o [4]
?l1                     0x000004         Data  Gb  vregs.o [4]
?l2                     0x000008         Data  Gb  vregs.o [4]
?l3                     0x00000c         Data  Gb  vregs.o [4]
?load24_0x_e0           0x00acf8         Code  Gb  far_util.o [4]
?load24_e1_0x           0x00acea         Code  Gb  far_util.o [4]
?load32_0x_l0           0x00abc6         Code  Gb  long_util.o [4]
?load32_l0_0x           0x00abb0         Code  Gb  long_util.o [4]
?load32_xsp_l0          0x00abbc         Code  Gb  long_util.o [4]
?mov_e0_e2              0x009695         Code  Gb  vreg_util.o [4]
?mov_e1_e3              0x0096a2         Code  Gb  vreg_util.o [4]
?mov_e3_e0              0x0096af         Code  Gb  vreg_util.o [4]
?mov_l0_l2              0x009692         Code  Gb  vreg_util.o [4]
?mov_l1_l3              0x00969f         Code  Gb  vreg_util.o [4]
?mov_l3_l0              0x0096ac         Code  Gb  vreg_util.o [4]
?mov_w0_w2              0x009661         Code  Gb  vreg_util.o [4]
?mov_w0_w7              0x009668         Code  Gb  vreg_util.o [4]
?mov_w1_w0              0x00966f         Code  Gb  vreg_util.o [4]
?mov_w1_w5              0x009698         Code  Gb  vreg_util.o [4]
?mov_w3_w7              0x0096a5         Code  Gb  vreg_util.o [4]
?mov_w4_w1              0x009676         Code  Gb  vreg_util.o [4]
?mov_w5_w0              0x00967d         Code  Gb  vreg_util.o [4]
?mov_w6_w0              0x009684         Code  Gb  vreg_util.o [4]
?mov_w7_w1              0x0096b2         Code  Gb  vreg_util.o [4]
?mov_w7_w2              0x00968b         Code  Gb  vreg_util.o [4]
?move1616_v_x_y_a       0x00ae07         Code  Gb  move.o [4]
?mul16_x_x_w0           0x00ab8a         Code  Gb  short.o [4]
?mul32_l0_l0_0x         0x009378         Code  Gb  long.o [4]
?mul32_l0_l0_l1         0x009381         Code  Gb  long.o [4]
?pop_l0                 0x009612         Code  Gb  vreg_util.o [4]
?pop_l1                 0x00961d         Code  Gb  vreg_util.o [4]
?pop_l2                 0x009628         Code  Gb  vreg_util.o [4]
?pop_l3                 0x009633         Code  Gb  vreg_util.o [4]
?pop_w4                 0x0095c3         Code  Gb  vreg_util.o [4]
?pop_w6                 0x0095ca         Code  Gb  vreg_util.o [4]
?push_l0                0x0095dd         Code  Gb  vreg_util.o [4]
?push_l1                0x0095e2         Code  Gb  vreg_util.o [4]
?push_l2                0x0095e7         Code  Gb  vreg_util.o [4]
?push_l3                0x0095ec         Code  Gb  vreg_util.o [4]
?push_w4                0x0095a2         Code  Gb  vreg_util.o [4]
?push_w6                0x0095a7         Code  Gb  vreg_util.o [4]
?sext32_l0_x            0x00947d         Code  Gb  long.o [4]
?sll16_x_x_a            0x00aba8         Code  Gb  short.o [4]
?srl32_0x_0x_a          0x00946f         Code  Gb  long.o [4]
?srl32_l0_l0_a          0x00946c         Code  Gb  long.o [4]
?udiv32_l0_l0_l1        0x0093ff         Code  Gb  long.o [4]
?umod32_l1_l0_l1        0x0093ff         Code  Gb  long.o [4]
?w0                     0x000000         Data  Gb  vregs.o [4]
?w1                     0x000002         Data  Gb  vregs.o [4]
?w2                     0x000004         Data  Gb  vregs.o [4]
?w3                     0x000006         Data  Gb  vregs.o [4]
?w4                     0x000008         Data  Gb  vregs.o [4]
?w5                     0x00000a         Data  Gb  vregs.o [4]
?w6                     0x00000c         Data  Gb  vregs.o [4]
?w7                     0x00000e         Data  Gb  vregs.o [4]
ADC1_COMP_IRQHandler    0x00aea1    0x1  Code  Gb  stm8l15x_it.o [1]
AppState                0x0002ef    0x1  Data  Gb  main.o [1]
BeepInit                0x00adc6    0xd  Code  Gb  key.o [1]
CLK_GetClockFreq        0x00a0be   0x7e  Code  Gb  stm8l15x_clk.o [1]
CLK_GetSYSCLKSource     0x00ae72    0x4  Code  Gb  stm8l15x_clk.o [1]
CLK_HSICmd              0x00add3    0xd  Code  Gb  stm8l15x_clk.o [1]
CLK_HaltConfig          0x00ada2   0x13  Code  Gb  stm8l15x_clk.o [1]
CLK_PeripheralClockConfig
                        0x009e92   0x8f  Code  Gb  stm8l15x_clk.o [1]
CLK_SYSCLKDivConfig     0x00ae6e    0x4  Code  Gb  stm8l15x_clk.o [1]
CLK_SYSCLKSourceConfig  0x00ae6a    0x4  Code  Gb  stm8l15x_clk.o [1]
CLK_SYSCLKSourceSwitchCmd
                        0x00ade0    0xd  Code  Gb  stm8l15x_clk.o [1]
CSTACK$$Base            0x000700          --   Gb  - Linker created -
CSTACK$$Limit           0x000800          --   Gb  - Linker created -
CreateQueue             0x00abd4   0x21  Code  Gb  queue.o [1]
DMA1_CHANNEL0_1_IRQHandler
                        0x00ae97    0x1  Code  Gb  stm8l15x_it.o [1]
DMA1_CHANNEL2_3_IRQHandler
                        0x00ae98    0x1  Code  Gb  stm8l15x_it.o [1]
DeQueue                 0x00a55f   0x5a  Code  Gb  queue.o [1]
EXTI0_IRQHandler        0x00ae9b    0x1  Code  Gb  stm8l15x_it.o [1]
EXTI1_IRQHandler        0x00a756   0x4e  Code  Gb  stm8l15x_it.o [1]
EXTI2_IRQHandler        0x00a8ff   0x38  Code  Gb  stm8l15x_it.o [1]
EXTI3_IRQHandler        0x00ae9c    0x1  Code  Gb  stm8l15x_it.o [1]
EXTI4_IRQHandler        0x00ae9d    0x1  Code  Gb  stm8l15x_it.o [1]
EXTI5_IRQHandler        0x00ae9e    0x1  Code  Gb  stm8l15x_it.o [1]
EXTI6_IRQHandler        0x00a60f   0x54  Code  Gb  stm8l15x_it.o [1]
EXTI7_IRQHandler        0x00ae9f    0x1  Code  Gb  stm8l15x_it.o [1]
EXTIB_IRQHandler        0x00ae99    0x1  Code  Gb  stm8l15x_it.o [1]
EXTID_IRQHandler        0x00ae9a    0x1  Code  Gb  stm8l15x_it.o [1]
EXTIE_F_PVD_IRQHandler  0x00a9d6   0x31  Code  Gb  stm8l15x_it.o [1]
EXTI_ClearITPendingBit  0x00abf5   0x21  Code  Gb  stm8l15x_exti.o [1]
EXTI_GetITStatus        0x00acce   0x1c  Code  Gb  stm8l15x_exti.o [1]
EXTI_SetPinSensitivity  0x0096b9  0x110  Code  Gb  stm8l15x_exti.o [1]
EnQueue                 0x00a707   0x4f  Code  Gb  queue.o [1]
FLASH_IRQHandler        0x00ae96    0x1  Code  Gb  stm8l15x_it.o [1]
GBZK_GPIO_Config        0x00a7a4   0x4c  Code  Gb  LCD_ZK.o [1]
GPIO_Config             0x00a30b   0x6f  Code  Gb  key.o [1]
GPIO_Init               0x009b6a   0xae  Code  Gb  stm8l15x_gpio.o [1]
GPIO_ReadInputDataBit   0x00ae14    0xb  Code  Gb  stm8l15x_gpio.o [1]
GPIO_ResetBits          0x00ae76    0x4  Code  Gb  stm8l15x_gpio.o [1]
GPIO_SetBits            0x00ae86    0x3  Code  Gb  stm8l15x_gpio.o [1]
GPIO_ToggleBits         0x00ae89    0x3  Code  Gb  stm8l15x_gpio.o [1]
HEAP$$Base              0x0002f6          --   Gb  - Linker created -
HEAP$$Limit             0x00054e          --   Gb  - Linker created -
HelpMsg                 0x000017    0x2  Data  Gb  main.o [1]
I2C1_IRQHandler         0x00aea9    0x1  Code  Gb  stm8l15x_it.o [1]
INTVEC$$Base            0x008000          --   Gb  - Linker created -
INTVEC$$Limit           0x008080          --   Gb  - Linker created -
IsEmpty                 0x00ad8f   0x13  Code  Gb  queue.o [1]
IsFull                  0x00ad06   0x1b  Code  Gb  queue.o [1]
KeyRead                 0x00ae4a    0x6  Code  Gb  key.o [1]
LCD_IRQHandler          0x00aea0    0x1  Code  Gb  stm8l15x_it.o [1]
LEDInit                 0x00a9a2   0x34  Code  Gb  key.o [1]
LedF5                   0x0002f0    0x1  Data  Gb  main.o [1]
LowPower                0x0002f4    0x1  Data  Gb  main.o [1]
MyUart_Init             0x00a039   0x85  Code  Gb  uart.o [1]
OLED_Display_Off        0x009488   0x15  Code  Gb  LCD_ZK.o [1]
OLED_Display_On         0x00949d   0x15  Code  Gb  LCD_ZK.o [1]
PWR_FastWakeUpCmd       0x00aded    0xd  Code  Gb  stm8l15x_pwr.o [1]
PWR_GetFlagStatus       0x00aa37   0x2f  Code  Gb  stm8l15x_pwr.o [1]
PWR_PVDClearFlag        0x00ae56    0x5  Code  Gb  stm8l15x_pwr.o [1]
PWR_PVDGetITStatus      0x00ab63   0x27  Code  Gb  stm8l15x_pwr.o [1]
PWR_UltraLowPowerCmd    0x00adfa    0xd  Code  Gb  stm8l15x_pwr.o [1]
PowerMsg                0x000010    0x4  Data  Gb  main.o [1]
Power_charge            0x0002f3    0x1  Data  Gb  main.o [1]
Q                       0x000019  0x13c  Data  Gb  main.o [1]
Q_old                   0x000155  0x13c  Data  Gb  main.o [1]
RTC_IRQHandler          0x00ae7a    0x4  Code  Gb  stm8l15x_it.o [1]
ReadMsg                 0x000014    0x3  Data  Gb  main.o [1]
Region$$Table$$Base     0x0084dc          --   Gb  - Linker created -
Region$$Table$$Limit    0x0084f0          --   Gb  - Linker created -
SPI1_IRQHandler         0x00aea7    0x1  Code  Gb  stm8l15x_it.o [1]
SWITCH_CSS_BREAK_DAC_IRQHandler
                        0x00ae1f    0xa  Code  Gb  stm8l15x_it.o [1]
SYSDivFactor            0x0085da    0x5  Data  Gb  stm8l15x_clk.o [1]
TIM1_CAP_IRQHandler     0x00aea5    0x1  Code  Gb  stm8l15x_it.o [1]
TIM1_UPD_OVF_TRG_COM_IRQHandler
                        0x00aea4    0x1  Code  Gb  stm8l15x_it.o [1]
TIM2_ARRPreloadConfig   0x00aa66    0xd  Code  Gb  stm8l15x_tim2.o [1]
TIM2_CAP_IRQHandler     0x00aea2    0x1  Code  Gb  stm8l15x_it.o [1]
TIM2_ClearITPendingBit  0x00ae5b    0x5  Code  Gb  stm8l15x_tim2.o [1]
TIM2_Cmd                0x00aa86    0xd  Code  Gb  stm8l15x_tim2.o [1]
TIM2_Conut              0x0002e4    0x2  Data  Gb  stm8l15x_it.o [1]
TIM2_ITConfig           0x00aa73   0x13  Code  Gb  stm8l15x_tim2.o [1]
TIM2_Init               0x00ab12   0x29  Code  Gb  timer.o [1]
TIM2_TimeBaseInit       0x00aabe   0x2a  Code  Gb  stm8l15x_tim2.o [1]
TIM2_UPD_OVF_TRG_BRK_IRQHandler
                        0x009faf   0x8a  Code  Gb  stm8l15x_it.o [1]
TIM3_ARRPreloadConfig   0x00a8d2    0xd  Code  Gb  stm8l15x_tim3.o [1]
TIM3_CAP_IRQHandler     0x00aea3    0x1  Code  Gb  stm8l15x_it.o [1]
TIM3_ClearITPendingBit  0x00ae60    0x5  Code  Gb  stm8l15x_tim3.o [1]
TIM3_Cmd                0x00a8f2    0xd  Code  Gb  stm8l15x_tim3.o [1]
TIM3_Conut              0x0002e6    0x2  Data  Gb  stm8l15x_it.o [1]
TIM3_ITConfig           0x00a8df   0x13  Code  Gb  stm8l15x_tim3.o [1]
TIM3_Init               0x00aa07   0x30  Code  Gb  timer.o [1]
TIM3_SetCounter         0x00a8c3    0xf  Code  Gb  stm8l15x_tim3.o [1]
TIM3_TimeBaseInit       0x00aae8   0x2a  Code  Gb  stm8l15x_tim3.o [1]
TIM3_UPD_OVF_TRG_BRK_IRQHandler
                        0x00a663   0x53  Code  Gb  stm8l15x_it.o [1]
TIM4_UPD_OVF_TRG_IRQHandler
                        0x00aea6    0x1  Code  Gb  stm8l15x_it.o [1]
TRAP_IRQHandler         0x00ae95    0x1  Code  Gb  stm8l15x_it.o [1]
USART1_RX_IRQHandler    0x009cc3   0xa2  Code  Gb  stm8l15x_it.o [1]
USART1_TX_IRQHandler    0x00aea8    0x1  Code  Gb  stm8l15x_it.o [1]
USART_ClearITPendingBit
                        0x00ac37   0x20  Code  Gb  stm8l15x_usart.o [1]
USART_Cmd               0x00ac16   0x21  Code  Gb  stm8l15x_usart.o [1]
USART_GetITStatus       0x009c18   0xab  Code  Gb  stm8l15x_usart.o [1]
USART_ITConfig          0x009dfc   0x96  Code  Gb  stm8l15x_usart.o [1]
USART_Init              0x0099b2   0xe4  Code  Gb  stm8l15x_usart.o [1]
USART_RX_BUF            0x000291   0x40  Data  Gb  stm8l15x_it.o [1]
USART_RX_STA            0x0002e2    0x2  Data  Gb  stm8l15x_it.o [1]
USART_ReceiveData8      0x00ae8c    0x3  Code  Gb  stm8l15x_usart.o [1]
UartScan                0x009204  0x15c  Code  Gb  uart.o [1]
UartSendByte            0x00ae32    0x9  Code  Gb  uart.o [1]
_A_PA_ODR               0x005000    0x1  Data  Gb  beep.o [1]
__DebugBreak            0x00aeaa    0x1  Code  Gb  __dbg_break.o [3]
__exit                  0x00ad51   0x16  Code  Gb  __dbg_xxexit.o [3]
__iar_copy_init2        0x00ab3b         Code  Gb  init_small.o [4]
__iar_data_init2        0x00ac75   0x1e  Code  Gb  init.o [4]
__iar_program_start     0x00ad3a         Code  Gb  cstartup.o [4]
__iar_unhandled_exception
                        0x00ae92         Code  Gb  unhandled_exception.o [4]
__iar_zero_init2        0x00ac93         Code  Gb  init_small.o [4]
__intvec                0x008000         Data  Gb  interrupt.o [4]
__low_level_init        0x00ae8f    0x3  Code  Gb  low_level_init.o [4]
__near_Aldata           0x0002d5    0x4  Data  Gb  xxmemxmalloc.o [4]
__near_GetMemChunk      0x00ad21   0x19  Code  Gb  xgetmemchunk.o [4]
__near_findmem          0x00a29b   0x70  Code  Lc  xxmemxmalloc.o [4]
_exit                   0x00ae50         Code  Gb  cexit.o [4]
_interrupt_1            0x00ae95         Code  Gb  stm8l15x_it.o [1]
_interrupt_10           0x00ae9b         Code  Gb  stm8l15x_it.o [1]
_interrupt_11           0x00a756         Code  Gb  stm8l15x_it.o [1]
_interrupt_12           0x00a8ff         Code  Gb  stm8l15x_it.o [1]
_interrupt_13           0x00ae9c         Code  Gb  stm8l15x_it.o [1]
_interrupt_14           0x00ae9d         Code  Gb  stm8l15x_it.o [1]
_interrupt_15           0x00ae9e         Code  Gb  stm8l15x_it.o [1]
_interrupt_16           0x00a60f         Code  Gb  stm8l15x_it.o [1]
_interrupt_17           0x00ae9f         Code  Gb  stm8l15x_it.o [1]
_interrupt_18           0x00aea0         Code  Gb  stm8l15x_it.o [1]
_interrupt_19           0x00ae1f         Code  Gb  stm8l15x_it.o [1]
_interrupt_20           0x00aea1         Code  Gb  stm8l15x_it.o [1]
_interrupt_21           0x009faf         Code  Gb  stm8l15x_it.o [1]
_interrupt_22           0x00aea2         Code  Gb  stm8l15x_it.o [1]
_interrupt_23           0x00a663         Code  Gb  stm8l15x_it.o [1]
_interrupt_24           0x00aea3         Code  Gb  stm8l15x_it.o [1]
_interrupt_25           0x00aea4         Code  Gb  stm8l15x_it.o [1]
_interrupt_26           0x00aea5         Code  Gb  stm8l15x_it.o [1]
_interrupt_27           0x00aea6         Code  Gb  stm8l15x_it.o [1]
_interrupt_28           0x00aea7         Code  Gb  stm8l15x_it.o [1]
_interrupt_29           0x00aea8         Code  Gb  stm8l15x_it.o [1]
_interrupt_3            0x00ae96         Code  Gb  stm8l15x_it.o [1]
_interrupt_30           0x009cc3         Code  Gb  stm8l15x_it.o [1]
_interrupt_31           0x00aea9         Code  Gb  stm8l15x_it.o [1]
_interrupt_4            0x00ae97         Code  Gb  stm8l15x_it.o [1]
_interrupt_5            0x00ae98         Code  Gb  stm8l15x_it.o [1]
_interrupt_6            0x00ae7a         Code  Gb  stm8l15x_it.o [1]
_interrupt_7            0x00a9d6         Code  Gb  stm8l15x_it.o [1]
_interrupt_8            0x00ae99         Code  Gb  stm8l15x_it.o [1]
_interrupt_9            0x00ae9a         Code  Gb  stm8l15x_it.o [1]
_putc                   0x00a7f0   0x48  Code  Lc  mini-printf.o [1]
_puts                   0x009f21   0x8e  Code  Lc  mini-printf.o [1]
beep                    0x0002f1    0x1  Data  Gb  main.o [1]
beep_delay              0x00ae29    0x9  Code  Gb  beep.o [1]
bmp1                    0x008080  0x400  Data  Gb  LCD_ZK.o [1]
clear_screen            0x00a4a5   0x60  Code  Gb  LCD_ZK.o [1]
delay                   0x00ad7c   0x13  Code  Gb  LCD_ZK.o [1]
delayms                 0x00aa93   0x2b  Code  Gb  sysclk.o [1]
delayus                 0x00ae65    0x5  Code  Gb  sysclk.o [1]
display_128x64          0x00a505   0x5a  Code  Gb  LCD_ZK.o [1]
display_GB2312_string   0x008d1d  0x341  Code  Gb  LCD_ZK.o [1]
display_graphic_16x16   0x00a22b   0x70  Code  Gb  LCD_ZK.o [1]
display_graphic_8x16    0x00a37a   0x65  Code  Gb  LCD_ZK.o [1]
exit                    0x00ae82    0x4  Code  Gb  exit.o [4]
fontaddr                0x0002d1    0x4  Data  Gb  LCD_ZK.o [1]
free                    0x009a96   0xd4  Code  Gb  xxmemxfree.o [4]
gUartSendStr            0x0002d9    0x3  Data  Gb  mini-printf.o [1]
get_data_from_ROM       0x00a5b9   0x56  Code  Lc  LCD_ZK.o [1]
get_n_bytes_data_from_ROM
                        0x00a1b4   0x77  Code  Gb  LCD_ZK.o [1]
get_pack                0x00a838   0x46  Code  Gb  queue.o [1]
initial_lcd             0x0098cc   0xe6  Code  Gb  LCD_ZK.o [1]
keyPassValue            0x0002f2    0x1  Data  Gb  main.o [1]
keyScan                 0x00a3df   0x63  Code  Gb  key.o [1]
keyScan2                0x00a442   0x63  Code  Gb  key.o [1]
lcd_address             0x00a937   0x37  Code  Gb  LCD_ZK.o [1]
led_on                  0x0002ee    0x1  Data  Gb  main.o [1]
main                    0x0085e8  0x735  Code  Gb  main.o [1]
malloc                  0x009d65   0x97  Code  Gb  xxmemxmalloc.o [4]
memset                  0x00ad67   0x15  Code  Gb  memset.o [4]
mini_itoa               0x0097c9  0x103  Code  Lc  mini-printf.o [1]
mini_sprint             0x00905e    0xe  Code  Gb  mini-printf.o [1]
mini_strlen             0x00adb5   0x11  Code  Lc  mini-printf.o [1]
mini_vsnprintf          0x00906c  0x198  Code  Gb  mini-printf.o [1]
num                     0x0002f5    0x1  Data  Gb  uart.o [1]
num_l                   0x0002ed    0x1  Data  Gb  main.o [1]
num_r                   0x0002ec    0x1  Data  Gb  main.o [1]
print_init_module       0x00ae43    0x7  Code  Gb  mini-printf.o [1]
screen_off_cnt          0x0002e0    0x2  Data  Gb  main.o [1]
send_command_to_ROM     0x00a6b6   0x51  Code  Gb  LCD_ZK.o [1]
set_pack                0x00a13c   0x78  Code  Gb  queue.o [1]
size_queue              0x00ac57   0x1e  Code  Gb  queue.o [1]
sound2                  0x00a96e   0x34  Code  Gb  beep.o [1]
transfer_command_lcd    0x00952a   0x78  Code  Gb  LCD_ZK.o [1]
transfer_data_lcd       0x0094b2   0x78  Code  Gb  LCD_ZK.o [1]
uart_txarr              0x00a87e   0x45  Code  Gb  uart.o [1]
uart_txstring           0x00acb1   0x1d  Code  Gb  uart.o [1]


[1] = C:\Users\xs\Desktop\stm8_uart_oled--newKey\Debug\Obj
[2] = command line
[3] = dbgstm8mmd.a
[4] = dlstm8mmn.a

  10 435 bytes of readonly  code memory
   1 512 bytes of readonly  data memory
   1 614 bytes of readwrite data memory (+ 1 absolute)

Errors: none
Warnings: none
